 sql_addon

 Timestamp is 587dacde (Tue Jan 17 13:34:22 2017)

 Preferred load address is 10000000

 Start         Length     Name                   Class
 0001:00000000 00000040H .text$di                CODE
 0001:00000040 0001d5c0H .text$mn                CODE
 0001:0001d600 00000011H .text$yd                CODE
 0002:00000000 000002f8H .idata$5                DATA
 0002:000002f8 00000004H .00cfg                  DATA
 0002:000002fc 00000004H .CRT$XCA                DATA
 0002:00000300 0000000cH .CRT$XCU                DATA
 0002:0000030c 00000004H .CRT$XCZ                DATA
 0002:00000310 00000004H .CRT$XIA                DATA
 0002:00000314 0000000cH .CRT$XIC                DATA
 0002:00000320 00000004H .CRT$XIZ                DATA
 0002:00000324 00000004H .CRT$XPA                DATA
 0002:00000328 00000008H .CRT$XPX                DATA
 0002:00000330 00000004H .CRT$XPXA               DATA
 0002:00000334 00000004H .CRT$XPZ                DATA
 0002:00000338 00000004H .CRT$XTA                DATA
 0002:0000033c 00000004H .CRT$XTZ                DATA
 0002:00000340 000067a4H .rdata                  DATA
 0002:00006ae4 0000021cH .rdata$r                DATA
 0002:00006d00 0000000cH .rdata$sxdata           DATA
 0002:00006d0c 00000358H .rdata$zzzdbg           DATA
 0002:00007064 00000004H .rtc$IAA                DATA
 0002:00007068 00000004H .rtc$IZZ                DATA
 0002:0000706c 00000004H .rtc$TAA                DATA
 0002:00007070 00000008H .rtc$TZZ                DATA
 0002:00007078 00000538H .xdata$x                DATA
 0002:000075b0 0000005cH .edata                  DATA
 0002:0000760c 0000003cH .idata$2                DATA
 0002:00007648 00000014H .idata$3                DATA
 0002:0000765c 000002f8H .idata$4                DATA
 0002:00007954 00001d0aH .idata$6                DATA
 0003:00000000 000007c0H .data                   DATA
 0003:000007c0 000000d8H .data$r                 DATA
 0003:00000898 00000a2cH .bss                    DATA
 0004:00000000 00000090H .gfids$x                DATA
 0004:00000090 00000070H .gfids$y                DATA
 0005:00000000 00000060H .rsrc$01                DATA
 0005:00000060 00000180H .rsrc$02                DATA

  Address         Publics by Value              Rva+Base       Lib:Object

 0000:00000000       ___guard_fids_count        00000000     <absolute>
 0000:00000000       ___guard_longjmp_count     00000000     <absolute>
 0000:00000000       __except_list              00000000     <absolute>
 0000:00000000       ___guard_longjmp_table     00000000     <absolute>
 0000:00000000       ___guard_iat_table         00000000     <absolute>
 0000:00000000       ___guard_iat_count         00000000     <absolute>
 0000:00000000       ___guard_fids_table        00000000     <absolute>
 0000:00000000       ___dynamic_value_reloc_table 00000000     <absolute>
 0000:00000003       ___safe_se_handler_count   00000003     <absolute>
 0000:00000100       ___guard_flags             00000100     <absolute>
 0000:00000000       ___ImageBase               10000000     <linker-defined>
 0001:000001b0       ?Get@Nan@@YA?AV?$MaybeLocal@VValue@v8@@@v8@@V?$Local@VObject@v8@@@3@V?$Local@VValue@v8@@@3@@Z 100011b0 f i database.obj
 0001:000001e0       ?New@?$Factory@VFunctionTemplate@v8@@@imp@Nan@@SA?AV?$Local@VFunctionTemplate@v8@@@v8@@P6AXABV?$FunctionCallbackInfo@VValue@v8@@@3@@ZV?$Local@VValue@v8@@@5@V?$Local@VSignature@v8@@@5@@Z 100011e0 f i database.obj
 0001:00000310       ?New@Nan@@YA?AV?$Local@VInt32@v8@@@v8@@H@Z 10001310 f i database.obj
 0001:00000370       ?ThrowError@Nan@@YAXPBD@Z  10001370 f i database.obj
 0001:000003f0       ?ThrowTypeError@Nan@@YAXPBD@Z 100013f0 f i database.obj
 0001:00000470       ??0Utf8String@Nan@@QAE@V?$Local@VValue@v8@@@v8@@@Z 10001470 f i database.obj
 0001:00000520       ?SetPrototypeMethod@Nan@@YAXV?$Local@VFunctionTemplate@v8@@@v8@@PBDP6AXABV?$FunctionCallbackInfo@VValue@v8@@@1@@Z@Z 10001520 f i database.obj
 0001:000005d0       ?SetAccessor@Nan@@YAXV?$Local@VObjectTemplate@v8@@@v8@@V?$Local@VString@v8@@@3@P6AX1ABV?$PropertyCallbackInfo@VValue@v8@@@1@@ZP6AX1V?$Local@VValue@v8@@@3@ABV?$PropertyCallbackInfo@X@1@@Z4W4AccessControl@3@W4PropertyAttribute@3@V?$Local@VAccessorSignature@v8@@@3@@Z 100015d0 f i database.obj
 0001:000006b0       ?handle@ObjectWrap@Nan@@QBE?AV?$Local@VObject@v8@@@v8@@XZ 100016b0 f i database.obj
 0001:000006f0       ?Wrap@ObjectWrap@Nan@@IAEXV?$Local@VObject@v8@@@v8@@@Z 100016f0 f i database.obj
 0001:000007a0       ?Ref@ObjectWrap@Nan@@MAEXXZ 100017a0 f i database.obj
 0001:000007d0       ?Unref@ObjectWrap@Nan@@MAEXXZ 100017d0 f i database.obj
 0001:00000860       ?WeakCallback@ObjectWrap@Nan@@CAXABV?$WeakCallbackInfo@VObjectWrap@Nan@@@v8@@@Z 10001860 f i database.obj
 0001:000008d0       ??_GObjectWrap@Nan@@UAEPAXI@Z 100018d0 f i database.obj
 0001:000008d0       ??_EObjectWrap@Nan@@UAEPAXI@Z 100018d0 f i * CIL library *:* CIL module *
 0001:00000950       ??0Baton@Database@node_sqlite3@@QAE@PAV12@V?$Local@VFunction@v8@@@v8@@@Z 10001950 f i database.obj
 0001:00000a10       ??0OpenBaton@Database@node_sqlite3@@QAE@PAV12@V?$Local@VFunction@v8@@@v8@@PBDH@Z 10001a10 f i database.obj
 0001:00000aa0       ??0ExecBaton@Database@node_sqlite3@@QAE@PAV12@V?$Local@VFunction@v8@@@v8@@PBD@Z 10001aa0 f i database.obj
 0001:00000b20       ??0LoadExtensionBaton@Database@node_sqlite3@@QAE@PAV12@V?$Local@VFunction@v8@@@v8@@PBD@Z 10001b20 f i database.obj
 0001:00000bb0       ??0Database@node_sqlite3@@IAE@XZ 10001bb0 f i database.obj
 0001:00000c50       ??1Database@node_sqlite3@@MAE@XZ 10001c50 f i database.obj
 0001:00000d30       ??_GBaton@Database@node_sqlite3@@UAEPAXI@Z 10001d30 f i database.obj
 0001:00000d30       ??_EBaton@Database@node_sqlite3@@UAEPAXI@Z 10001d30 f i * CIL library *:* CIL module *
 0001:00000d80       ??_GOpenBaton@Database@node_sqlite3@@UAEPAXI@Z 10001d80 f i database.obj
 0001:00000d80       ??_EOpenBaton@Database@node_sqlite3@@UAEPAXI@Z 10001d80 f i * CIL library *:* CIL module *
 0001:00000df0       ??_EExecBaton@Database@node_sqlite3@@UAEPAXI@Z 10001df0 f i * CIL library *:* CIL module *
 0001:00000df0       ??_GExecBaton@Database@node_sqlite3@@UAEPAXI@Z 10001df0 f i database.obj
 0001:00000e50       ??_ELoadExtensionBaton@Database@node_sqlite3@@UAEPAXI@Z 10001e50 f i * CIL library *:* CIL module *
 0001:00000e50       ??_GLoadExtensionBaton@Database@node_sqlite3@@UAEPAXI@Z 10001e50 f i database.obj
 0001:00000ec0       ??_GDatabase@node_sqlite3@@MAEPAXI@Z 10001ec0 f i database.obj
 0001:00000ec0       ??_EDatabase@node_sqlite3@@MAEPAXI@Z 10001ec0 f i * CIL library *:* CIL module *
 0001:00000ee0       ?Init@Database@node_sqlite3@@SAXV?$Local@VObject@v8@@@v8@@@Z 10001ee0 f   database.obj
 0001:00001120       ?Process@Database@node_sqlite3@@IAEXXZ 10002120 f   database.obj
 0001:00001540       ?Schedule@Database@node_sqlite3@@IAEXP6AXPAUBaton@12@@Z0_N@Z 10002540 f   database.obj
 0001:000018e0       ?New@Database@node_sqlite3@@KAXABV?$FunctionCallbackInfo@VValue@v8@@@Nan@@@Z 100028e0 f   database.obj
 0001:00001bb0       ?Work_Open@Database@node_sqlite3@@KAXPAUuv_work_s@@@Z 10002bb0 f   database.obj
 0001:00001cd0       ?Work_AfterOpen@Database@node_sqlite3@@KAXPAUuv_work_s@@@Z 10002cd0 f   database.obj
 0001:00002180       ?OpenGetter@Database@node_sqlite3@@KAXV?$Local@VString@v8@@@v8@@ABV?$PropertyCallbackInfo@VValue@v8@@@Nan@@@Z 10003180 f   database.obj
 0001:000021c0       ?Close@Database@node_sqlite3@@KAXABV?$FunctionCallbackInfo@VValue@v8@@@Nan@@@Z 100031c0 f   database.obj
 0001:00002290       ?Work_BeginClose@Database@node_sqlite3@@KAXPAUBaton@12@@Z 10003290 f   database.obj
 0001:000023b0       ?Work_Close@Database@node_sqlite3@@KAXPAUuv_work_s@@@Z 100033b0 f   database.obj
 0001:00002470       ?Work_AfterClose@Database@node_sqlite3@@KAXPAUuv_work_s@@@Z 10003470 f   database.obj
 0001:00002920       ?Serialize@Database@node_sqlite3@@KAXABV?$FunctionCallbackInfo@VValue@v8@@@Nan@@@Z 10003920 f   database.obj
 0001:00002a20       ?Parallelize@Database@node_sqlite3@@KAXABV?$FunctionCallbackInfo@VValue@v8@@@Nan@@@Z 10003a20 f   database.obj
 0001:00002b20       ?Configure@Database@node_sqlite3@@KAXABV?$FunctionCallbackInfo@VValue@v8@@@Nan@@@Z 10003b20 f   database.obj
 0001:00002e90       ?Interrupt@Database@node_sqlite3@@KAXABV?$FunctionCallbackInfo@VValue@v8@@@Nan@@@Z 10003e90 f   database.obj
 0001:00002ef0       ?SetBusyTimeout@Database@node_sqlite3@@KAXPAUBaton@12@@Z 10003ef0 f   database.obj
 0001:00002f60       ?RegisterTraceCallback@Database@node_sqlite3@@KAXPAUBaton@12@@Z 10003f60 f   database.obj
 0001:00003070       ?TraceCallback@Database@node_sqlite3@@KAXPAXPBD@Z 10004070 f   database.obj
 0001:000030d0       ?TraceCallback@Database@node_sqlite3@@KAXPAV12@PAV?$basic_string@DU?$char_traits@D@std@@V?$allocator@D@2@@std@@@Z 100040d0 f   database.obj
 0001:00003230       ?RegisterProfileCallback@Database@node_sqlite3@@KAXPAUBaton@12@@Z 10004230 f   database.obj
 0001:00003340       ?ProfileCallback@Database@node_sqlite3@@KAXPAXPBD_K@Z 10004340 f   database.obj
 0001:00003410       ?ProfileCallback@Database@node_sqlite3@@KAXPAV12@PAUProfileInfo@12@@Z 10004410 f   database.obj
 0001:000035d0       ?Exec@Database@node_sqlite3@@KAXABV?$FunctionCallbackInfo@VValue@v8@@@Nan@@@Z 100045d0 f   database.obj
 0001:00003770       ?Work_BeginExec@Database@node_sqlite3@@KAXPAUBaton@12@@Z 10004770 f   database.obj
 0001:00003830       ?Work_Exec@Database@node_sqlite3@@KAXPAUuv_work_s@@@Z 10004830 f   database.obj
 0001:00003900       ?Work_AfterLoadExtension@Database@node_sqlite3@@KAXPAUuv_work_s@@@Z 10004900 f   database.obj
 0001:00003900       ?Work_AfterExec@Database@node_sqlite3@@KAXPAUuv_work_s@@@Z 10004900 f   database.obj
 0001:00003d10       ?Wait@Database@node_sqlite3@@KAXABV?$FunctionCallbackInfo@VValue@v8@@@Nan@@@Z 10004d10 f   database.obj
 0001:00003de0       ?Work_Wait@Database@node_sqlite3@@KAXPAUBaton@12@@Z 10004de0 f   database.obj
 0001:00003f10       ?LoadExtension@Database@node_sqlite3@@KAXABV?$FunctionCallbackInfo@VValue@v8@@@Nan@@@Z 10004f10 f   database.obj
 0001:000040b0       ?Work_BeginLoadExtension@Database@node_sqlite3@@KAXPAUBaton@12@@Z 100050b0 f   database.obj
 0001:00004170       ?Work_LoadExtension@Database@node_sqlite3@@KAXPAUuv_work_s@@@Z 10005170 f   database.obj
 0001:00004250       ??A?$FunctionCallbackInfo@VValue@v8@@@Nan@@QBE?AV?$Local@VValue@v8@@@v8@@H@Z 10005250 f i database.obj
 0001:00004290       ??1?$basic_string@DU?$char_traits@D@std@@V?$allocator@D@2@@std@@QAE@XZ 10005290 f i database.obj
 0001:00004300       ??4?$basic_string@DU?$char_traits@D@std@@V?$allocator@D@2@@std@@QAEAAV01@$$QAV01@@Z 10005300 f i database.obj
 0001:000043a0       ??0?$basic_string@DU?$char_traits@D@std@@V?$allocator@D@2@@std@@QAE@PBD@Z 100053a0 f i database.obj
 0001:000043f0       ?_Tidy@?$deque@PAUCall@Statement@node_sqlite3@@V?$allocator@PAUCall@Statement@node_sqlite3@@@std@@@std@@IAEXXZ 100053f0 f i statement.obj
 0001:000043f0       ?_Tidy@?$deque@PAUCall@Database@node_sqlite3@@V?$allocator@PAUCall@Database@node_sqlite3@@@std@@@std@@IAEXXZ 100053f0 f i database.obj
 0001:000044b0       ?push_back@?$deque@PAUCall@Statement@node_sqlite3@@V?$allocator@PAUCall@Statement@node_sqlite3@@@std@@@std@@QAEX$$QAPAUCall@Statement@node_sqlite3@@@Z 100054b0 f i statement.obj
 0001:000044b0       ?push_back@?$deque@PAUCall@Database@node_sqlite3@@V?$allocator@PAUCall@Database@node_sqlite3@@@std@@@std@@QAEX$$QAPAUCall@Database@node_sqlite3@@@Z 100054b0 f i database.obj
 0001:00004540       ?add@?$Async@UProfileInfo@Database@node_sqlite3@@V23@@@QAEXPAUProfileInfo@Database@node_sqlite3@@@Z 10005540 f i database.obj
 0001:00004540       ?add@?$Async@V?$basic_string@DU?$char_traits@D@std@@V?$allocator@D@2@@std@@VDatabase@node_sqlite3@@@@QAEXPAV?$basic_string@DU?$char_traits@D@std@@V?$allocator@D@2@@std@@@Z 10005540 f i database.obj
 0001:000045d0       ?close@?$Async@V?$basic_string@DU?$char_traits@D@std@@V?$allocator@D@2@@std@@VDatabase@node_sqlite3@@@@SAXPAUuv_handle_s@@@Z 100055d0 f i database.obj
 0001:000045d0       ?close@?$Async@UProfileInfo@Database@node_sqlite3@@V23@@@SAXPAUuv_handle_s@@@Z 100055d0 f i database.obj
 0001:00004630       ?listener@?$Async@UProfileInfo@Database@node_sqlite3@@V23@@@SAXPAUuv_async_s@@H@Z 10005630 f i database.obj
 0001:00004630       ?listener@?$Async@V?$basic_string@DU?$char_traits@D@std@@V?$allocator@D@2@@std@@VDatabase@node_sqlite3@@@@SAXPAUuv_async_s@@H@Z 10005630 f i database.obj
 0001:00004730       ?assign@?$basic_string@DU?$char_traits@D@std@@V?$allocator@D@2@@std@@QAEAAV12@PBDI@Z 10005730 f i database.obj
 0001:00004830       ?assign@?$basic_string@DU?$char_traits@D@std@@V?$allocator@D@2@@std@@QAEAAV12@ABV12@II@Z 10005830 f i database.obj
 0001:00004940       ?_Assign_rv@?$basic_string@DU?$char_traits@D@std@@V?$allocator@D@2@@std@@QAEX$$QAV12@@Z 10005940 f i database.obj
 0001:000049b0       ?_Tidy@?$vector@PAV?$vector@PAUField@Values@node_sqlite3@@V?$allocator@PAUField@Values@node_sqlite3@@@std@@@std@@V?$allocator@PAV?$vector@PAUField@Values@node_sqlite3@@V?$allocator@PAUField@Values@node_sqlite3@@@std@@@std@@@2@@std@@IAEXXZ 100059b0 f i statement.obj
 0001:000049b0       ?_Tidy@?$vector@PAUField@Values@node_sqlite3@@V?$allocator@PAUField@Values@node_sqlite3@@@std@@@std@@IAEXXZ 100059b0 f i statement.obj
 0001:000049b0       ?_Tidy@?$vector@PAV?$basic_string@DU?$char_traits@D@std@@V?$allocator@D@2@@std@@V?$allocator@PAV?$basic_string@DU?$char_traits@D@std@@V?$allocator@D@2@@std@@@2@@std@@IAEXXZ 100059b0 f i database.obj
 0001:000049b0       ?_Tidy@?$vector@PAUProfileInfo@Database@node_sqlite3@@V?$allocator@PAUProfileInfo@Database@node_sqlite3@@@std@@@std@@IAEXXZ 100059b0 f i database.obj
 0001:00004a30       ?deallocate@?$_Wrap_alloc@V?$allocator@PAPAUCall@Statement@node_sqlite3@@@std@@@std@@QAEXPAPAPAUCall@Statement@node_sqlite3@@I@Z 10005a30 f i statement.obj
 0001:00004a30       ?deallocate@?$_Wrap_alloc@V?$allocator@PAPAUCall@Database@node_sqlite3@@@std@@@std@@QAEXPAPAPAUCall@Database@node_sqlite3@@I@Z 10005a30 f i database.obj
 0001:00004a90       ?_Growmap@?$deque@PAUCall@Statement@node_sqlite3@@V?$allocator@PAUCall@Statement@node_sqlite3@@@std@@@std@@IAEXI@Z 10005a90 f i statement.obj
 0001:00004a90       ?_Growmap@?$deque@PAUCall@Database@node_sqlite3@@V?$allocator@PAUCall@Database@node_sqlite3@@@std@@@std@@IAEXI@Z 10005a90 f i database.obj
 0001:00004c10       ?erase@?$basic_string@DU?$char_traits@D@std@@V?$allocator@D@2@@std@@QAEAAV12@II@Z 10005c10 f i database.obj
 0001:00004cb0       ?_Reserve@?$vector@PAUProfileInfo@Database@node_sqlite3@@V?$allocator@PAUProfileInfo@Database@node_sqlite3@@@std@@@std@@IAEXI@Z 10005cb0 f i database.obj
 0001:00004cb0       ?_Reserve@?$vector@PAUField@Values@node_sqlite3@@V?$allocator@PAUField@Values@node_sqlite3@@@std@@@std@@IAEXI@Z 10005cb0 f i statement.obj
 0001:00004cb0       ?_Reserve@?$vector@PAV?$basic_string@DU?$char_traits@D@std@@V?$allocator@D@2@@std@@V?$allocator@PAV?$basic_string@DU?$char_traits@D@std@@V?$allocator@D@2@@std@@@2@@std@@IAEXI@Z 10005cb0 f i database.obj
 0001:00004d10       ?_Copy@?$basic_string@DU?$char_traits@D@std@@V?$allocator@D@2@@std@@QAEXII@Z 10005d10 f i database.obj
 0001:00004e40       ?_Reallocate@?$vector@PAUField@Values@node_sqlite3@@V?$allocator@PAUField@Values@node_sqlite3@@@std@@@std@@IAEXI@Z 10005e40 f i statement.obj
 0001:00004e40       ?_Reallocate@?$vector@PAV?$vector@PAUField@Values@node_sqlite3@@V?$allocator@PAUField@Values@node_sqlite3@@@std@@@std@@V?$allocator@PAV?$vector@PAUField@Values@node_sqlite3@@V?$allocator@PAUField@Values@node_sqlite3@@@std@@@std@@@2@@std@@IAEXI@Z 10005e40 f i statement.obj
 0001:00004e40       ?_Reallocate@?$vector@PAV?$basic_string@DU?$char_traits@D@std@@V?$allocator@D@2@@std@@V?$allocator@PAV?$basic_string@DU?$char_traits@D@std@@V?$allocator@D@2@@std@@@2@@std@@IAEXI@Z 10005e40 f i database.obj
 0001:00004e40       ?_Reallocate@?$vector@PAUProfileInfo@Database@node_sqlite3@@V?$allocator@PAUProfileInfo@Database@node_sqlite3@@@std@@@std@@IAEXI@Z 10005e40 f i database.obj
 0001:00004f30       ??$To@H@Nan@@YA?AV?$Maybe@H@v8@@V?$Local@VValue@v8@@@2@@Z 10005f30 f i database.obj
 0001:00004f60       ??$Unwrap@VStatement@node_sqlite3@@@ObjectWrap@Nan@@SAPAVStatement@node_sqlite3@@V?$Local@VObject@v8@@@v8@@@Z 10005f60 f i statement.obj
 0001:00004f60       ??$Unwrap@VDatabase@node_sqlite3@@@ObjectWrap@Nan@@SAPAVDatabase@node_sqlite3@@V?$Local@VObject@v8@@@v8@@@Z 10005f60 f i database.obj
 0001:000063d0       ?sqlite_code_string@@YAPBDH@Z 100073d0 f   node_sqlite3.obj
 0001:00006590       ??$New@VInteger@v8@@H@Nan@@YA?AV?$Local@VInteger@v8@@@v8@@H@Z 10007590 f i node_sqlite3.obj
 0001:000065f0       ?Get@Nan@@YA?AV?$MaybeLocal@VValue@v8@@@v8@@V?$Local@VObject@v8@@@3@I@Z 100075f0 f i statement.obj
 0001:00006620       ?GetPropertyNames@Nan@@YA?AV?$MaybeLocal@VArray@v8@@@v8@@V?$Local@VObject@v8@@@3@@Z 10007620 f i statement.obj
 0001:00006650       ?HasInstance@Database@node_sqlite3@@SA_NV?$Local@VValue@v8@@@v8@@@Z 10007650 f i statement.obj
 0001:000066d0       ??0Field@Values@node_sqlite3@@QAE@GG@Z 100076d0 f i statement.obj
 0001:00006700       ??0Field@Values@node_sqlite3@@QAE@PBDG@Z 10007700 f i statement.obj
 0001:00006760       ??0Baton@Statement@node_sqlite3@@QAE@PAV12@V?$Local@VFunction@v8@@@v8@@@Z 10007760 f i statement.obj
 0001:00006810       ??1Baton@Statement@node_sqlite3@@UAE@XZ 10007810 f i statement.obj
 0001:00006950       ??0PrepareBaton@Statement@node_sqlite3@@QAE@PAVDatabase@2@V?$Local@VFunction@v8@@@v8@@PAV12@@Z 10007950 f i statement.obj
 0001:000069e0       ??1PrepareBaton@Statement@node_sqlite3@@UAE@XZ 100079e0 f i statement.obj
 0001:00006a50       ??0Async@Statement@node_sqlite3@@QAE@PAV12@P6AXPAUuv_async_s@@@Z@Z 10007a50 f i statement.obj
 0001:00006b10       ??0Statement@node_sqlite3@@QAE@PAVDatabase@1@@Z 10007b10 f i statement.obj
 0001:00006bf0       ??1Statement@node_sqlite3@@UAE@XZ 10007bf0 f i statement.obj
 0001:00006cb0       ??_GBaton@Statement@node_sqlite3@@UAEPAXI@Z 10007cb0 f i statement.obj
 0001:00006cb0       ??_EBaton@Statement@node_sqlite3@@UAEPAXI@Z 10007cb0 f i * CIL library *:* CIL module *
 0001:00006cd0       ??_GRowBaton@Statement@node_sqlite3@@UAEPAXI@Z 10007cd0 f i statement.obj
 0001:00006cd0       ??_GRowsBaton@Statement@node_sqlite3@@UAEPAXI@Z 10007cd0 f i statement.obj
 0001:00006cd0       ??_ERowBaton@Statement@node_sqlite3@@UAEPAXI@Z 10007cd0 f i * CIL library *:* CIL module *
 0001:00006cd0       ??_ERowsBaton@Statement@node_sqlite3@@UAEPAXI@Z 10007cd0 f i * CIL library *:* CIL module *
 0001:00006d00       ??_GRunBaton@Statement@node_sqlite3@@UAEPAXI@Z 10007d00 f i statement.obj
 0001:00006d00       ??_ERunBaton@Statement@node_sqlite3@@UAEPAXI@Z 10007d00 f i * CIL library *:* CIL module *
 0001:00006d30       ??_EEachBaton@Statement@node_sqlite3@@UAEPAXI@Z 10007d30 f i * CIL library *:* CIL module *
 0001:00006d30       ??_GEachBaton@Statement@node_sqlite3@@UAEPAXI@Z 10007d30 f i statement.obj
 0001:00006d70       ??_EPrepareBaton@Statement@node_sqlite3@@UAEPAXI@Z 10007d70 f i * CIL library *:* CIL module *
 0001:00006d70       ??_GPrepareBaton@Statement@node_sqlite3@@UAEPAXI@Z 10007d70 f i statement.obj
 0001:00006da0       ??_GStatement@node_sqlite3@@UAEPAXI@Z 10007da0 f i statement.obj
 0001:00006da0       ??_EStatement@node_sqlite3@@UAEPAXI@Z 10007da0 f i * CIL library *:* CIL module *
 0001:00006dc0       ?Init@Statement@node_sqlite3@@SAXV?$Local@VObject@v8@@@v8@@@Z 10007dc0 f   statement.obj
 0001:00006fb0       ?Process@Statement@node_sqlite3@@IAEXXZ 10007fb0 f   statement.obj
 0001:00007030       ?Schedule@Statement@node_sqlite3@@IAEXP6AXPAUBaton@12@@Z0@Z 10008030 f   statement.obj
 0001:000070c0       ?New@Statement@node_sqlite3@@SAXABV?$FunctionCallbackInfo@VValue@v8@@@Nan@@@Z 100080c0 f   statement.obj
 0001:00007380       ?Work_BeginPrepare@Statement@node_sqlite3@@KAXPAUBaton@Database@2@@Z 10008380 f   statement.obj
 0001:000073e0       ?Work_Prepare@Statement@node_sqlite3@@KAXPAUuv_work_s@@@Z 100083e0 f   statement.obj
 0001:000074d0       ?Work_AfterPrepare@Statement@node_sqlite3@@KAXPAUuv_work_s@@@Z 100084d0 f   statement.obj
 0001:00007620       ?Bind@Statement@node_sqlite3@@IAE_NABV?$vector@PAUField@Values@node_sqlite3@@V?$allocator@PAUField@Values@node_sqlite3@@@std@@@std@@@Z 10008620 f   statement.obj
 0001:00007800       ?Bind@Statement@node_sqlite3@@SAXABV?$FunctionCallbackInfo@VValue@v8@@@Nan@@@Z 10008800 f   statement.obj
 0001:00007860       ?Work_BeginBind@Statement@node_sqlite3@@SAXPAUBaton@12@@Z 10008860 f   statement.obj
 0001:00007950       ?Work_Bind@Statement@node_sqlite3@@SAXPAUuv_work_s@@@Z 10008950 f   statement.obj
 0001:00007990       ?Work_AfterBind@Statement@node_sqlite3@@SAXPAUuv_work_s@@@Z 10008990 f   statement.obj
 0001:00007aa0       ?Get@Statement@node_sqlite3@@SAXABV?$FunctionCallbackInfo@VValue@v8@@@Nan@@@Z 10008aa0 f   statement.obj
 0001:00007b00       ?Work_BeginGet@Statement@node_sqlite3@@SAXPAUBaton@12@@Z 10008b00 f   statement.obj
 0001:00007bf0       ?Work_Get@Statement@node_sqlite3@@SAXPAUuv_work_s@@@Z 10008bf0 f   statement.obj
 0001:00007cd0       ?Work_AfterGet@Statement@node_sqlite3@@SAXPAUuv_work_s@@@Z 10008cd0 f   statement.obj
 0001:00007e50       ?Run@Statement@node_sqlite3@@SAXABV?$FunctionCallbackInfo@VValue@v8@@@Nan@@@Z 10008e50 f   statement.obj
 0001:00007eb0       ?Work_BeginRun@Statement@node_sqlite3@@SAXPAUBaton@12@@Z 10008eb0 f   statement.obj
 0001:00007fa0       ?Work_Run@Statement@node_sqlite3@@SAXPAUuv_work_s@@@Z 10008fa0 f   statement.obj
 0001:00008090       ?Work_AfterRun@Statement@node_sqlite3@@SAXPAUuv_work_s@@@Z 10009090 f   statement.obj
 0001:00008310       ?All@Statement@node_sqlite3@@SAXABV?$FunctionCallbackInfo@VValue@v8@@@Nan@@@Z 10009310 f   statement.obj
 0001:00008370       ?Work_BeginAll@Statement@node_sqlite3@@SAXPAUBaton@12@@Z 10009370 f   statement.obj
 0001:00008460       ?Work_All@Statement@node_sqlite3@@SAXPAUuv_work_s@@@Z 10009460 f   statement.obj
 0001:000086b0       ?Work_AfterAll@Statement@node_sqlite3@@SAXPAUuv_work_s@@@Z 100096b0 f   statement.obj
 0001:00008900       ?Each@Statement@node_sqlite3@@SAXABV?$FunctionCallbackInfo@VValue@v8@@@Nan@@@Z 10009900 f   statement.obj
 0001:00008a30       ?Work_BeginEach@Statement@node_sqlite3@@SAXPAUBaton@12@@Z 10009a30 f   statement.obj
 0001:00008bb0       ?Work_Each@Statement@node_sqlite3@@SAXPAUuv_work_s@@@Z 10009bb0 f   statement.obj
 0001:00008e30       ?CloseCallback@Statement@node_sqlite3@@KAXPAUuv_handle_s@@@Z 10009e30 f   statement.obj
 0001:00008e80       ??_GAsync@Statement@node_sqlite3@@QAEPAXI@Z 10009e80 f i statement.obj
 0001:00008ef0       ?AsyncEach@Statement@node_sqlite3@@KAXPAUuv_async_s@@H@Z 10009ef0 f   statement.obj
 0001:00009270       ?Work_AfterEach@Statement@node_sqlite3@@SAXPAUuv_work_s@@@Z 1000a270 f   statement.obj
 0001:00009310       ?Reset@Statement@node_sqlite3@@SAXABV?$FunctionCallbackInfo@VValue@v8@@@Nan@@@Z 1000a310 f   statement.obj
 0001:000093e0       ?Work_BeginReset@Statement@node_sqlite3@@SAXPAUBaton@12@@Z 1000a3e0 f   statement.obj
 0001:000094d0       ?Work_Reset@Statement@node_sqlite3@@SAXPAUuv_work_s@@@Z 1000a4d0 f   statement.obj
 0001:000094f0       ?Work_AfterReset@Statement@node_sqlite3@@SAXPAUuv_work_s@@@Z 1000a4f0 f   statement.obj
 0001:000095f0       ?RowToJS@Statement@node_sqlite3@@KA?AV?$Local@VObject@v8@@@v8@@PAV?$vector@PAUField@Values@node_sqlite3@@V?$allocator@PAUField@Values@node_sqlite3@@@std@@@std@@@Z 1000a5f0 f   statement.obj
 0001:00009880       ?GetRow@Statement@node_sqlite3@@KAXPAV?$vector@PAUField@Values@node_sqlite3@@V?$allocator@PAUField@Values@node_sqlite3@@@std@@@std@@PAUsqlite3_stmt@@@Z 1000a880 f   statement.obj
 0001:00009b00       ?Finalize@Statement@node_sqlite3@@SAXABV?$FunctionCallbackInfo@VValue@v8@@@Nan@@@Z 1000ab00 f   statement.obj
 0001:00009bf0       ?Finalize@Statement@node_sqlite3@@KAXPAUBaton@12@@Z 1000abf0 f   statement.obj
 0001:00009cd0       ?Finalize@Statement@node_sqlite3@@IAEXXZ 1000acd0 f   statement.obj
 0001:00009d20       ?CleanQueue@Statement@node_sqlite3@@IAEXXZ 1000ad20 f   statement.obj
 0001:0000a140       ?push_back@?$vector@PAUField@Values@node_sqlite3@@V?$allocator@PAUField@Values@node_sqlite3@@@std@@@std@@QAEX$$QAPAUField@Values@node_sqlite3@@@Z 1000b140 f i statement.obj
 0001:0000a1a0       ??$To@VObject@v8@@@Nan@@YA?AV?$MaybeLocal@VObject@v8@@@v8@@V?$Local@VValue@v8@@@2@@Z 1000b1a0 f i statement.obj
 0001:0000a1d0       ??$Error@UPrepareBaton@Statement@node_sqlite3@@@Statement@node_sqlite3@@KAXPAUPrepareBaton@01@@Z 1000b1d0 f i statement.obj
 0001:0000a550       ??$Bind@UBaton@Statement@node_sqlite3@@@Statement@node_sqlite3@@IAEPAUBaton@01@ABV?$FunctionCallbackInfo@VValue@v8@@@Nan@@HH@Z 1000b550 f i statement.obj
 0001:0000a9d0       ??$Error@URowsBaton@Statement@node_sqlite3@@@Statement@node_sqlite3@@KAXPAURowsBaton@01@@Z 1000b9d0 f i statement.obj
 0001:0000a9d0       ??$Error@UBaton@Statement@node_sqlite3@@@Statement@node_sqlite3@@KAXPAUBaton@01@@Z 1000b9d0 f i statement.obj
 0001:0000a9d0       ??$Error@UEachBaton@Statement@node_sqlite3@@@Statement@node_sqlite3@@KAXPAUEachBaton@01@@Z 1000b9d0 f i statement.obj
 0001:0000a9d0       ??$Error@URowBaton@Statement@node_sqlite3@@@Statement@node_sqlite3@@KAXPAURowBaton@01@@Z 1000b9d0 f i statement.obj
 0001:0000a9d0       ??$Error@URunBaton@Statement@node_sqlite3@@@Statement@node_sqlite3@@KAXPAURunBaton@01@@Z 1000b9d0 f i statement.obj
 0001:0000ad50       ??$Bind@URowBaton@Statement@node_sqlite3@@@Statement@node_sqlite3@@IAEPAURowBaton@01@ABV?$FunctionCallbackInfo@VValue@v8@@@Nan@@HH@Z 1000bd50 f i statement.obj
 0001:0000ad50       ??$Bind@URowsBaton@Statement@node_sqlite3@@@Statement@node_sqlite3@@IAEPAURowsBaton@01@ABV?$FunctionCallbackInfo@VValue@v8@@@Nan@@HH@Z 1000bd50 f i statement.obj
 0001:0000b210       ??$Bind@URunBaton@Statement@node_sqlite3@@@Statement@node_sqlite3@@IAEPAURunBaton@01@ABV?$FunctionCallbackInfo@VValue@v8@@@Nan@@HH@Z 1000c210 f i statement.obj
 0001:0000b6d0       ??$Bind@UEachBaton@Statement@node_sqlite3@@@Statement@node_sqlite3@@IAEPAUEachBaton@01@ABV?$FunctionCallbackInfo@VValue@v8@@@Nan@@HH@Z 1000c6d0 f i statement.obj
 0001:0000bb80       ??$?0PAD@Text@Values@node_sqlite3@@QAE@PADIPBD@Z 1000cb80 f i statement.obj
 0001:0000bb80       ??$?0PBD@Text@Values@node_sqlite3@@QAE@PBDI0@Z 1000cb80 f i statement.obj
 0001:0000bbf0       ??$?0PBD@Blob@Values@node_sqlite3@@QAE@PBDIPBX@Z 1000cbf0 f i statement.obj
 0001:0000bbf0       ??$?0PAD@Blob@Values@node_sqlite3@@QAE@PADIPBX@Z 1000cbf0 f i statement.obj
 0001:0000bc60       ??$BindParameter@H@Statement@node_sqlite3@@IAEPAUField@Values@1@V?$Local@VValue@v8@@@v8@@H@Z 1000cc60 f i statement.obj
 0001:0000bff0       ??$BindParameter@PAD@Statement@node_sqlite3@@IAEPAUField@Values@1@V?$Local@VValue@v8@@@v8@@PAD@Z 1000cff0 f i statement.obj
 0001:0000c2d0       ??$?0H@Integer@Values@node_sqlite3@@QAE@H_J@Z 1000d2d0 f i statement.obj
 0001:0000c310       ??$To@N@Nan@@YA?AV?$Maybe@N@v8@@V?$Local@VValue@v8@@@2@@Z 1000d310 f i statement.obj
 0001:0000c340       ??$To@_N@Nan@@YA?AV?$Maybe@_N@v8@@V?$Local@VValue@v8@@@2@@Z 1000d340 f i statement.obj
 0001:0000c370       ??$?0H@Blob@Values@node_sqlite3@@QAE@HIPBX@Z 1000d370 f i statement.obj
 0001:0000c3c0       ??$?0PAD@Integer@Values@node_sqlite3@@QAE@PAD_J@Z 1000d3c0 f i statement.obj
 0001:0000c420       ??$?0PAD@Float@Values@node_sqlite3@@QAE@PADN@Z 1000d420 f i statement.obj
 0001:0000c481       ??0bad_alloc@std@@QAE@ABV01@@Z 1000d481 f i libcpmt:xthrow.obj
 0001:0000c49c       ??0bad_alloc@std@@QAE@XZ   1000d49c f i libcpmt:xthrow.obj
 0001:0000c4b4       ??0exception@std@@QAE@ABV01@@Z 1000d4b4 f i libcpmt:xthrow.obj
 0001:0000c4e0       ??0exception@std@@QAE@QBD@Z 1000d4e0 f i libcpmt:xthrow.obj
 0001:0000c517       ??0length_error@std@@QAE@ABV01@@Z 1000d517 f i libcpmt:xthrow.obj
 0001:0000c532       ??0length_error@std@@QAE@PBD@Z 1000d532 f i libcpmt:xthrow.obj
 0001:0000c553       ??0logic_error@std@@QAE@ABV01@@Z 1000d553 f i libcpmt:xthrow.obj
 0001:0000c56e       ??0out_of_range@std@@QAE@ABV01@@Z 1000d56e f i libcpmt:xthrow.obj
 0001:0000c589       ??0out_of_range@std@@QAE@PBD@Z 1000d589 f i libcpmt:xthrow.obj
 0001:0000c5aa       ??1length_error@std@@UAE@XZ 1000d5aa f i libcpmt:xthrow.obj
 0001:0000c5aa       ??1bad_array_new_length@std@@UAE@XZ 1000d5aa f i LIBCMT:throw_bad_alloc.obj
 0001:0000c5aa       ??1out_of_range@std@@UAE@XZ 1000d5aa f i libcpmt:xthrow.obj
 0001:0000c5aa       ??1bad_alloc@std@@UAE@XZ   1000d5aa f i libcpmt:xthrow.obj
 0001:0000c5bb       ??_Elength_error@std@@UAEPAXI@Z 1000d5bb f i libcpmt:xthrow.obj
 0001:0000c5bb       ??_Eexception@std@@UAEPAXI@Z 1000d5bb f i libcpmt:xthrow.obj
 0001:0000c5bb       ??_Gbad_array_new_length@std@@UAEPAXI@Z 1000d5bb f i LIBCMT:throw_bad_alloc.obj
 0001:0000c5bb       ??_Glogic_error@std@@UAEPAXI@Z 1000d5bb f i libcpmt:xthrow.obj
 0001:0000c5bb       ??_Gbad_alloc@std@@UAEPAXI@Z 1000d5bb f i libcpmt:xthrow.obj
 0001:0000c5bb       ??_Ebad_array_new_length@std@@UAEPAXI@Z 1000d5bb f i LIBCMT:throw_bad_alloc.obj
 0001:0000c5bb       ??_Elogic_error@std@@UAEPAXI@Z 1000d5bb f i libcpmt:xthrow.obj
 0001:0000c5bb       ??_Ebad_alloc@std@@UAEPAXI@Z 1000d5bb f i libcpmt:xthrow.obj
 0001:0000c5bb       ??_Eout_of_range@std@@UAEPAXI@Z 1000d5bb f i libcpmt:xthrow.obj
 0001:0000c5bb       ??_Gexception@std@@UAEPAXI@Z 1000d5bb f i libcpmt:xthrow.obj
 0001:0000c5bb       ??_Gout_of_range@std@@UAEPAXI@Z 1000d5bb f i libcpmt:xthrow.obj
 0001:0000c5bb       ??_Glength_error@std@@UAEPAXI@Z 1000d5bb f i libcpmt:xthrow.obj
 0001:0000c5e8       ?_Xbad_alloc@std@@YAXXZ    1000d5e8 f   libcpmt:xthrow.obj
 0001:0000c5e8       ?__scrt_throw_std_bad_alloc@@YAXXZ 1000d5e8 f   LIBCMT:throw_bad_alloc.obj
 0001:0000c605       ?_Xlength_error@std@@YAXPBD@Z 1000d605 f   libcpmt:xthrow.obj
 0001:0000c625       ?_Xout_of_range@std@@YAXPBD@Z 1000d625 f   libcpmt:xthrow.obj
 0001:0000c645       ?what@exception@std@@UBEPBDXZ 1000d645 f i libcpmt:xthrow.obj
 0001:0000c652       @__security_check_cookie@4 1000d652 f   LIBCMT:_secchk_.obj
 0001:0000c663       ??2@YAPAXI@Z               1000d663 f   LIBCMT:new_scalar.obj
 0001:0000c696       ??$__crt_fast_encode_pointer@PAP6AXXZ@@YAPAP6AXXZQAP6AXXZ@Z 1000d696 f i LIBCMT:utility.obj
 0001:0000c696       ??$__crt_fast_encode_pointer@PAX@@YAPAXQAX@Z 1000d696 f i libvcruntime:winapi_downlevel.obj
 0001:0000c6f7       ___scrt_acquire_startup_lock 1000d6f7 f   LIBCMT:utility.obj
 0001:0000c72c       ___scrt_dllmain_after_initialize_c 1000d72c f   LIBCMT:utility.obj
 0001:0000c757       ___scrt_dllmain_before_initialize_c 1000d757 f   LIBCMT:utility.obj
 0001:0000c765       ___scrt_dllmain_crt_thread_attach 1000d765 f   LIBCMT:utility.obj
 0001:0000c784       ___scrt_dllmain_crt_thread_detach 1000d784 f   LIBCMT:utility.obj
 0001:0000c791       ___scrt_dllmain_exception_filter 1000d791 f   LIBCMT:utility.obj
 0001:0000c7c4       ___scrt_dllmain_uninitialize_c 1000d7c4 f   LIBCMT:utility.obj
 0001:0000c7e7       ___scrt_dllmain_uninitialize_critical 1000d7e7 f   LIBCMT:utility.obj
 0001:0000c7f4       ___scrt_initialize_crt     1000d7f4 f   LIBCMT:utility.obj
 0001:0000c82d       ___scrt_initialize_onexit_tables 1000d82d f   LIBCMT:utility.obj
 0001:0000c8c4       ___scrt_is_nonwritable_in_current_image 1000d8c4 f   LIBCMT:utility.obj
 0001:0000c94e       ___scrt_release_startup_lock 1000d94e f   LIBCMT:utility.obj
 0001:0000c96b       ___scrt_uninitialize_crt   1000d96b f   LIBCMT:utility.obj
 0001:0000c993       __onexit                   1000d993 f   LIBCMT:utility.obj
 0001:0000c9ce       _atexit                    1000d9ce f   LIBCMT:utility.obj
 0001:0000c9e3       ??3@YAXPAX@Z               1000d9e3 f   LIBCMT:delete_scalar.obj
 0001:0000c9e8       ??3@YAXPAXI@Z              1000d9e8 f   LIBCMT:delete_scalar_size.obj
 0001:0000ccfe       __DllMainCRTStartup@12     1000dcfe f   LIBCMT:dll_dllmain.obj
 0001:0000cd21       ??_Gtype_info@@UAEPAXI@Z   1000dd21 f i LIBCMT:std_type_info_static.obj
 0001:0000cd21       ??_Etype_info@@UAEPAXI@Z   1000dd21 f i LIBCMT:std_type_info_static.obj
 0001:0000cd44       ___raise_securityfailure   1000dd44 f   LIBCMT:gs_report.obj
 0001:0000cd6c       ___report_gsfailure        1000dd6c f   LIBCMT:gs_report.obj
 0001:0000ce67       ??0bad_array_new_length@std@@QAE@ABV01@@Z 1000de67 f i LIBCMT:throw_bad_alloc.obj
 0001:0000ce82       ??0bad_array_new_length@std@@QAE@XZ 1000de82 f i LIBCMT:throw_bad_alloc.obj
 0001:0000ce9a       ?__scrt_throw_std_bad_array_new_length@@YAXXZ 1000de9a f   LIBCMT:throw_bad_alloc.obj
 0001:0000ceb7       ___isa_available_init      1000deb7 f   LIBCMT:_cpu_disp_.obj
 0001:0000d051       __get_startup_argv_mode    1000e051 f   LIBCMT:argv_mode.obj
 0001:0000d055       ___scrt_is_ucrt_dll_in_use 1000e055 f   LIBCMT:ucrt_detection.obj
 0001:0000d061       ___scrt_fastfail           1000e061 f   LIBCMT:utility_desktop.obj
 0001:0000d17c       __crt_debugger_hook        1000e17c f   LIBCMT:utility_desktop.obj
 0001:0000d184       @_guard_check_icall@4      1000e184 f i LIBCMT:checkcfg.obj
 0001:0000d190       __SEH_prolog4              1000e190 f   LIBCMT:_sehprolg4_.obj
 0001:0000d1d6       __SEH_epilog4              1000e1d6 f   LIBCMT:_sehprolg4_.obj
 0001:0000d1eb       ___security_init_cookie    1000e1eb f   LIBCMT:gs_support.obj
 0001:0000d287       _DllMain@12                1000e287 f   LIBCMT:dll_dllmain_stub.obj
 0001:0000d28d       ?__scrt_initialize_type_info@@YAXXZ 1000e28d f   LIBCMT:tncleanup.obj
 0001:0000d299       ?__scrt_uninitialize_type_info@@YAXXZ 1000e299 f   LIBCMT:tncleanup.obj
 0001:0000d2a5       ___local_stdio_printf_options 1000e2a5 f i LIBCMT:default_local_stdio_options.obj
 0001:0000d2ab       ___local_stdio_scanf_options 1000e2ab f i LIBCMT:default_local_stdio_options.obj
 0001:0000d2b1       ___scrt_initialize_default_local_stdio_options 1000e2b1 f   LIBCMT:default_local_stdio_options.obj
 0001:0000d2ce       ___scrt_get_dyn_tls_init_callback 1000e2ce f   LIBCMT:dyn_tls_init.obj
 0001:0000d2d4       __RTC_Initialize           1000e2d4 f   LIBCMT:_initsect_.obj
 0001:0000d2ff       __RTC_Terminate            1000e2ff f   LIBCMT:_initsect_.obj
 0001:0000d330       _memmove                   1000e330 f   libvcruntime:memmove.obj
 0001:0000d8a4       ___std_exception_copy      1000e8a4 f   libvcruntime:std_exception.obj
 0001:0000d907       ___std_exception_destroy   1000e907 f   libvcruntime:std_exception.obj
 0001:0000d926       __CxxThrowException@8      1000e926 f   libvcruntime:throw.obj
 0001:0000d994       ___vcrt_initialize         1000e994 f   libvcruntime:initialization.obj
 0001:0000d9bd       ___vcrt_thread_attach      1000e9bd f   libvcruntime:initialization.obj
 0001:0000d9c8       ___vcrt_thread_detach      1000e9c8 f   libvcruntime:initialization.obj
 0001:0000d9d3       ___vcrt_uninitialize       1000e9d3 f   libvcruntime:initialization.obj
 0001:0000d9f2       ___vcrt_uninitialize_critical 1000e9f2 f   libvcruntime:initialization.obj
 0001:0000da40       __except_handler4          1000ea40 f   libvcruntime:_chandler4_.obj
 0001:0000dbb0       _memset                    1000ebb0 f   libvcruntime:memset.obj
 0001:0000dd0a       ___std_type_info_destroy_list 1000ed0a f   libvcruntime:std_type_info.obj
 0001:0000dd2d       ___vcrt_freefls@4          1000ed2d f   libvcruntime:per_thread_data.obj
 0001:0000dd49       ___vcrt_freeptd            1000ed49 f   libvcruntime:per_thread_data.obj
 0001:0000dd7f       ___vcrt_getptd_noexit      1000ed7f f   libvcruntime:per_thread_data.obj
 0001:0000de11       ___vcrt_initialize_ptd     1000ee11 f   libvcruntime:per_thread_data.obj
 0001:0000de44       ___vcrt_uninitialize_ptd   1000ee44 f   libvcruntime:per_thread_data.obj
 0001:0000de5f       ___vcrt_initialize_locks   1000ee5f f   libvcruntime:locks.obj
 0001:0000de9b       ___vcrt_uninitialize_locks 1000ee9b f   libvcruntime:locks.obj
 0001:0000dfeb       ___vcrt_FlsAlloc           1000efeb f   libvcruntime:winapi_downlevel.obj
 0001:0000e025       ___vcrt_FlsFree            1000f025 f   libvcruntime:winapi_downlevel.obj
 0001:0000e05f       ___vcrt_FlsGetValue        1000f05f f   libvcruntime:winapi_downlevel.obj
 0001:0000e099       ___vcrt_FlsSetValue        1000f099 f   libvcruntime:winapi_downlevel.obj
 0001:0000e0d6       ___vcrt_InitializeCriticalSectionEx 1000f0d6 f   libvcruntime:winapi_downlevel.obj
 0001:0000e11c       ___vcrt_initialize_winapi_thunks 1000f11c f   libvcruntime:winapi_downlevel.obj
 0001:0000e156       ___vcrt_uninitialize_winapi_thunks 1000f156 f   libvcruntime:winapi_downlevel.obj
 0001:0000e188       ___vcrt_initialize_pure_virtual_call_handler 1000f188 f   libvcruntime:purevirt_data.obj
 0001:0000e1b0       __local_unwind4            1000f1b0 f   libvcruntime:_exsup4_.obj
 0001:0000e286       __seh_longjmp_unwind4@4    1000f286 f   libvcruntime:_exsup4_.obj
 0001:0000e2ae       @_EH4_CallFilterFunc@8     1000f2ae f   libvcruntime:_exsup4_.obj
 0001:0000e2c5       @_EH4_TransferToHandler@8  1000f2c5 f   libvcruntime:_exsup4_.obj
 0001:0000e2de       @_EH4_GlobalUnwind2@8      1000f2de f   libvcruntime:_exsup4_.obj
 0001:0000e2f7       @_EH4_LocalUnwind@16       1000f2f7 f   libvcruntime:_exsup4_.obj
 0001:0000e30e       ___except_validate_context_record 1000f30e f   libvcruntime:jbcxrval.obj
 0001:0000e30e       @_guard_check_icall_nop@4  1000f30e f   LIBCMT:guard_support.obj
 0001:0000e30e       ___except_validate_jump_buffer 1000f30e f   libvcruntime:jbcxrval.obj
 0001:0000e310       __global_unwind2           1000f310 f   libvcruntime:_exsup_.obj
 0001:0000e375       __local_unwind2            1000f375 f   libvcruntime:_exsup_.obj
 0001:0000e3f9       __abnormal_termination     1000f3f9 f   libvcruntime:_exsup_.obj
 0001:0000e41c       __NLG_Notify1              1000f41c f   libvcruntime:_exsup_.obj
 0001:0000e425       __NLG_Notify               1000f425 f   libvcruntime:_exsup_.obj
 0001:0000e43c       __NLG_Dispatch             1000f43c     libvcruntime:_exsup_.obj
 0001:0000e43c       __NLG_Dispatch2            1000f43c     libvcruntime:_exsup_.obj
 0001:0000e444       __NLG_Call                 1000f444 f   libvcruntime:_exsup_.obj
 0001:0000e446       __NLG_Return2              1000f446     libvcruntime:_exsup_.obj
 0001:0000e447       ??0_LocaleUpdate@@QAE@QAU__crt_locale_pointers@@@Z 1000f447 f i libucrt:stricmp.obj
 0001:0000e4ca       _free                      1000f4ca f   libucrt:free.obj
 0001:0000eb33       ??$ftprintf@PAU_iobuf@@PB_WABQB_WABQB_WABI@?$__crt_char_traits@_W@@SAH$$QAPAU_iobuf@@$$QAPB_WABQB_W2ABI@Z 1000fb33 f i libucrt:assert.obj
 0001:0000ec12       __vfwprintf_l              1000fc12 f i libucrt:assert.obj
 0001:0000ec37       __vswprintf_c_l            1000fc37 f i libucrt:assert.obj
 0001:0000ec66       __wassert                  1000fc66 f   libucrt:assert.obj
 0001:0000ecae       _fwprintf                  1000fcae f i libucrt:assert.obj
 0001:0000ecc9       _swprintf                  1000fcc9 f i libucrt:assert.obj
 0001:0000ece7       ___acrt_call_reportfault   1000fce7 f   libucrt:invalid_parameter.obj
 0001:0000ee22       ___acrt_initialize_invalid_parameter_handler 1000fe22 f   libucrt:invalid_parameter.obj
 0001:0000ee36       __invalid_parameter        1000fe36 f   libucrt:invalid_parameter.obj
 0001:0000eeb1       __invalid_parameter_noinfo 1000feb1 f   libucrt:invalid_parameter.obj
 0001:0000eec1       __invalid_parameter_noinfo_noreturn 1000fec1 f   libucrt:invalid_parameter.obj
 0001:0000eede       __invoke_watson            1000fede f   libucrt:invalid_parameter.obj
 0001:0000ef11       _malloc                    1000ff11 f   libucrt:malloc.obj
 0001:0000ef1c       ?initialize@?$dual_state_global@P6AHI@Z@__crt_state_management@@QAEXQ6AHI@Z@Z 1000ff1c f i libucrt:new_handler.obj
 0001:0000ef1c       ?initialize@?$dual_state_global@P6AXH@Z@__crt_state_management@@QAEXQ6AXH@Z@Z 1000ff1c f i libucrt:signal.obj
 0001:0000ef1c       ?initialize@?$dual_state_global@PAU__crt_locale_data@@@__crt_state_management@@QAEXQAU__crt_locale_data@@@Z 1000ff1c f i libucrt:initialization.obj
 0001:0000ef1c       ?initialize@?$dual_state_global@P6AHPAU_exception@@@Z@__crt_state_management@@QAEXQ6AHPAU_exception@@@Z@Z 1000ff1c f i libucrt:matherr.obj
 0001:0000ef1c       ?initialize@?$dual_state_global@PAPAD@__crt_state_management@@QAEXQAPAD@Z 1000ff1c f i libucrt:environment_initialization.obj
 0001:0000ef1c       ?initialize@?$dual_state_global@P6AXPB_W00II@Z@__crt_state_management@@QAEXQ6AXPB_W00II@Z@Z 1000ff1c f i libucrt:invalid_parameter.obj
 0001:0000ef4d       ___acrt_initialize_new_handler 1000ff4d f   libucrt:new_handler.obj
 0001:0000ef61       __callnewh                 1000ff61 f   libucrt:new_handler.obj
 0001:0000efa5       __query_new_handler        1000ffa5 f   libucrt:new_handler.obj
 0001:0000eff7       __seh_filter_dll           1000fff7 f   libucrt:exception_filter.obj
 0001:0000f017       __seh_filter_exe           10010017 f   libucrt:exception_filter.obj
 0001:0000f3a5       ___acrt_initialize_thread_local_exit_callback 100103a5 f   libucrt:exit.obj
 0001:0000f3b4       __cexit                    100103b4 f   libucrt:exit.obj
 0001:0000f3c3       __exit                     100103c3 f   libucrt:exit.obj
 0001:0000f3d9       __is_c_termination_complete 100103d9 f   libucrt:exit.obj
 0001:0000f678       ___acrt_allocate_buffer_for_argv 10010678 f   libucrt:argv_parsing.obj
 0001:0000f6cd       __configure_narrow_argv    100106cd f   libucrt:argv_parsing.obj
 0001:0000f831       ??$uninitialize@A6AXAAPAPA_W@Z@?$dual_state_global@PAPA_W@__crt_state_management@@QAEXA6AXAAPAPA_W@Z@Z 10010831 f i libucrt:environment_initialization.obj
 0001:0000f831       ??$uninitialize@A6AXAAPAPAD@Z@?$dual_state_global@PAPAD@__crt_state_management@@QAEXA6AXAAPAPAD@Z@Z 10010831 f i libucrt:environment_initialization.obj
 0001:0000f8a7       ___dcrt_uninitialize_environments_nolock 100108a7 f   libucrt:environment_initialization.obj
 0001:0000f8de       __initialize_narrow_environment 100108de f   libucrt:environment_initialization.obj
 0001:0000f8e3       ??$?RV<lambda_800076c951b434888f4765a74a194fcc>@@AAV<lambda_4e60a939b0d047cfe11ddc22648dfba9>@@V<lambda_6dbb1268764f43b569ce7b67e331d33a>@@@?$__crt_seh_guarded_call@H@@QAEH$$QAV<lambda_800076c951b434888f4765a74a194fcc>@@AAV<lambda_4e60a939b0d047cfe11ddc22648dfba9>@@$$QAV<lambda_6dbb1268764f43b569ce7b67e331d33a>@@@Z 100108e3 f i libucrt:onexit.obj
 0001:0000f934       ??$?RV<lambda_995298e7d72eb4c2aab26c0585b3abe5>@@AAV<lambda_275893d493268fdec8709772e3fcec0e>@@V<lambda_293819299cbf9a7022e18b56a874bb5c>@@@?$__crt_seh_guarded_call@H@@QAEH$$QAV<lambda_995298e7d72eb4c2aab26c0585b3abe5>@@AAV<lambda_275893d493268fdec8709772e3fcec0e>@@$$QAV<lambda_293819299cbf9a7022e18b56a874bb5c>@@@Z 10010934 f i libucrt:onexit.obj
 0001:0000f985       ??$__acrt_lock_and_call@V<lambda_275893d493268fdec8709772e3fcec0e>@@@@YAHW4__acrt_lock_id@@$$QAV<lambda_275893d493268fdec8709772e3fcec0e>@@@Z 10010985 f i libucrt:onexit.obj
 0001:0000f9ad       ??$__acrt_lock_and_call@V<lambda_4e60a939b0d047cfe11ddc22648dfba9>@@@@YAHW4__acrt_lock_id@@$$QAV<lambda_4e60a939b0d047cfe11ddc22648dfba9>@@@Z 100109ad f i libucrt:onexit.obj
 0001:0000f9d5       ??$__crt_fast_encode_pointer@P6AHXZ@@YAP6AHXZQ6AHXZ@Z 100109d5 f i libucrt:onexit.obj
 0001:0000fc55       __crt_atexit               10010c55 f   libucrt:onexit.obj
 0001:0000fc6b       __execute_onexit_table     10010c6b f   libucrt:onexit.obj
 0001:0000fc88       __initialize_onexit_table  10010c88 f   libucrt:onexit.obj
 0001:0000fcc5       __register_onexit_function 10010cc5 f   libucrt:onexit.obj
 0001:0000fd15       ___acrt_uninitialize_command_line 10010d15 f   libucrt:argv_data.obj
 0001:0000fddd       ___acrt_initialize         10010ddd f   libucrt:initialization.obj
 0001:0000fdef       ___acrt_thread_attach      10010def f   libucrt:initialization.obj
 0001:0000fdfa       ___acrt_thread_detach      10010dfa f   libucrt:initialization.obj
 0001:0000fe02       ___acrt_uninitialize       10010e02 f   libucrt:initialization.obj
 0001:0000fe14       ___acrt_uninitialize_critical 10010e14 f   libucrt:initialization.obj
 0001:0000fe26       __initterm                 10010e26 f   libucrt:initterm.obj
 0001:0000fe82       __initterm_e               10010e82 f   libucrt:initterm.obj
 0001:0000fec7       _terminate                 10010ec7 f   libucrt:terminate.obj
 0001:0000ff03       _strcpy_s                  10010f03 f   libucrt:strcpy_s.obj
 0001:0000ff5d       __free_base                10010f5d f   libucrt:free_base.obj
 0001:0000ff97       __malloc_base              10010f97 f   libucrt:malloc_base.obj
 0001:0000ffe5       _abort                     10010fe5 f   libucrt:abort.obj
 0001:00010028       __calloc_base              10011028 f   libucrt:calloc_base.obj
 0001:00010085       ??$?RV<lambda_ab9923ffb5d694ec0d78876dd103e44f>@@AAV<lambda_481dd5778c961fbcd3b60b650e9b9dc4>@@V<lambda_7923d86c9e3f319b415918ec4b39749c>@@@?$__crt_seh_guarded_call@H@@QAEH$$QAV<lambda_ab9923ffb5d694ec0d78876dd103e44f>@@AAV<lambda_481dd5778c961fbcd3b60b650e9b9dc4>@@$$QAV<lambda_7923d86c9e3f319b415918ec4b39749c>@@@Z 10011085 f i libucrt:output.obj
 0001:000100d6       ??$__acrt_lock_stream_and_call@V<lambda_481dd5778c961fbcd3b60b650e9b9dc4>@@@@YAHQAU_iobuf@@$$QAV<lambda_481dd5778c961fbcd3b60b650e9b9dc4>@@@Z 100110d6 f i libucrt:output.obj
 0001:00010283       ??$count@D@formatting_buffer@__crt_stdio_output@@QBEIXZ 10011283 f i libucrt:output.obj
 0001:0001029b       ??$ensure_buffer_is_big_enough@D@formatting_buffer@__crt_stdio_output@@QAE_NI@Z 1001129b f i libucrt:output.obj
 0001:00010321       ??$is_wide_character_specifier@_W@__crt_stdio_output@@YA_N_K_WW4length_modifier@0@@Z 10011321 f i libucrt:output.obj
 0001:00010370       ??$scratch_data@D@formatting_buffer@__crt_stdio_output@@QAEPADXZ 10011370 f i libucrt:output.obj
 0001:0001038e       ??$type_case_integer_parse_into_buffer@I@?$output_processor@_WV?$stream_output_adapter@_W@__crt_stdio_output@@V?$standard_base@_WV?$stream_output_adapter@_W@__crt_stdio_output@@@2@@__crt_stdio_output@@AAEXII_N@Z 1001138e f i libucrt:output.obj
 0001:0001038e       ??$type_case_integer_parse_into_buffer@I@?$output_processor@_WV?$string_output_adapter@_W@__crt_stdio_output@@V?$standard_base@_WV?$string_output_adapter@_W@__crt_stdio_output@@@2@@__crt_stdio_output@@AAEXII_N@Z 1001138e f i libucrt:output.obj
 0001:00010403       ??$type_case_integer_parse_into_buffer@_K@?$output_processor@_WV?$stream_output_adapter@_W@__crt_stdio_output@@V?$standard_base@_WV?$stream_output_adapter@_W@__crt_stdio_output@@@2@@__crt_stdio_output@@AAEX_KI_N@Z 10011403 f i libucrt:output.obj
 0001:00010403       ??$type_case_integer_parse_into_buffer@_K@?$output_processor@_WV?$string_output_adapter@_W@__crt_stdio_output@@V?$standard_base@_WV?$string_output_adapter@_W@__crt_stdio_output@@@2@@__crt_stdio_output@@AAEX_KI_N@Z 10011403 f i libucrt:output.obj
 0001:0001048b       ??$write_multiple_characters@V?$stream_output_adapter@_W@__crt_stdio_output@@D@__crt_stdio_output@@YAXABV?$stream_output_adapter@_W@0@DHQAH@Z 1001148b f i libucrt:output.obj
 0001:000104bc       ??$write_multiple_characters@V?$string_output_adapter@_W@__crt_stdio_output@@D@__crt_stdio_output@@YAXABV?$string_output_adapter@_W@0@DHQAH@Z 100114bc f i libucrt:output.obj
 0001:000104ed       ??0?$common_data@_W@__crt_stdio_output@@IAE@XZ 100114ed f i libucrt:output.obj
 0001:00010539       ??0?$output_adapter_data@_WV?$stream_output_adapter@_W@__crt_stdio_output@@@__crt_stdio_output@@IAE@ABV?$stream_output_adapter@_W@1@_KQB_WQAU__crt_locale_pointers@@QAD@Z 10011539 f i libucrt:output.obj
 0001:00010539       ??0?$output_adapter_data@_WV?$string_output_adapter@_W@__crt_stdio_output@@@__crt_stdio_output@@IAE@ABV?$string_output_adapter@_W@1@_KQB_WQAU__crt_locale_pointers@@QAD@Z 10011539 f i libucrt:output.obj
 0001:00010575       ??0?$output_processor@_WV?$stream_output_adapter@_W@__crt_stdio_output@@V?$standard_base@_WV?$stream_output_adapter@_W@__crt_stdio_output@@@2@@__crt_stdio_output@@QAE@ABV?$stream_output_adapter@_W@1@_KQB_WQAU__crt_locale_pointers@@QAD@Z 10011575 f i libucrt:output.obj
 0001:00010575       ??0?$output_processor@_WV?$string_output_adapter@_W@__crt_stdio_output@@V?$standard_base@_WV?$string_output_adapter@_W@__crt_stdio_output@@@2@@__crt_stdio_output@@QAE@ABV?$string_output_adapter@_W@1@_KQB_WQAU__crt_locale_pointers@@QAD@Z 10011575 f i libucrt:output.obj
 0001:000105aa       ??1formatting_buffer@__crt_stdio_output@@QAE@XZ 100115aa f i libucrt:output.obj
 0001:000105c4       ??4?$__crt_unique_heap_ptr@DU__crt_internal_free_policy@@@@QAEAAV0@$$QAV0@@Z 100115c4 f i libucrt:output.obj
 0001:000106a5       ?crop_zeroes@__crt_stdio_output@@YAXPADQAU__crt_locale_pointers@@@Z 100116a5 f i libucrt:output.obj
 0001:000106fc       ?find_next_state@?$output_processor@_WV?$string_output_adapter@_W@__crt_stdio_output@@V?$standard_base@_WV?$string_output_adapter@_W@__crt_stdio_output@@@2@@__crt_stdio_output@@ABE?AW4state@2@_WW432@@Z 100116fc f i libucrt:output.obj
 0001:000106fc       ?find_next_state@?$output_processor@_WV?$stream_output_adapter@_W@__crt_stdio_output@@V?$standard_base@_WV?$stream_output_adapter@_W@__crt_stdio_output@@@2@@__crt_stdio_output@@ABE?AW4state@2@_WW432@@Z 100116fc f i libucrt:output.obj
 0001:00010730       ?force_decimal_point@__crt_stdio_output@@YAXPADQAU__crt_locale_pointers@@@Z 10011730 f i libucrt:output.obj
 0001:0001078c       ?parse_int_from_format_string@?$output_processor@_WV?$stream_output_adapter@_W@__crt_stdio_output@@V?$standard_base@_WV?$stream_output_adapter@_W@__crt_stdio_output@@@2@@__crt_stdio_output@@AAE_NQAH@Z 1001178c f i libucrt:output.obj
 0001:0001078c       ?parse_int_from_format_string@?$output_processor@_WV?$string_output_adapter@_W@__crt_stdio_output@@V?$standard_base@_WV?$string_output_adapter@_W@__crt_stdio_output@@@2@@__crt_stdio_output@@AAE_NQAH@Z 1001178c f i libucrt:output.obj
 0001:000107ea       ?process@?$output_processor@_WV?$stream_output_adapter@_W@__crt_stdio_output@@V?$standard_base@_WV?$stream_output_adapter@_W@__crt_stdio_output@@@2@@__crt_stdio_output@@QAEHXZ 100117ea f i libucrt:output.obj
 0001:0001090a       ?process@?$output_processor@_WV?$string_output_adapter@_W@__crt_stdio_output@@V?$standard_base@_WV?$string_output_adapter@_W@__crt_stdio_output@@@2@@__crt_stdio_output@@QAEHXZ 1001190a f i libucrt:output.obj
 0001:00010a2a       ?state_case_flag@?$output_processor@_WV?$stream_output_adapter@_W@__crt_stdio_output@@V?$standard_base@_WV?$stream_output_adapter@_W@__crt_stdio_output@@@2@@__crt_stdio_output@@AAE_NXZ 10011a2a f i libucrt:output.obj
 0001:00010a2a       ?state_case_flag@?$output_processor@_WV?$string_output_adapter@_W@__crt_stdio_output@@V?$standard_base@_WV?$string_output_adapter@_W@__crt_stdio_output@@@2@@__crt_stdio_output@@AAE_NXZ 10011a2a f i libucrt:output.obj
 0001:00010a67       ?state_case_normal@?$output_processor@_WV?$stream_output_adapter@_W@__crt_stdio_output@@V?$standard_base@_WV?$stream_output_adapter@_W@__crt_stdio_output@@@2@@__crt_stdio_output@@AAE_NXZ 10011a67 f i libucrt:output.obj
 0001:00010a86       ?state_case_normal@?$output_processor@_WV?$string_output_adapter@_W@__crt_stdio_output@@V?$standard_base@_WV?$string_output_adapter@_W@__crt_stdio_output@@@2@@__crt_stdio_output@@AAE_NXZ 10011a86 f i libucrt:output.obj
 0001:00010aa5       ?state_case_normal_common@?$output_processor@_WV?$stream_output_adapter@_W@__crt_stdio_output@@V?$standard_base@_WV?$stream_output_adapter@_W@__crt_stdio_output@@@2@@__crt_stdio_output@@AAE_NXZ 10011aa5 f i libucrt:output.obj
 0001:00010ac0       ?state_case_normal_common@?$output_processor@_WV?$string_output_adapter@_W@__crt_stdio_output@@V?$standard_base@_WV?$string_output_adapter@_W@__crt_stdio_output@@@2@@__crt_stdio_output@@AAE_NXZ 10011ac0 f i libucrt:output.obj
 0001:00010adb       ?state_case_precision@?$output_processor@_WV?$stream_output_adapter@_W@__crt_stdio_output@@V?$standard_base@_WV?$stream_output_adapter@_W@__crt_stdio_output@@@2@@__crt_stdio_output@@AAE_NXZ 10011adb f i libucrt:output.obj
 0001:00010adb       ?state_case_precision@?$output_processor@_WV?$string_output_adapter@_W@__crt_stdio_output@@V?$standard_base@_WV?$string_output_adapter@_W@__crt_stdio_output@@@2@@__crt_stdio_output@@AAE_NXZ 10011adb f i libucrt:output.obj
 0001:00010b04       ?state_case_size@?$output_processor@_WV?$stream_output_adapter@_W@__crt_stdio_output@@V?$standard_base@_WV?$stream_output_adapter@_W@__crt_stdio_output@@@2@@__crt_stdio_output@@AAE_NXZ 10011b04 f i libucrt:output.obj
 0001:00010c80       ?state_case_size@?$output_processor@_WV?$string_output_adapter@_W@__crt_stdio_output@@V?$standard_base@_WV?$string_output_adapter@_W@__crt_stdio_output@@@2@@__crt_stdio_output@@AAE_NXZ 10011c80 f i libucrt:output.obj
 0001:00010dfc       ?state_case_type@?$output_processor@_WV?$stream_output_adapter@_W@__crt_stdio_output@@V?$standard_base@_WV?$stream_output_adapter@_W@__crt_stdio_output@@@2@@__crt_stdio_output@@AAE_NXZ 10011dfc f i libucrt:output.obj
 0001:00011059       ?state_case_type@?$output_processor@_WV?$string_output_adapter@_W@__crt_stdio_output@@V?$standard_base@_WV?$string_output_adapter@_W@__crt_stdio_output@@@2@@__crt_stdio_output@@AAE_NXZ 10012059 f i libucrt:output.obj
 0001:000112b6       ?state_case_width@?$output_processor@_WV?$stream_output_adapter@_W@__crt_stdio_output@@V?$standard_base@_WV?$stream_output_adapter@_W@__crt_stdio_output@@@2@@__crt_stdio_output@@AAE_NXZ 100122b6 f i libucrt:output.obj
 0001:000112b6       ?state_case_width@?$output_processor@_WV?$string_output_adapter@_W@__crt_stdio_output@@V?$standard_base@_WV?$string_output_adapter@_W@__crt_stdio_output@@@2@@__crt_stdio_output@@AAE_NXZ 100122b6 f i libucrt:output.obj
 0001:000112e2       ?to_integer_size@__crt_stdio_output@@YAIW4length_modifier@1@@Z 100122e2 f i libucrt:output.obj
 0001:0001133e       ?type_case_Z@?$output_processor@_WV?$stream_output_adapter@_W@__crt_stdio_output@@V?$standard_base@_WV?$stream_output_adapter@_W@__crt_stdio_output@@@2@@__crt_stdio_output@@AAE_NXZ 1001233e f i libucrt:output.obj
 0001:0001133e       ?type_case_Z@?$output_processor@_WV?$string_output_adapter@_W@__crt_stdio_output@@V?$standard_base@_WV?$string_output_adapter@_W@__crt_stdio_output@@@2@@__crt_stdio_output@@AAE_NXZ 1001233e f i libucrt:output.obj
 0001:000113a1       ?type_case_a@?$output_processor@_WV?$string_output_adapter@_W@__crt_stdio_output@@V?$standard_base@_WV?$string_output_adapter@_W@__crt_stdio_output@@@2@@__crt_stdio_output@@AAE_NXZ 100123a1 f i libucrt:output.obj
 0001:000113a1       ?type_case_a@?$output_processor@_WV?$stream_output_adapter@_W@__crt_stdio_output@@V?$standard_base@_WV?$stream_output_adapter@_W@__crt_stdio_output@@@2@@__crt_stdio_output@@AAE_NXZ 100123a1 f i libucrt:output.obj
 0001:00011513       ?type_case_c_tchar@?$output_processor@_WV?$string_output_adapter@_W@__crt_stdio_output@@V?$standard_base@_WV?$string_output_adapter@_W@__crt_stdio_output@@@2@@__crt_stdio_output@@AAE_N_W@Z 10012513 f i libucrt:output.obj
 0001:00011513       ?type_case_c_tchar@?$output_processor@_WV?$stream_output_adapter@_W@__crt_stdio_output@@V?$standard_base@_WV?$stream_output_adapter@_W@__crt_stdio_output@@@2@@__crt_stdio_output@@AAE_N_W@Z 10012513 f i libucrt:output.obj
 0001:000115ab       ?type_case_integer@?$output_processor@_WV?$stream_output_adapter@_W@__crt_stdio_output@@V?$standard_base@_WV?$stream_output_adapter@_W@__crt_stdio_output@@@2@@__crt_stdio_output@@AAE_NI_N@Z 100125ab f i libucrt:output.obj
 0001:000115ab       ?type_case_integer@?$output_processor@_WV?$string_output_adapter@_W@__crt_stdio_output@@V?$standard_base@_WV?$string_output_adapter@_W@__crt_stdio_output@@@2@@__crt_stdio_output@@AAE_NI_N@Z 100125ab f i libucrt:output.obj
 0001:000116f5       ?type_case_n@?$output_processor@_WV?$string_output_adapter@_W@__crt_stdio_output@@V?$standard_base@_WV?$string_output_adapter@_W@__crt_stdio_output@@@2@@__crt_stdio_output@@AAE_NXZ 100126f5 f i libucrt:output.obj
 0001:000116f5       ?type_case_n@?$output_processor@_WV?$stream_output_adapter@_W@__crt_stdio_output@@V?$standard_base@_WV?$stream_output_adapter@_W@__crt_stdio_output@@@2@@__crt_stdio_output@@AAE_NXZ 100126f5 f i libucrt:output.obj
 0001:00011769       ?type_case_o@?$output_processor@_WV?$string_output_adapter@_W@__crt_stdio_output@@V?$standard_base@_WV?$string_output_adapter@_W@__crt_stdio_output@@@2@@__crt_stdio_output@@AAE_NXZ 10012769 f i libucrt:output.obj
 0001:00011769       ?type_case_o@?$output_processor@_WV?$stream_output_adapter@_W@__crt_stdio_output@@V?$standard_base@_WV?$stream_output_adapter@_W@__crt_stdio_output@@@2@@__crt_stdio_output@@AAE_NXZ 10012769 f i libucrt:output.obj
 0001:00011788       ?type_case_p@?$output_processor@_WV?$stream_output_adapter@_W@__crt_stdio_output@@V?$standard_base@_WV?$stream_output_adapter@_W@__crt_stdio_output@@@2@@__crt_stdio_output@@AAE_NXZ 10012788 f i libucrt:output.obj
 0001:00011788       ?type_case_p@?$output_processor@_WV?$string_output_adapter@_W@__crt_stdio_output@@V?$standard_base@_WV?$string_output_adapter@_W@__crt_stdio_output@@@2@@__crt_stdio_output@@AAE_NXZ 10012788 f i libucrt:output.obj
 0001:000117a0       ?type_case_s@?$output_processor@_WV?$stream_output_adapter@_W@__crt_stdio_output@@V?$standard_base@_WV?$stream_output_adapter@_W@__crt_stdio_output@@@2@@__crt_stdio_output@@AAE_NXZ 100127a0 f i libucrt:output.obj
 0001:000117a0       ?type_case_s@?$output_processor@_WV?$string_output_adapter@_W@__crt_stdio_output@@V?$standard_base@_WV?$string_output_adapter@_W@__crt_stdio_output@@@2@@__crt_stdio_output@@AAE_NXZ 100127a0 f i libucrt:output.obj
 0001:00011814       ?type_case_s_compute_narrow_string_length@?$output_processor@_WV?$string_output_adapter@_W@__crt_stdio_output@@V?$standard_base@_WV?$string_output_adapter@_W@__crt_stdio_output@@@2@@__crt_stdio_output@@ABEHH_W@Z 10012814 f i libucrt:output.obj
 0001:00011814       ?type_case_s_compute_narrow_string_length@?$output_processor@_WV?$stream_output_adapter@_W@__crt_stdio_output@@V?$standard_base@_WV?$stream_output_adapter@_W@__crt_stdio_output@@@2@@__crt_stdio_output@@ABEHH_W@Z 10012814 f i libucrt:output.obj
 0001:00011854       ?write_character@?$stream_output_adapter@_W@__crt_stdio_output@@QBEX_WQAH@Z 10012854 f i libucrt:output.obj
 0001:00011894       ?write_character@?$string_output_adapter@_W@__crt_stdio_output@@QBE_N_WQAH@Z 10012894 f i libucrt:output.obj
 0001:000118d9       ?write_stored_string_tchar@?$output_processor@_WV?$stream_output_adapter@_W@__crt_stdio_output@@V?$standard_base@_WV?$stream_output_adapter@_W@__crt_stdio_output@@@2@@__crt_stdio_output@@AAE_N_W@Z 100128d9 f i libucrt:output.obj
 0001:00011964       ?write_stored_string_tchar@?$output_processor@_WV?$string_output_adapter@_W@__crt_stdio_output@@V?$standard_base@_WV?$string_output_adapter@_W@__crt_stdio_output@@@2@@__crt_stdio_output@@AAE_N_W@Z 10012964 f i libucrt:output.obj
 0001:000119ef       ?write_string@?$stream_output_adapter@_W@__crt_stdio_output@@QBEXQB_WHQAH1@Z 100129ef f i libucrt:output.obj
 0001:00011a7c       ?write_string@?$string_output_adapter@_W@__crt_stdio_output@@QBEXQB_WHQAH1@Z 10012a7c f i libucrt:output.obj
 0001:00011b16       ___stdio_common_vfwprintf  10012b16 f   libucrt:output.obj
 0001:00011b8d       ___stdio_common_vswprintf  10012b8d f   libucrt:output.obj
 0001:00011bb1       ??$is_overflow_condition@K@__crt_strtox@@YA_NIK@Z 10012bb1 f i libucrt:atox.obj
 0001:00011be4       ??$parse_integer@KV?$c_string_character_source@_W@__crt_strtox@@@__crt_strtox@@YAKQAU__crt_locale_pointers@@V?$c_string_character_source@_W@0@H_N@Z 10012be4 f i libucrt:atox.obj
 0001:000122c9       ?unget@?$c_string_character_source@_W@__crt_strtox@@QAEX_W@Z 100132c9 f i libucrt:atox.obj
 0001:000122f5       ?validate@?$c_string_character_source@_W@__crt_strtox@@QBE_NXZ 100132f5 f i libucrt:atox.obj
 0001:000122f5       ?validate@?$stream_output_adapter@_W@__crt_stdio_output@@QBE_NXZ 100132f5 f i libucrt:output.obj
 0001:000122f5       ?validate@?$string_output_adapter@_W@__crt_stdio_output@@QBE_NXZ 100132f5 f i libucrt:output.obj
 0001:00012310       __chvalidchk_l             10013310 f i libucrt:atox.obj
 0001:0001233a       __ischartype_l             1001333a f i libucrt:atox.obj
 0001:0001236d       ___acrt_errno_from_os_error 1001336d f   libucrt:errno.obj
 0001:000123b0       ___acrt_errno_map_os_error 100133b0 f   libucrt:errno.obj
 0001:000123d3       ___doserrno                100133d3 f   libucrt:errno.obj
 0001:000123e6       __errno                    100133e6 f   libucrt:errno.obj
 0001:00012560       __tolower_l                10013560 f   libucrt:tolower_toupper.obj
 0001:0001257a       _tolower                   1001357a f   libucrt:tolower_toupper.obj
 0001:000125aa       ??$?RV<lambda_3518db117f0e7cdb002338c5d3c47b6c>@@AAV<lambda_b2ea41f6bbb362cd97d94c6828d90b61>@@V<lambda_abdedf541bb04549bc734292b4a045d4>@@@?$__crt_seh_guarded_call@X@@QAEX$$QAV<lambda_3518db117f0e7cdb002338c5d3c47b6c>@@AAV<lambda_b2ea41f6bbb362cd97d94c6828d90b61>@@$$QAV<lambda_abdedf541bb04549bc734292b4a045d4>@@@Z 100135aa f i libucrt:per_thread_data.obj
 0001:000125fa       ??$?RV<lambda_51b6e8b1eb166f2a3faf91f424b38130>@@AAV<lambda_6250bd4b2a391816dd638c3bf72b0bcb>@@V<lambda_0b5a4a3e68152e1d9b943535f5f47bed>@@@?$__crt_seh_guarded_call@X@@QAEX$$QAV<lambda_51b6e8b1eb166f2a3faf91f424b38130>@@AAV<lambda_6250bd4b2a391816dd638c3bf72b0bcb>@@$$QAV<lambda_0b5a4a3e68152e1d9b943535f5f47bed>@@@Z 100135fa f i libucrt:per_thread_data.obj
 0001:0001265b       ??$?RV<lambda_5b71d36f03204c0beab531769a5b5694>@@AAV<lambda_be2b3da3f62db62e9dad5dc70221a656>@@V<lambda_8f9ce462984622f9bf76b59e2aaaf805>@@@?$__crt_seh_guarded_call@X@@QAEX$$QAV<lambda_5b71d36f03204c0beab531769a5b5694>@@AAV<lambda_be2b3da3f62db62e9dad5dc70221a656>@@$$QAV<lambda_8f9ce462984622f9bf76b59e2aaaf805>@@@Z 1001365b f i libucrt:per_thread_data.obj
 0001:000126a6       ??$?RV<lambda_9df27f884b057bc3edfc946cb5b7cf47>@@AAV<lambda_e69574bed617af4e071282c136b37893>@@V<lambda_cc0d902bcbbeb830f749456577db4721>@@@?$__crt_seh_guarded_call@X@@QAEX$$QAV<lambda_9df27f884b057bc3edfc946cb5b7cf47>@@AAV<lambda_e69574bed617af4e071282c136b37893>@@$$QAV<lambda_cc0d902bcbbeb830f749456577db4721>@@@Z 100136a6 f i libucrt:per_thread_data.obj
 0001:000126ee       ??$__acrt_lock_and_call@V<lambda_6250bd4b2a391816dd638c3bf72b0bcb>@@@@YAXW4__acrt_lock_id@@$$QAV<lambda_6250bd4b2a391816dd638c3bf72b0bcb>@@@Z 100136ee f i libucrt:per_thread_data.obj
 0001:00012716       ??$__acrt_lock_and_call@V<lambda_b2ea41f6bbb362cd97d94c6828d90b61>@@@@YAXW4__acrt_lock_id@@$$QAV<lambda_b2ea41f6bbb362cd97d94c6828d90b61>@@@Z 10013716 f i libucrt:per_thread_data.obj
 0001:0001273e       ??$__acrt_lock_and_call@V<lambda_be2b3da3f62db62e9dad5dc70221a656>@@@@YAXW4__acrt_lock_id@@$$QAV<lambda_be2b3da3f62db62e9dad5dc70221a656>@@@Z 1001373e f i libucrt:per_thread_data.obj
 0001:00012766       ??$__acrt_lock_and_call@V<lambda_e69574bed617af4e071282c136b37893>@@@@YAXW4__acrt_lock_id@@$$QAV<lambda_e69574bed617af4e071282c136b37893>@@@Z 10013766 f i libucrt:per_thread_data.obj
 0001:0001291c       ___acrt_freeptd            1001391c f   libucrt:per_thread_data.obj
 0001:00012948       ___acrt_getptd             10013948 f   libucrt:per_thread_data.obj
 0001:000129cc       ___acrt_getptd_noexit      100139cc f   libucrt:per_thread_data.obj
 0001:00012a51       ___acrt_initialize_ptd     10013a51 f   libucrt:per_thread_data.obj
 0001:00012a7d       ___acrt_uninitialize_ptd   10013a7d f   libucrt:per_thread_data.obj
 0001:00012a97       ___acrt_update_locale_info 10013a97 f   libucrt:locale_update.obj
 0001:00012ac4       ___acrt_update_multibyte_info 10013ac4 f   libucrt:locale_update.obj
 0001:00012af1       ___acrt_set_locale_changed 10013af1 f   libucrt:wsetlocale.obj
 0001:00012afc       ___acrt_uninitialize_locale 10013afc f   libucrt:wsetlocale.obj
 0001:00012b4e       __query_app_type           10013b4e f   libucrt:report_runtime_error.obj
 0001:00012c41       __itow_s                   10013c41 f   libucrt:xtoa.obj
 0001:00012c76       __set_error_mode           10013c76 f   libucrt:set_error_mode.obj
 0001:00012cb5       _wcscat_s                  10013cb5 f   libucrt:wcscat_s.obj
 0001:00012d2a       _wcscpy_s                  10013d2a f   libucrt:wcscpy_s.obj
 0001:00012e77       _wcsncat_s                 10013e77 f   libucrt:wcsncat_s.obj
 0001:00012f7d       ___acrt_show_wide_message_box 10013f7d f   libucrt:crtmbox.obj
 0001:00012f88       ___acrt_initialize_stdio   10013f88 f   libucrt:_file.obj
 0001:00013050       ___acrt_iob_func           10014050 f   libucrt:_file.obj
 0001:00013060       ___acrt_uninitialize_stdio 10014060 f   libucrt:_file.obj
 0001:000130ac       __lock_file                100140ac f   libucrt:_file.obj
 0001:000130c0       __unlock_file              100140c0 f   libucrt:_file.obj
 0001:000130d4       ___acrt_stdio_flush_nolock 100140d4 f   libucrt:fflush.obj
 0001:0001313a       __fflush_nolock            1001413a f   libucrt:fflush.obj
 0001:00013181       __flushall                 10014181 f   libucrt:fflush.obj
 0001:00013262       _fflush                    10014262 f   libucrt:fflush.obj
 0001:000132bb       ??$?RV<lambda_d92cfe8357b99225085016881b624cb0>@@AAV<lambda_b721fa326cdb32351d23dfa67958c160>@@V<lambda_42d75b0848218ec137fa420c8ba9fdf9>@@@?$__crt_seh_guarded_call@H@@QAEH$$QAV<lambda_d92cfe8357b99225085016881b624cb0>@@AAV<lambda_b721fa326cdb32351d23dfa67958c160>@@$$QAV<lambda_42d75b0848218ec137fa420c8ba9fdf9>@@@Z 100142bb f i libucrt:setvbuf.obj
 0001:0001330c       ??$__acrt_lock_stream_and_call@V<lambda_b721fa326cdb32351d23dfa67958c160>@@@@YAHQAU_iobuf@@$$QAV<lambda_b721fa326cdb32351d23dfa67958c160>@@@Z 1001430c f i libucrt:setvbuf.obj
 0001:00013401       _setvbuf                   10014401 f   libucrt:setvbuf.obj
 0001:00013477       ??$?RV<lambda_a048d3beccc847880fc8490e18b82769>@@AAV<lambda_ec61778202f4f5fc7e7711acc23c3bca>@@V<lambda_f7496a158712204296dd6628a163878e>@@@?$__crt_seh_guarded_call@P6AXH@Z@@QAEP6AXH@Z$$QAV<lambda_a048d3beccc847880fc8490e18b82769>@@AAV<lambda_ec61778202f4f5fc7e7711acc23c3bca>@@$$QAV<lambda_f7496a158712204296dd6628a163878e>@@@Z 10014477 f i libucrt:signal.obj
 0001:000134d1       ??$__acrt_lock_and_call@V<lambda_ec61778202f4f5fc7e7711acc23c3bca>@@@@YAP6AXH@ZW4__acrt_lock_id@@$$QAV<lambda_ec61778202f4f5fc7e7711acc23c3bca>@@@Z 100144d1 f i libucrt:signal.obj
 0001:00013563       ___acrt_get_sigabrt_handler 10014563 f   libucrt:signal.obj
 0001:0001357a       ___acrt_initialize_signal_handlers 1001457a f   libucrt:signal.obj
 0001:000135b5       ___fpecode                 100145b5 f   libucrt:signal.obj
 0001:000135be       _raise                     100145be f   libucrt:signal.obj
 0001:000137c6       ___acrt_initialize_locks   100147c6 f   libucrt:locks.obj
 0001:00013807       ___acrt_lock               10014807 f   libucrt:locks.obj
 0001:0001381e       ___acrt_uninitialize_locks 1001481e f   libucrt:locks.obj
 0001:0001384f       ___acrt_unlock             1001484f f   libucrt:locks.obj
 0001:000139b1       ___acrt_FlsAlloc@4         100149b1 f   libucrt:winapi_thunks.obj
 0001:00013a07       ___acrt_FlsFree@4          10014a07 f   libucrt:winapi_thunks.obj
 0001:00013a5d       ___acrt_FlsGetValue@4      10014a5d f   libucrt:winapi_thunks.obj
 0001:00013ab3       ___acrt_FlsSetValue@8      10014ab3 f   libucrt:winapi_thunks.obj
 0001:00013b0c       ___acrt_InitializeCriticalSectionEx@12 10014b0c f   libucrt:winapi_thunks.obj
 0001:00013b6e       ___acrt_LCMapStringEx@36   10014b6e f   libucrt:winapi_thunks.obj
 0001:00013bf6       ___acrt_LocaleNameToLCID@8 10014bf6 f   libucrt:winapi_thunks.obj
 0001:00013c52       ___acrt_MessageBoxW@16     10014c52 f   libucrt:winapi_thunks.obj
 0001:00013c9b       ___acrt_can_show_message_box 10014c9b f   libucrt:winapi_thunks.obj
 0001:00013cb4       ___acrt_get_parent_window  10014cb4 f   libucrt:winapi_thunks.obj
 0001:00013d33       ___acrt_initialize_winapi_thunks 10014d33 f   libucrt:winapi_thunks.obj
 0001:00013d59       ___acrt_is_interactive     10014d59 f   libucrt:winapi_thunks.obj
 0001:00013dff       ___acrt_is_packaged_app    10014dff f   libucrt:winapi_thunks.obj
 0001:00013e86       ___acrt_uninitialize_winapi_thunks 10014e86 f   libucrt:winapi_thunks.obj
 0001:0001427e       ??1?$argument_list@D@?A0xb0e4b824@@QAE@XZ 1001527e f i libucrt:argv_wildcards.obj
 0001:000142a3       ?append@?$argument_list@D@?A0xb0e4b824@@QAEHQAD@Z 100152a3 f i libucrt:argv_wildcards.obj
 0001:000142d8       ?expand_if_necessary@?$argument_list@D@?A0xb0e4b824@@AAEHXZ 100152d8 f i libucrt:argv_wildcards.obj
 0001:0001435f       ___acrt_expand_narrow_argv_wildcards 1001535f f   libucrt:argv_wildcards.obj
 0001:0001436a       ??$?RV<lambda_978dc153c237d78434369da87b74ff60>@@AAV<lambda_ad1ced32f4ac17aa236e5ef05d6b3b7c>@@V<lambda_4a8533e2866a575feecb8298ce776b0d>@@@?$__crt_seh_guarded_call@X@@QAEX$$QAV<lambda_978dc153c237d78434369da87b74ff60>@@AAV<lambda_ad1ced32f4ac17aa236e5ef05d6b3b7c>@@$$QAV<lambda_4a8533e2866a575feecb8298ce776b0d>@@@Z 1001536a f i libucrt:mbctype.obj
 0001:000143ad       ??$__acrt_lock_and_call@V<lambda_ad1ced32f4ac17aa236e5ef05d6b3b7c>@@@@YAXW4__acrt_lock_id@@$$QAV<lambda_ad1ced32f4ac17aa236e5ef05d6b3b7c>@@@Z 100153ad f i libucrt:mbctype.obj
 0001:00014844       ___acrt_initialize_multibyte 10015844 f   libucrt:mbctype.obj
 0001:00014862       ___acrt_update_thread_multibyte_data 10015862 f   libucrt:mbctype.obj
 0001:00014904       __setmbcp_nolock           10015904 f   libucrt:mbctype.obj
 0001:00014bcf       __ismbblead                10015bcf f   libucrt:ismbbyte.obj
 0001:00014be7       ___acrt_initialize_command_line 10015be7 f   libucrt:argv_data.obj
 0001:00014c37       ___dcrt_get_narrow_environment_from_os 10015c37 f   libucrt:get_environment_from_os.obj
 0001:00014cba       __recalloc                 10015cba f   libucrt:recalloc.obj
 0001:00014cc5       __recalloc_base            10015cc5 f   libucrt:recalloc.obj
 0001:00014d32       ___acrt_initialize_heap    10015d32 f   libucrt:heap_handle.obj
 0001:00014d43       ___acrt_uninitialize_heap  10015d43 f   libucrt:heap_handle.obj
 0001:00014eb9       ___acrt_initialize_lowio   10015eb9 f   libucrt:ioinit.obj
 0001:00014f0f       ___acrt_uninitialize_lowio 10015f0f f   libucrt:ioinit.obj
 0001:00014f3b       ___acrt_execute_initializers 10015f3b f   libucrt:shared_initialization.obj
 0001:00014fbe       ___acrt_execute_uninitializers 10015fbe f   libucrt:shared_initialization.obj
 0001:0001500b       ___acrt_has_user_matherr   1001600b f   libucrt:matherr.obj
 0001:00015024       ___acrt_initialize_user_matherr 10016024 f   libucrt:matherr.obj
 0001:00015038       ___acrt_invoke_user_matherr 10016038 f   libucrt:matherr.obj
 0001:00015081       ___acrt_stdio_begin_temporary_buffering_nolock 10016081 f   libucrt:_sftbuf.obj
 0001:00015136       ___acrt_stdio_end_temporary_buffering_nolock 10016136 f   libucrt:_sftbuf.obj
 0001:0001516f       __query_new_mode           1001616f f   libucrt:new_mode.obj
 0001:00015175       __isdigit_l                10016175 f i libucrt:_ctype.obj
 0001:000151ad       _isdigit                   100161ad f i libucrt:_ctype.obj
 0001:000151da       ??$make_c_string_character_source@_WPAPA_W@__crt_strtox@@YA?AV?$c_string_character_source@_W@0@QB_WQAPA_W@Z 100161da f i libucrt:strtox.obj
 0001:000151f5       _wcstol                    100161f5 f   libucrt:strtox.obj
 0001:00015221       __mbtowc_l                 10016221 f   libucrt:mbtowc.obj
 0001:0001531b       _mbtowc                    1001631b f   libucrt:mbtowc.obj
 0001:00015335       __wctomb_s_l               10016335 f   libucrt:wctomb.obj
 0001:00015456       _wctomb_s                  10016456 f   libucrt:wctomb.obj
 0001:00015473       _wcsnlen                   10016473 f   libucrt:strnlen.obj
 0001:0001562a       ?__acrt_fp_classify@@YA?AW4__acrt_fp_class@@ABN@Z 1001662a f i libucrt:cvt.obj
 0001:00015696       ?__acrt_fp_is_negative@@YA_NABN@Z 10016696 f i libucrt:cvt.obj
 0001:00015ef5       ___acrt_fp_format          10016ef5 f   libucrt:cvt.obj
 0001:00016071       __fputwc_nolock            10017071 f   libucrt:fputwc.obj
 0001:00016197       __fileno                   10017197 f   libucrt:fileno.obj
 0001:000161bd       __fputc_nolock             100171bd f   libucrt:fputc.obj
 0001:000161e6       __get_printf_count_output  100171e6 f   libucrt:printf_count_output.obj
 0001:000161fb       ___pctype_func             100171fb f   libucrt:ctype.obj
 0001:00016221       _iswctype                  10017221 f   libucrt:iswctype.obj
 0001:00016280       __isctype_l                10017280 f   libucrt:isctype.obj
 0001:00016352       __isleadbyte_l             10017352 f i libucrt:_wctype.obj
 0001:000165a8       ___acrt_LCMapStringA       100175a8 f   libucrt:lcmapstringa.obj
 0001:000165f3       __freea_crt                100175f3 f i libucrt:lcmapstringa.obj
 0001:00016613       ___acrt_add_locale_ref     10017613 f   libucrt:locale_refcounting.obj
 0001:00016690       ___acrt_free_locale        10017690 f   libucrt:locale_refcounting.obj
 0001:000167da       ___acrt_locale_add_lc_time_reference 100177da f   libucrt:locale_refcounting.obj
 0001:00016803       ___acrt_locale_free_lc_time_if_unreferenced 10017803 f   libucrt:locale_refcounting.obj
 0001:00016833       ___acrt_locale_release_lc_time_reference 10017833 f   libucrt:locale_refcounting.obj
 0001:0001685c       ___acrt_release_locale_ref 1001785c f   libucrt:locale_refcounting.obj
 0001:000168dd       ___acrt_update_thread_locale_data 100178dd f   libucrt:locale_refcounting.obj
 0001:00016954       __updatetlocinfoEx_nolock  10017954 f   libucrt:locale_refcounting.obj
 0001:000169a4       ___acrt_locale_free_monetary 100179a4 f   libucrt:initmon.obj
 0001:00016aa2       ___acrt_locale_free_numeric 10017aa2 f   libucrt:initnum.obj
 0001:00016b47       ___acrt_locale_free_time   10017b47 f   libucrt:inittime.obj
 0001:00016c2b       ___acrt_GetStringTypeA     10017c2b f   libucrt:getstringtypea.obj
 0001:00016d48       __fcloseall                10017d48 f   libucrt:closeall.obj
 0001:00016de8       ___acrt_stdio_free_buffer_nolock 10017de8 f   libucrt:_freebuf.obj
 0001:00016e26       ??$?RV<lambda_61cee617f5178ae960314fd4d05640a0>@@AAV<lambda_6978c1fb23f02e42e1d9e99668cc68aa>@@V<lambda_9cd88cf8ad10232537feb2133f08c833>@@@?$__crt_seh_guarded_call@H@@QAEH$$QAV<lambda_61cee617f5178ae960314fd4d05640a0>@@AAV<lambda_6978c1fb23f02e42e1d9e99668cc68aa>@@$$QAV<lambda_9cd88cf8ad10232537feb2133f08c833>@@@Z 10017e26 f i libucrt:commit.obj
 0001:00016ebe       ??$__acrt_lowio_lock_fh_and_call@V<lambda_6978c1fb23f02e42e1d9e99668cc68aa>@@@@YAHH$$QAV<lambda_6978c1fb23f02e42e1d9e99668cc68aa>@@@Z 10017ebe f i libucrt:commit.obj
 0001:00016ee6       __commit                   10017ee6 f   libucrt:commit.obj
 0001:000174e5       __write                    100184e5 f   libucrt:write.obj
 0001:000175d0       __write_nolock             100185d0 f   libucrt:write.obj
 0001:00017898       ___acrt_DownlevelLocaleNameToLCID 10018898 f   libucrt:lcidtoname_downlevel.obj
 0001:000179b0       _qsort                     100189b0 f   libucrt:qsort.obj
 0001:00017dfb       _strncpy_s                 10018dfb f   libucrt:strncpy_s.obj
 0001:00017e10       _strpbrk                   10018e10 f   libucrt:strpbrk.obj
 0001:00017e50       __mbsdec                   10018e50 f   libucrt:mbsdec.obj
 0001:00017e67       __mbsdec_l                 10018e67 f   libucrt:mbsdec.obj
 0001:00017f03       __msize                    10018f03 f   libucrt:msize.obj
 0001:00017f36       __realloc_base             10018f36 f   libucrt:realloc_base.obj
 0001:00017f9f       ___acrt_lowio_create_handle_array 10018f9f f   libucrt:osfinfo.obj
 0001:00018019       ___acrt_lowio_destroy_handle_array 10019019 f   libucrt:osfinfo.obj
 0001:0001804e       ___acrt_lowio_ensure_fh_exists 1001904e f   libucrt:osfinfo.obj
 0001:000180e6       ___acrt_lowio_lock_fh      100190e6 f   libucrt:osfinfo.obj
 0001:00018109       ___acrt_lowio_unlock_fh    10019109 f   libucrt:osfinfo.obj
 0001:0001812c       __free_osfhnd              1001912c f   libucrt:osfinfo.obj
 0001:000181bd       __get_osfhandle            100191bd f   libucrt:osfinfo.obj
 0001:00018227       __isatty                   10019227 f   libucrt:isatty.obj
 0001:0001827d       ___acrt_fp_strflt_to_string 1001927d f   libucrt:_fptostr.obj
 0001:00018339       ??0scoped_fp_state_reset@?A0x48fbfdd4@@QAE@XZ 10019339 f i libucrt:cfout.obj
 0001:00018370       ?divide@__crt_strtox@@YA_KAAUbig_integer@1@ABU21@@Z 10019370 f i libucrt:cfout.obj
 0001:0001881e       ___acrt_fltout             1001981e f   libucrt:cfout.obj
 0001:00019f80       ___acrt_stdio_flush_and_write_narrow_nolock 1001af80 f   libucrt:_flsbuf.obj
 0001:00019f8b       ___acrt_stdio_flush_and_write_wide_nolock 1001af8b f   libucrt:_flsbuf.obj
 0001:00019f96       ___strncnt                 1001af96 f   libucrt:strncnt.obj
 0001:00019fb2       __fclose_nolock            1001afb2 f   libucrt:fclose.obj
 0001:0001a028       _fclose                    1001b028 f   libucrt:fclose.obj
 0001:0001a22b       __lseeki64                 1001b22b f   libucrt:lseek.obj
 0001:0001a246       __lseeki64_nolock          1001b246 f   libucrt:lseek.obj
 0001:0001a261       __putwch_nolock            1001b261 f   libucrt:putwch.obj
 0001:0001a2a6       _fegetenv                  1001b2a6 f   libucrt:fegetenv.obj
 0001:0001a2c3       _fesetenv                  1001b2c3 f   libucrt:fesetenv.obj
 0001:0001a30c       _feholdexcept              1001b30c f   libucrt:feholdexcept.obj
 0001:0001a360       _log10                     1001b360 f   libucrt:log10.obj
 0001:0001a3a0       __CIlog10                  1001b3a0 f   libucrt:log10.obj
 0001:0001a3db       __CIlog10_default          1001b3db f   libucrt:log10.obj
 0001:0001a3ef       __log10_default            1001b3ef     libucrt:log10.obj
 0001:0001a4b0       _ceil                      1001b4b0 f   libucrt:ceil_pentium4.obj
 0001:0001a4f0       __ceil_pentium4            1001b4f0 f   libucrt:ceil_pentium4.obj
 0001:0001a5cd       ___acrt_stdio_allocate_buffer_nolock 1001b5cd f   libucrt:_getbuf.obj
 0001:0001a62a       ??$?RV<lambda_123407a5e2ac06da108355a851863b7a>@@AAV<lambda_2fe9b910cf3cbf4a0ab98a02ba45b3ec>@@V<lambda_ae55bdf541ad94d75914d381c370e64d>@@@?$__crt_seh_guarded_call@H@@QAEH$$QAV<lambda_123407a5e2ac06da108355a851863b7a>@@AAV<lambda_2fe9b910cf3cbf4a0ab98a02ba45b3ec>@@$$QAV<lambda_ae55bdf541ad94d75914d381c370e64d>@@@Z 1001b62a f i libucrt:close.obj
 0001:0001a6ac       ??$__acrt_lowio_lock_fh_and_call@V<lambda_2fe9b910cf3cbf4a0ab98a02ba45b3ec>@@@@YAHH$$QAV<lambda_2fe9b910cf3cbf4a0ab98a02ba45b3ec>@@@Z 1001b6ac f i libucrt:close.obj
 0001:0001a6d4       __close                    1001b6d4 f   libucrt:close.obj
 0001:0001a753       __close_nolock             1001b753 f   libucrt:close.obj
 0001:0001a7ef       ?__acrt_stdio_free_stream@@YAXV__crt_stdio_stream@@@Z 1001b7ef f   libucrt:stream.obj
 0001:0001a82a       ___dcrt_lowio_initialize_console_output 1001b82a f   libucrt:initcon.obj
 0001:0001a849       ___dcrt_terminate_console_output 1001b849 f   libucrt:initcon.obj
 0001:0001a860       ___ascii_strnicmp          1001b860 f   libucrt:_strnicm.obj
 0001:0001ab64       __getfpcontrolword         1001bb64 f   libucrt:_fenvutils.obj
 0001:0001aba7       __getfpstatusword          1001bba7 f   libucrt:_fenvutils.obj
 0001:0001ac4f       __setfpcontrolword         1001bc4f f   libucrt:_fenvutils.obj
 0001:0001accf       __setfpstatusword          1001bccf f   libucrt:_fenvutils.obj
 0001:0001ad4f       __clearfp                  1001bd4f f   libucrt:ieee87.obj
 0001:0001ae2d       ___acrt_initialize_sse2    1001be2d f   libucrt:mathfcns.obj
[...]
 0002:00001c48       ?candidate_modules@?1??try_get_GetUserObjectInformationW@@YAP6GHPAXH0KPAK@ZXZ@4QBW4module_id@?A0x352e5c4b@@B 10020c48     libucrt:winapi_thunks.obj
 0002:00001c6c       ?candidate_modules@?1??try_get_InitializeCriticalSectionEx@@YAP6GHPAU_RTL_CRITICAL_SECTION@@KK@ZXZ@4QBW4module_id@?A0x352e5c4b@@B 10020c6c     libucrt:winapi_thunks.obj
 0002:00001c74       ?candidate_modules@?1??try_get_LCMapStringEx@@YAP6GHPB_WK0HPA_WHPAU_nlsversioninfo@@PAXJ@ZXZ@4QBW4module_id@?A0x352e5c4b@@B 10020c74     libucrt:winapi_thunks.obj
 0002:00001c8c       ?candidate_modules@?1??try_get_LocaleNameToLCID@@YAP6GKPB_WK@ZXZ@4QBW4module_id@?A0x352e5c4b@@B 10020c8c     libucrt:winapi_thunks.obj
 0002:00001ca8       ?candidate_modules@?1??try_get_MessageBoxA@@YAP6GHPAUHWND__@@PBD1I@ZXZ@4QBW4module_id@?A0x352e5c4b@@B 10020ca8     libucrt:winapi_thunks.obj
 0002:00001cbc       ?candidate_modules@?1??try_get_MessageBoxW@@YAP6GHPAUHWND__@@PB_W1I@ZXZ@4QBW4module_id@?A0x352e5c4b@@B 10020cbc     libucrt:winapi_thunks.obj
 0002:00001cd0       __mb_locale_names          10020cd0     libucrt:mbctype.obj
 0002:00002568       _LcidToLocaleNameTable     10021568     libucrt:lcidtoname_downlevel.obj
 0002:00003688       _LocaleNameToIndexTable    10022688     libucrt:lcidtoname_downlevel.obj
 0002:00004fc0       LOG_name                   10023fc0     libucrt:log10.obj
 0002:00004fd0       _One                       10023fd0     libucrt:ceil_pentium4.obj
 0002:00004fe0       _Bns                       10023fe0     libucrt:ceil_pentium4.obj
 0002:00004ff0       _Zero                      10023ff0     libucrt:ceil_pentium4.obj
 0002:00005000       _S                         10024000     libucrt:ceil_pentium4.obj
 0002:00005010       _NegZero                   10024010     libucrt:ceil_pentium4.obj
 0002:00005030       emask                      10024030     libucrt:log10_pentium4.obj
 0002:00005040       CC                         10024040     libucrt:log10_pentium4.obj
 0002:00005050       Magic                      10024050     libucrt:log10_pentium4.obj
 0002:00005060       hi_mask                    10024060     libucrt:log10_pentium4.obj
 0002:00005070       LOG10_2                    10024070     libucrt:log10_pentium4.obj
 0002:00005080       place_L                    10024080     libucrt:log10_pentium4.obj
 0002:000050a0       One                        100240a0     libucrt:log10_pentium4.obj
 0002:000050b0       Zero                       100240b0     libucrt:log10_pentium4.obj
 0002:000050c0       Two52                      100240c0     libucrt:log10_pentium4.obj
 0002:000050d0       Infs                       100240d0     libucrt:log10_pentium4.obj
 0002:000050e0       NaN                        100240e0     libucrt:log10_pentium4.obj
 0002:000050f0       coeff                      100240f0     libucrt:log10_pentium4.obj
 0002:0000514e       _log2max                   1002414e     libucrt:87tran.obj
 0002:00005158       _smallarg                  10024158     libucrt:87tran.obj
 0002:00005162       _half                      10024162     libucrt:87tran.obj
 0002:000051ae       One                        100241ae     libucrt:87disp.obj
 0002:000051b6       Three                      100241b6     libucrt:87disp.obj
 0002:000051be       XAMtoTagTab                100241be     libucrt:87disp.obj
 0002:000051d0       One                        100241d0     libucrt:common.obj
 0002:000051e4       DblMax                     100241e4     libucrt:common.obj
 0002:000051ec       DblMin                     100241ec     libucrt:common.obj
 0002:000051f4       IeeeAdjO                   100241f4     libucrt:common.obj
 0002:000051fc       IeeeAdjU                   100241fc     libucrt:common.obj
 0002:00005204       _infinity                  10024204     libucrt:common.obj
 0002:0000520c       _zero                      1002420c     libucrt:common.obj
 0002:00005248       _over                      10024248     libucrt:fpctrl.obj
 0002:00005254       _under                     10024254     libucrt:fpctrl.obj
 0002:00005b18       ?_names@?1??_get_fname@@9@9 10024b18     libucrt:fpexcept.obj
 0002:000069a0       _Int32ToUInt32             100259a0     LIBCMT:_ftol3_.obj
 0002:000069a8       _DP2to32                   100259a8     LIBCMT:_ftol3_.obj
 0002:000069b0       _MantissaMask              100259b0     LIBCMT:_ftol3_.obj
 0002:000069b8       _IntegerBit                100259b8     LIBCMT:_ftol3_.obj
 0002:000069c0       _SignBit64                 100259c0     LIBCMT:_ftol3_.obj
 0002:000069c8       _MinFP64                   100259c8     LIBCMT:_ftol3_.obj
 0002:000069d0       _MinInt64                  100259d0     LIBCMT:_ftol3_.obj
 0002:000069d8       _MaxInt64                  100259d8     LIBCMT:_ftol3_.obj
 0002:000069e0       _MaxUInt64                 100259e0     LIBCMT:_ftol3_.obj
 0002:000069e8       _MaxFP32                   100259e8     LIBCMT:_ftol3_.obj
 0002:000069f0       _MinFP32                   100259f0     LIBCMT:_ftol3_.obj
 0002:000069f8       _MinSubInexact             100259f8     LIBCMT:_ftol3_.obj
 0002:00006a00       _FpExcptTable              10025a00     LIBCMT:_ftol3_.obj
 0002:00006a10       _i1075                     10025a10     LIBCMT:_ftol3_.obj
 0002:00006a14       _i1087                     10025a14     LIBCMT:_ftol3_.obj
 0002:00006a18       _x0800                     10025a18     LIBCMT:_ftol3_.obj
 0002:00006a1c       _x17FF                     10025a1c     LIBCMT:_ftol3_.obj
 0002:00006a20       _CWMask                    10025a20     LIBCMT:_ftol3_.obj
 0002:00007160       __sehtable$___scrt_is_nonwritable_in_current_image 10026160     LIBCMT:utility.obj
 0002:00007180       __sehtable$?dllmain_crt_process_attach@@YAHQAUHINSTANCE__@@QAX@Z 10026180     LIBCMT:dll_dllmain.obj
 0002:000071a0       __sehtable$?dllmain_crt_process_detach@@YAH_N@Z 100261a0     LIBCMT:dll_dllmain.obj
 0002:000071c0       __sehtable$?dllmain_dispatch@@YAHQAUHINSTANCE__@@KQAX@Z 100261c0     LIBCMT:dll_dllmain.obj
 0002:00007218       __sehtable$__query_new_handler 10026218     libucrt:new_handler.obj
 0002:00007238       __sehtable$?common_exit@@YAXHW4_crt_exit_cleanup_mode@@W4_crt_exit_return_mode@@@Z 10026238     libucrt:exit.obj
 0002:00007260       __sehtable$??$?RV<lambda_800076c951b434888f4765a74a194fcc>@@AAV<lambda_4e60a939b0d047cfe11ddc22648dfba9>@@V<lambda_6dbb1268764f43b569ce7b67e331d33a>@@@?$__crt_seh_guarded_call@H@@QAEH$$QAV<lambda_800076c951b434888f4765a74a194fcc>@@AAV<lambda_4e60a939b0d047cfe11ddc22648dfba9>@@$$QAV<lambda_6dbb1268764f43b569ce7b67e331d33a>@@@Z 10026260     libucrt:onexit.obj
 0002:00007280       __sehtable$??$?RV<lambda_995298e7d72eb4c2aab26c0585b3abe5>@@AAV<lambda_275893d493268fdec8709772e3fcec0e>@@V<lambda_293819299cbf9a7022e18b56a874bb5c>@@@?$__crt_seh_guarded_call@H@@QAEH$$QAV<lambda_995298e7d72eb4c2aab26c0585b3abe5>@@AAV<lambda_275893d493268fdec8709772e3fcec0e>@@$$QAV<lambda_293819299cbf9a7022e18b56a874bb5c>@@@Z 10026280     libucrt:onexit.obj
 0002:000072a0       __sehtable$_terminate      100262a0     libucrt:terminate.obj
 0002:000072c0       __sehtable$??$?RV<lambda_ab9923ffb5d694ec0d78876dd103e44f>@@AAV<lambda_481dd5778c961fbcd3b60b650e9b9dc4>@@V<lambda_7923d86c9e3f319b415918ec4b39749c>@@@?$__crt_seh_guarded_call@H@@QAEH$$QAV<lambda_ab9923ffb5d694ec0d78876dd103e44f>@@AAV<lambda_481dd5778c961fbcd3b60b650e9b9dc4>@@$$QAV<lambda_7923d86c9e3f319b415918ec4b39749c>@@@Z 100262c0     libucrt:output.obj
 0002:000072e0       __sehtable$??$?RV<lambda_9df27f884b057bc3edfc946cb5b7cf47>@@AAV<lambda_e69574bed617af4e071282c136b37893>@@V<lambda_cc0d902bcbbeb830f749456577db4721>@@@?$__crt_seh_guarded_call@X@@QAEX$$QAV<lambda_9df27f884b057bc3edfc946cb5b7cf47>@@AAV<lambda_e69574bed617af4e071282c136b37893>@@$$QAV<lambda_cc0d902bcbbeb830f749456577db4721>@@@Z 100262e0     libucrt:per_thread_data.obj
 0002:00007300       __sehtable$??$?RV<lambda_3518db117f0e7cdb002338c5d3c47b6c>@@AAV<lambda_b2ea41f6bbb362cd97d94c6828d90b61>@@V<lambda_abdedf541bb04549bc734292b4a045d4>@@@?$__crt_seh_guarded_call@X@@QAEX$$QAV<lambda_3518db117f0e7cdb002338c5d3c47b6c>@@AAV<lambda_b2ea41f6bbb362cd97d94c6828d90b61>@@$$QAV<lambda_abdedf541bb04549bc734292b4a045d4>@@@Z 10026300     libucrt:per_thread_data.obj
 0002:00007320       __sehtable$??$?RV<lambda_51b6e8b1eb166f2a3faf91f424b38130>@@AAV<lambda_6250bd4b2a391816dd638c3bf72b0bcb>@@V<lambda_0b5a4a3e68152e1d9b943535f5f47bed>@@@?$__crt_seh_guarded_call@X@@QAEX$$QAV<lambda_51b6e8b1eb166f2a3faf91f424b38130>@@AAV<lambda_6250bd4b2a391816dd638c3bf72b0bcb>@@$$QAV<lambda_0b5a4a3e68152e1d9b943535f5f47bed>@@@Z 10026320     libucrt:per_thread_data.obj
 0002:00007340       __sehtable$??$?RV<lambda_5b71d36f03204c0beab531769a5b5694>@@AAV<lambda_be2b3da3f62db62e9dad5dc70221a656>@@V<lambda_8f9ce462984622f9bf76b59e2aaaf805>@@@?$__crt_seh_guarded_call@X@@QAEX$$QAV<lambda_5b71d36f03204c0beab531769a5b5694>@@AAV<lambda_be2b3da3f62db62e9dad5dc70221a656>@@$$QAV<lambda_8f9ce462984622f9bf76b59e2aaaf805>@@@Z 10026340     libucrt:per_thread_data.obj
 0002:00007360       __sehtable$___acrt_uninitialize_locale 10026360     libucrt:wsetlocale.obj
 0002:00007380       __sehtable$_fflush         10026380     libucrt:fflush.obj
 0002:000073a0       __sehtable$_common_flush_all 100263a0     libucrt:fflush.obj
 0002:000073c8       __sehtable$??$?RV<lambda_d92cfe8357b99225085016881b624cb0>@@AAV<lambda_b721fa326cdb32351d23dfa67958c160>@@V<lambda_42d75b0848218ec137fa420c8ba9fdf9>@@@?$__crt_seh_guarded_call@H@@QAEH$$QAV<lambda_d92cfe8357b99225085016881b624cb0>@@AAV<lambda_b721fa326cdb32351d23dfa67958c160>@@$$QAV<lambda_42d75b0848218ec137fa420c8ba9fdf9>@@@Z 100263c8     libucrt:setvbuf.obj
 0002:000073e8       __sehtable$_raise          100263e8     libucrt:signal.obj
 0002:00007408       __sehtable$??$?RV<lambda_a048d3beccc847880fc8490e18b82769>@@AAV<lambda_ec61778202f4f5fc7e7711acc23c3bca>@@V<lambda_f7496a158712204296dd6628a163878e>@@@?$__crt_seh_guarded_call@P6AXH@Z@@QAEP6AXH@Z$$QAV<lambda_a048d3beccc847880fc8490e18b82769>@@AAV<lambda_ec61778202f4f5fc7e7711acc23c3bca>@@$$QAV<lambda_f7496a158712204296dd6628a163878e>@@@Z 10026408     libucrt:signal.obj
 0002:00007428       __sehtable$___acrt_update_thread_multibyte_data 10026428     libucrt:mbctype.obj
 0002:00007448       __sehtable$??$?RV<lambda_978dc153c237d78434369da87b74ff60>@@AAV<lambda_ad1ced32f4ac17aa236e5ef05d6b3b7c>@@V<lambda_4a8533e2866a575feecb8298ce776b0d>@@@?$__crt_seh_guarded_call@X@@QAEX$$QAV<lambda_978dc153c237d78434369da87b74ff60>@@AAV<lambda_ad1ced32f4ac17aa236e5ef05d6b3b7c>@@$$QAV<lambda_4a8533e2866a575feecb8298ce776b0d>@@@Z 10026448     libucrt:mbctype.obj
 0002:00007468       __sehtable$___acrt_initialize_lowio 10026468     libucrt:ioinit.obj
 0002:00007488       __sehtable$___acrt_update_thread_locale_data 10026488     libucrt:locale_refcounting.obj
 0002:000074a8       __sehtable$__fcloseall     100264a8     libucrt:closeall.obj
 0002:000074c8       __sehtable$??$?RV<lambda_61cee617f5178ae960314fd4d05640a0>@@AAV<lambda_6978c1fb23f02e42e1d9e99668cc68aa>@@V<lambda_9cd88cf8ad10232537feb2133f08c833>@@@?$__crt_seh_guarded_call@H@@QAEH$$QAV<lambda_61cee617f5178ae960314fd4d05640a0>@@AAV<lambda_6978c1fb23f02e42e1d9e99668cc68aa>@@$$QAV<lambda_9cd88cf8ad10232537feb2133f08c833>@@@Z 100264c8     libucrt:commit.obj
 0002:000074e8       __sehtable$__write         100264e8     libucrt:write.obj
 0002:00007508       __sehtable$___acrt_lowio_ensure_fh_exists 10026508     libucrt:osfinfo.obj
 0002:00007528       __sehtable$_fclose         10026528     libucrt:fclose.obj
 0002:00007548       __sehtable$??$common_lseek@_J@@YA_JH_JH@Z 10026548     libucrt:lseek.obj
 0002:00007568       __sehtable$??$?RV<lambda_123407a5e2ac06da108355a851863b7a>@@AAV<lambda_2fe9b910cf3cbf4a0ab98a02ba45b3ec>@@V<lambda_ae55bdf541ad94d75914d381c370e64d>@@@?$__crt_seh_guarded_call@H@@QAEH$$QAV<lambda_123407a5e2ac06da108355a851863b7a>@@AAV<lambda_2fe9b910cf3cbf4a0ab98a02ba45b3ec>@@$$QAV<lambda_ae55bdf541ad94d75914d381c370e64d>@@@Z 10026568     libucrt:close.obj
 0002:00007588       __sehtable$__IsNonwritableInCurrentImage 10026588     LIBCMT:pesect.obj
 0002:000075b0       .edata                     100265b0     sql_addon.exp
 0002:000075d8       rgpv                       100265d8     sql_addon.exp
 0002:000075dc       rgszName                   100265dc     sql_addon.exp
 0002:000075e0       rgwOrd                     100265e0     sql_addon.exp
 0002:000075e2       szName                     100265e2     sql_addon.exp
 0002:000075f1       $N00001                    100265f1     sql_addon.exp
 0002:00007998       .idata$6                   10026998     kernel32:KERNEL32.dll
 0002:00008e64       .idata$6                   10027e64     iojs:node.dll
 0002:0000916c       .idata$6                   1002816c     sqlite3:sqlite3.dll
 0003:00000010       ?__vcrt_flsindex@@3KA      10029010     libvcruntime:per_thread_data.obj
 0003:00000034       _errno_no_memory           10029034     libucrt:errno.obj
 0003:00000038       _doserrno_no_memory        10029038     libucrt:errno.obj
 0003:0000003c       ___acrt_flsindex           1002903c     libucrt:per_thread_data.obj
 0003:000001b0       ___rgctypeflag             100291b0     libucrt:mbctype.obj
 0003:000001b8       ___rgcode_page_info        100291b8     libucrt:mbctype.obj
 0003:00000790       __module                   10029790     node_sqlite3.obj
 0003:000008a0       ?module_local_atexit_table@@3U_onexit_table_t@@A 100298a0     LIBCMT:utility.obj
 0003:000008ac       ?module_local_at_quick_exit_table@@3U_onexit_table_t@@A 100298ac     LIBCMT:utility.obj
 0003:000008b8       ?is_initialized_as_dll@@3_NA 100298b8     LIBCMT:utility.obj
 0003:000008bc       ?__proc_attached@@3HA      100298bc     LIBCMT:dll_dllmain.obj
 0003:000008c0       _GS_ExceptionRecord        100298c0     LIBCMT:gs_report.obj
 0003:00000910       _GS_ContextRecord          10029910     LIBCMT:gs_report.obj
 0003:00000c00       ?__vcrt_startup_thread_ptd@@3U__vcrt_ptd@@A 10029c00     libvcruntime:per_thread_data.obj
 0003:00000c28       ___vcrt_lock_table         10029c28     libvcruntime:locks.obj
 0003:00000c40       ___vcrt_locks_initialized  10029c40     libvcruntime:locks.obj
 0003:00000c44       ?module_handles@@3PAPAUHINSTANCE__@@A 10029c44     libvcruntime:winapi_downlevel.obj
 0003:00000c54       ?encoded_function_pointers@@3PAPAXA 10029c54     libvcruntime:winapi_downlevel.obj
 0003:00000ca4       ?heap@@3V_HeapManager@@A   10029ca4     libvcruntime:undname.obj
 0003:00000cb8       ___acrt_invalid_parameter_handler 10029cb8     libucrt:invalid_parameter.obj
 0003:00000cbc       ___acrt_new_handler        10029cbc     libucrt:new_handler.obj
 0003:00000cc0       _c_termination_complete    10029cc0     libucrt:exit.obj
 0003:00000cc4       _thread_local_exit_callback_func 10029cc4     libucrt:exit.obj
 0003:00000cc8       ?c_exit_complete@?5??common_exit@@YAXHW4_crt_exit_cleanup_mode@@W4_crt_exit_return_mode@@@Z@4_NA 10029cc8     libucrt:exit.obj
 0003:00000cd0       ?program_name@?5???$common_configure_argv@D@@YAHW4_crt_argv_mode@@@Z@4PADA 10029cd0     libucrt:argv_parsing.obj
 0003:00000e08       ___acrt_app_type           10029e08     libucrt:report_runtime_error.obj
 0003:00000e0c       ___acrt_error_mode         10029e0c     libucrt:set_error_mode.obj
 0003:00000e1c       _ctrlc_action              10029e1c     libucrt:signal.obj
 0003:00000e20       _ctrlbreak_action          10029e20     libucrt:signal.obj
 0003:00000e24       _abort_action              10029e24     libucrt:signal.obj
 0003:00000e28       _term_action               10029e28     libucrt:signal.obj
 0003:00000e30       ___acrt_lock_table         10029e30     libucrt:locks.obj
 0003:00000f68       ___acrt_locks_initialized  10029f68     libucrt:locks.obj
 0003:00000f70       _module_handles            10029f70     libucrt:winapi_thunks.obj
 0003:00000fc0       _encoded_function_pointers 10029fc0     libucrt:winapi_thunks.obj
 0003:00001040       ?state_cache@?1??__acrt_is_packaged_app@@9@4JA 1002a040     libucrt:winapi_thunks.obj
 0003:0000105c       _fSystemSet                1002a05c     libucrt:mbctype.obj
 0003:00001060       ?initialized@?1??__acrt_initialize_multibyte@@9@4_NA 1002a060     libucrt:mbctype.obj
 0003:00001284       _user_matherr              1002a284     libucrt:matherr.obj
 0003:00001290       ___acrt_global_new_mode    1002a290     libucrt:new_mode.obj
 0003:00001294       _enable_percent_n          1002a294     libucrt:printf_count_output.obj
 0003:000012a4       __pmatherr_set             1002a2a4     libucrt:libm_error.obj
 0004:00000000       __guard_fids____dcrt_uninitialize_environments_nolock 1002b000     libucrt:environment_initialization.obj
 0004:00000008       __guard_fids__             1002b008     libucrt:initialization.obj
 0004:00000068       __guard_fids____acrt_initialize_ptd 1002b068     libucrt:per_thread_data.obj
 0004:0000006c       __guard_fids_??$common_show_message_box@_W@@YAHQB_W0I@Z 1002b06c     libucrt:crtmbox.obj
 0004:00000070       __guard_fids_??$expand_argument_wildcards@D@@YAHQAD0AAV?$argument_list@D@?A0xb0e4b824@@@Z 1002b070     libucrt:argv_wildcards.obj
 0004:00000074       __guard_fids__             1002b074     libucrt:locale_initializer.obj
 0004:00000078       __guard_fids__             1002b078     libucrt:stdio_initializer.obj
 0004:0000007c       __guard_fids__             1002b07c     libucrt:stdio_initializer.obj
 0004:00000080       __guard_fids__             1002b080     libucrt:multibyte_initializer.obj
 0004:00000084       __guard_fids____libm_error_support 1002b084     libucrt:libm_error.obj
 0004:00000088       __guard_fids__             1002b088     libucrt:console_output_initializer.obj
 0004:0000008c       __guard_fids__             1002b08c     libucrt:sse2_initializer.obj
 0004:00000090       __guard_fids__             1002b090     libcpmt:xthrow.obj
 0004:00000098       __guard_fids__             1002b098     libcpmt:xthrow.obj
 0004:000000a0       __guard_fids__             1002b0a0     libcpmt:xthrow.obj
 0004:000000a8       __guard_fids__             1002b0a8     libcpmt:xthrow.obj
 0004:000000b0       __guard_fids__             1002b0b0     libcpmt:xthrow.obj
 0004:000000b8       __guard_fids__             1002b0b8     libcpmt:xthrow.obj
 0004:000000bc       __guard_fids__             1002b0bc     libcpmt:xthrow.obj
 0004:000000c0       __guard_fids__             1002b0c0     libcpmt:xthrow.obj
 0004:000000c4       __guard_fids__             1002b0c4     libcpmt:xthrow.obj
 0004:000000c8       __guard_fids__             1002b0c8     libcpmt:xthrow.obj
 0004:000000cc       __guard_fids__             1002b0cc     libcpmt:xthrow.obj
 0004:000000d0       __guard_fids__             1002b0d0     libcpmt:xthrow.obj
 0004:000000d4       __guard_fids__             1002b0d4     libcpmt:xthrow.obj
 0004:000000d8       __guard_fids_?dllmain_crt_process_attach@@YAHQAUHINSTANCE__@@QAX@Z 1002b0d8     LIBCMT:dll_dllmain.obj
 0004:000000e0       __guard_fids_?dllmain_dispatch@@YAHQAUHINSTANCE__@@KQAX@Z 1002b0e0     LIBCMT:dll_dllmain.obj
 0004:000000e4       __guard_fids__             1002b0e4     LIBCMT:std_type_info_static.obj
 0004:000000e8       __guard_fids__             1002b0e8     LIBCMT:throw_bad_alloc.obj
 0004:000000f0       __guard_fids__             1002b0f0     LIBCMT:throw_bad_alloc.obj
 0004:000000f4       __guard_fids__             1002b0f4     LIBCMT:throw_bad_alloc.obj
 0004:000000f8       __guard_fids__             1002b0f8     LIBCMT:guard_support.obj
 0004:000000fc       __guard_fids____vcrt_initialize_ptd 1002b0fc     libvcruntime:per_thread_data.obj
 0005:00000060       $R000000                   1002c060     * linker generated manifest res *

 Exports

  ordinal    name

        1    __register_node_sqlite3_
               exported name: _register_node_sqlite3_
