 addon

 Timestamp is 587c7f14 (Mon Jan 16 16:06:44 2017)

 Preferred load address is 10000000

 Start         Length     Name                   Class
 0001:00000000 0000a08bH .text$mn                CODE
 0002:00000000 0000012cH .idata$5                DATA
 0002:0000012c 00000004H .00cfg                  DATA
 0002:00000130 00000004H .CRT$XCA                DATA
 0002:00000134 00000004H .CRT$XCU                DATA
 0002:00000138 00000004H .CRT$XCZ                DATA
 0002:0000013c 00000004H .CRT$XIA                DATA
 0002:00000140 0000000cH .CRT$XIC                DATA
 0002:0000014c 00000004H .CRT$XIZ                DATA
 0002:00000150 00000004H .CRT$XPA                DATA
 0002:00000154 00000008H .CRT$XPX                DATA
 0002:0000015c 00000004H .CRT$XPXA               DATA
 0002:00000160 00000004H .CRT$XPZ                DATA
 0002:00000164 00000004H .CRT$XTA                DATA
 0002:00000168 00000008H .CRT$XTZ                DATA
 0002:00000170 00004920H .rdata                  DATA
 0002:00004a84 00000000H .rdata$r                DATA
 0002:00004a90 0000000cH .rdata$sxdata           DATA
 0002:00004a9c 00000308H .rdata$zzzdbg           DATA
 0002:00004da4 00000004H .rtc$IAA                DATA
 0002:00004da8 00000004H .rtc$IZZ                DATA
 0002:00004dac 00000004H .rtc$TAA                DATA
 0002:00004db0 00000008H .rtc$TZZ                DATA
 0002:00004db8 00000398H .xdata$x                DATA
 0002:00005150 00000050H .edata                  DATA
 0002:000051a0 00000028H .idata$2                DATA
 0002:000051c8 00000014H .idata$3                DATA
 0002:000051dc 0000012cH .idata$4                DATA
 0002:00005308 00000716H .idata$6                DATA
 0003:00000000 00000788H .data                   DATA
 0003:00000784 00000000H .data$r                 DATA
 0003:00000788 00000a1cH .bss                    DATA
 0004:00000000 0000008cH .gfids$x                DATA
 0004:0000008c 00000014H .gfids$y                DATA
 0005:00000000 00000060H .rsrc$01                DATA
 0005:00000060 00000180H .rsrc$02                DATA

  Address         Publics by Value              Rva+Base       Lib:Object

 0000:00000000       ___guard_fids_count        00000000     <absolute>
 0000:00000000       ___guard_longjmp_count     00000000     <absolute>
 0000:00000000       ___guard_longjmp_table     00000000     <absolute>
 0000:00000000       __except_list              00000000     <absolute>
 0000:00000000       ___guard_iat_table         00000000     <absolute>
 0000:00000000       ___guard_iat_count         00000000     <absolute>
 0000:00000000       ___guard_fids_table        00000000     <absolute>
 0000:00000000       ___dynamic_value_reloc_table 00000000     <absolute>
 0000:00000003       ___safe_se_handler_count   00000003     <absolute>
 0000:00000100       ___guard_flags             00000100     <absolute>
 0000:00000000       ___ImageBase               10000000     <linker-defined>
 0001:00000000       ?NODE_SET_METHOD@node@@YAXV?$Local@VObject@v8@@@v8@@PBDP6AXABV?$FunctionCallbackInfo@VValue@v8@@@3@@Z@Z 10001000 f i hello.obj
 0001:000000a0       ?Method@demo@@YAXABV?$FunctionCallbackInfo@VValue@v8@@@v8@@@Z 100010a0 f   hello.obj
 0001:000000e0       ?init@demo@@YAXV?$Local@VObject@v8@@@v8@@@Z 100010e0 f   hello.obj
 0001:00000100       ___local_stdio_printf_options 10001100 f i SQLCipherTest.obj
 0001:00000106       @__security_check_cookie@4 10001106 f   LIBCMT:_secchk_.obj
 0001:0000041f       __DllMainCRTStartup@12     1000141f f   LIBCMT:dll_dllmain.obj
 0001:00000442       ___raise_securityfailure   10001442 f   LIBCMT:gs_report.obj
 0001:0000046a       ___report_gsfailure        1000146a f   LIBCMT:gs_report.obj
 0001:000005a9       ___scrt_acquire_startup_lock 100015a9 f   LIBCMT:utility.obj
 0001:000005de       ___scrt_dllmain_after_initialize_c 100015de f   LIBCMT:utility.obj
 0001:00000609       ___scrt_dllmain_before_initialize_c 10001609 f   LIBCMT:utility.obj
 0001:00000617       ___scrt_dllmain_crt_thread_attach 10001617 f   LIBCMT:utility.obj
 0001:00000636       ___scrt_dllmain_crt_thread_detach 10001636 f   LIBCMT:utility.obj
 0001:00000643       ___scrt_dllmain_exception_filter 10001643 f   LIBCMT:utility.obj
 0001:00000676       ___scrt_dllmain_uninitialize_c 10001676 f   LIBCMT:utility.obj
 0001:00000699       ___scrt_dllmain_uninitialize_critical 10001699 f   LIBCMT:utility.obj
 0001:000006a6       ___scrt_initialize_crt     100016a6 f   LIBCMT:utility.obj
 0001:000006df       ___scrt_initialize_onexit_tables 100016df f   LIBCMT:utility.obj
 0001:00000776       ___scrt_is_nonwritable_in_current_image 10001776 f   LIBCMT:utility.obj
 0001:00000800       ___scrt_release_startup_lock 10001800 f   LIBCMT:utility.obj
 0001:0000081d       ___scrt_uninitialize_crt   1000181d f   LIBCMT:utility.obj
 0001:00000845       __onexit                   10001845 f   LIBCMT:utility.obj
 0001:00000880       _atexit                    10001880 f   LIBCMT:utility.obj
 0001:00000895       ___security_init_cookie    10001895 f   LIBCMT:gs_support.obj
 0001:00000931       _DllMain@12                10001931 f   LIBCMT:dll_dllmain_stub.obj
 0001:00000937       ?__scrt_initialize_type_info@@YAXXZ 10001937 f   LIBCMT:tncleanup.obj
 0001:00000943       ?__scrt_uninitialize_type_info@@YAXXZ 10001943 f   LIBCMT:tncleanup.obj
 0001:0000094f       ___local_stdio_scanf_options 1000194f f i LIBCMT:default_local_stdio_options.obj
 0001:00000955       ___scrt_initialize_default_local_stdio_options 10001955 f   LIBCMT:default_local_stdio_options.obj
 0001:00000972       ___scrt_get_dyn_tls_init_callback 10001972 f   LIBCMT:dyn_tls_init.obj
 0001:00000978       ___scrt_fastfail           10001978 f   LIBCMT:utility_desktop.obj
 0001:00000a93       __crt_debugger_hook        10001a93 f   LIBCMT:utility_desktop.obj
 0001:00000a9b       __RTC_Initialize           10001a9b f   LIBCMT:_initsect_.obj
 0001:00000ac6       __RTC_Terminate            10001ac6 f   LIBCMT:_initsect_.obj
 0001:00000af1       @_guard_check_icall@4      10001af1 f i LIBCMT:checkcfg.obj
 0001:00000b00       __SEH_prolog4              10001b00 f   LIBCMT:_sehprolg4_.obj
 0001:00000b46       __SEH_epilog4              10001b46 f   LIBCMT:_sehprolg4_.obj
 0001:00000b5b       ___isa_available_init      10001b5b f   LIBCMT:_cpu_disp_.obj
 0001:00000cf5       __get_startup_argv_mode    10001cf5 f   LIBCMT:argv_mode.obj
 0001:00000cf9       ___scrt_is_ucrt_dll_in_use 10001cf9 f   LIBCMT:ucrt_detection.obj
 0001:00000d05       ___except_validate_jump_buffer 10001d05 f i libvcruntime:jbcxrval.obj
 0001:00000d05       ___except_validate_context_record 10001d05 f i libvcruntime:jbcxrval.obj
 0001:00000d05       @_guard_check_icall_nop@4  10001d05 f i LIBCMT:guard_support.obj
 0001:00000d50       __except_handler4          10001d50 f   libvcruntime:_chandler4_.obj
 0001:00000eb6       ___vcrt_initialize         10001eb6 f   libvcruntime:initialization.obj
 0001:00000edf       ___vcrt_thread_attach      10001edf f   libvcruntime:initialization.obj
 0001:00000eea       ___vcrt_thread_detach      10001eea f   libvcruntime:initialization.obj
 0001:00000ef5       ___vcrt_uninitialize       10001ef5 f   libvcruntime:initialization.obj
 0001:00000f14       ___vcrt_uninitialize_critical 10001f14 f   libvcruntime:initialization.obj
 0001:00000f1c       ___std_type_info_destroy_list 10001f1c f   libvcruntime:std_type_info.obj
 0001:00000f40       _memset                    10001f40 f   libvcruntime:memset.obj
 0001:000010a0       __local_unwind4            100020a0 f   libvcruntime:_exsup4_.obj
 0001:00001176       __seh_longjmp_unwind4@4    10002176 f   libvcruntime:_exsup4_.obj
 0001:0000119e       @_EH4_CallFilterFunc@8     1000219e f   libvcruntime:_exsup4_.obj
 0001:000011b5       @_EH4_TransferToHandler@8  100021b5 f   libvcruntime:_exsup4_.obj
 0001:000011ce       @_EH4_GlobalUnwind2@8      100021ce f   libvcruntime:_exsup4_.obj
 0001:000011e7       @_EH4_LocalUnwind@16       100021e7 f   libvcruntime:_exsup4_.obj
 0001:000011fe       ___vcrt_freefls@4          100021fe f   libvcruntime:per_thread_data.obj
 0001:0000121a       ___vcrt_freeptd            1000221a f   libvcruntime:per_thread_data.obj
 0001:00001250       ___vcrt_getptd_noexit      10002250 f   libvcruntime:per_thread_data.obj
 0001:000012e2       ___vcrt_initialize_ptd     100022e2 f   libvcruntime:per_thread_data.obj
 0001:00001315       ___vcrt_uninitialize_ptd   10002315 f   libvcruntime:per_thread_data.obj
 0001:00001330       ___vcrt_initialize_locks   10002330 f   libvcruntime:locks.obj
 0001:0000136c       ___vcrt_uninitialize_locks 1000236c f   libvcruntime:locks.obj
 0001:0000139b       ??$__crt_fast_encode_pointer@PAX@@YAPAXQAX@Z 1000239b f i libvcruntime:winapi_downlevel.obj
 0001:0000139b       ??$__crt_fast_encode_pointer@PAP6AXXZ@@YAPAP6AXXZQAP6AXXZ@Z 1000239b f i LIBCMT:utility.obj
 0001:000014d9       ___vcrt_FlsAlloc           100024d9 f   libvcruntime:winapi_downlevel.obj
 0001:00001513       ___vcrt_FlsFree            10002513 f   libvcruntime:winapi_downlevel.obj
 0001:0000154d       ___vcrt_FlsGetValue        1000254d f   libvcruntime:winapi_downlevel.obj
 0001:00001587       ___vcrt_FlsSetValue        10002587 f   libvcruntime:winapi_downlevel.obj
 0001:000015c4       ___vcrt_InitializeCriticalSectionEx 100025c4 f   libvcruntime:winapi_downlevel.obj
 0001:0000160a       ___vcrt_initialize_winapi_thunks 1000260a f   libvcruntime:winapi_downlevel.obj
 0001:00001644       ___vcrt_uninitialize_winapi_thunks 10002644 f   libvcruntime:winapi_downlevel.obj
 0001:00001676       ___vcrt_initialize_pure_virtual_call_handler 10002676 f   libvcruntime:purevirt_data.obj
 0001:000016a0       __global_unwind2           100026a0 f   libvcruntime:_exsup_.obj
 0001:00001705       __local_unwind2            10002705 f   libvcruntime:_exsup_.obj
 0001:00001789       __abnormal_termination     10002789 f   libvcruntime:_exsup_.obj
 0001:000017ac       __NLG_Notify1              100027ac f   libvcruntime:_exsup_.obj
 0001:000017b5       __NLG_Notify               100027b5 f   libvcruntime:_exsup_.obj
 0001:000017cc       __NLG_Dispatch             100027cc     libvcruntime:_exsup_.obj
 0001:000017cc       __NLG_Dispatch2            100027cc     libvcruntime:_exsup_.obj
 0001:000017d4       __NLG_Call                 100027d4 f   libvcruntime:_exsup_.obj
 0001:000017d6       __NLG_Return2              100027d6     libvcruntime:_exsup_.obj
 0001:000017d7       ??0_LocaleUpdate@@QAE@QAU__crt_locale_pointers@@@Z 100027d7 f i libucrt:stricmp.obj
 0001:0000185a       ___acrt_initialize_stdio   1000285a f   libucrt:_file.obj
 0001:00001922       ___acrt_uninitialize_stdio 10002922 f   libucrt:_file.obj
 0001:0000196e       __lock_file                1000296e f   libucrt:_file.obj
 0001:00001982       __unlock_file              10002982 f   libucrt:_file.obj
 0001:00001996       __initterm                 10002996 f   libucrt:initterm.obj
 0001:000019f2       __initterm_e               100029f2 f   libucrt:initterm.obj
 0001:00001a37       __seh_filter_dll           10002a37 f   libucrt:exception_filter.obj
 0001:00001a57       __seh_filter_exe           10002a57 f   libucrt:exception_filter.obj
 0001:00001de5       ___acrt_initialize_thread_local_exit_callback 10002de5 f   libucrt:exit.obj
 0001:00001df4       __cexit                    10002df4 f   libucrt:exit.obj
 0001:00001e03       __exit                     10002e03 f   libucrt:exit.obj
 0001:00001e19       __is_c_termination_complete 10002e19 f   libucrt:exit.obj
 0001:000020b8       ___acrt_allocate_buffer_for_argv 100030b8 f   libucrt:argv_parsing.obj
 0001:0000210d       __configure_narrow_argv    1000310d f   libucrt:argv_parsing.obj
 0001:00002271       ??$uninitialize@A6AXAAPAPAD@Z@?$dual_state_global@PAPAD@__crt_state_management@@QAEXA6AXAAPAPAD@Z@Z 10003271 f i libucrt:environment_initialization.obj
 0001:00002271       ??$uninitialize@A6AXAAPAPA_W@Z@?$dual_state_global@PAPA_W@__crt_state_management@@QAEXA6AXAAPAPA_W@Z@Z 10003271 f i libucrt:environment_initialization.obj
 0001:000022e7       ___dcrt_uninitialize_environments_nolock 100032e7 f   libucrt:environment_initialization.obj
 0001:0000231e       __initialize_narrow_environment 1000331e f   libucrt:environment_initialization.obj
 0001:00002323       ??$?RV<lambda_800076c951b434888f4765a74a194fcc>@@AAV<lambda_4e60a939b0d047cfe11ddc22648dfba9>@@V<lambda_6dbb1268764f43b569ce7b67e331d33a>@@@?$__crt_seh_guarded_call@H@@QAEH$$QAV<lambda_800076c951b434888f4765a74a194fcc>@@AAV<lambda_4e60a939b0d047cfe11ddc22648dfba9>@@$$QAV<lambda_6dbb1268764f43b569ce7b67e331d33a>@@@Z 10003323 f i libucrt:onexit.obj
 0001:00002374       ??$?RV<lambda_995298e7d72eb4c2aab26c0585b3abe5>@@AAV<lambda_275893d493268fdec8709772e3fcec0e>@@V<lambda_293819299cbf9a7022e18b56a874bb5c>@@@?$__crt_seh_guarded_call@H@@QAEH$$QAV<lambda_995298e7d72eb4c2aab26c0585b3abe5>@@AAV<lambda_275893d493268fdec8709772e3fcec0e>@@$$QAV<lambda_293819299cbf9a7022e18b56a874bb5c>@@@Z 10003374 f i libucrt:onexit.obj
 0001:000023c5       ??$__acrt_lock_and_call@V<lambda_275893d493268fdec8709772e3fcec0e>@@@@YAHW4__acrt_lock_id@@$$QAV<lambda_275893d493268fdec8709772e3fcec0e>@@@Z 100033c5 f i libucrt:onexit.obj
 0001:000023ed       ??$__acrt_lock_and_call@V<lambda_4e60a939b0d047cfe11ddc22648dfba9>@@@@YAHW4__acrt_lock_id@@$$QAV<lambda_4e60a939b0d047cfe11ddc22648dfba9>@@@Z 100033ed f i libucrt:onexit.obj
 0001:00002415       ??$__crt_fast_encode_pointer@P6AHXZ@@YAP6AHXZQ6AHXZ@Z 10003415 f i libucrt:onexit.obj
 0001:00002695       __crt_atexit               10003695 f   libucrt:onexit.obj
 0001:000026ab       __execute_onexit_table     100036ab f   libucrt:onexit.obj
 0001:000026c8       __initialize_onexit_table  100036c8 f   libucrt:onexit.obj
 0001:00002705       __register_onexit_function 10003705 f   libucrt:onexit.obj
 0001:0000281a       ___acrt_initialize         1000381a f   libucrt:initialization.obj
 0001:0000282c       ___acrt_thread_attach      1000382c f   libucrt:initialization.obj
 0001:00002837       ___acrt_thread_detach      10003837 f   libucrt:initialization.obj
 0001:0000283f       ___acrt_uninitialize       1000383f f   libucrt:initialization.obj
 0001:00002851       ___acrt_uninitialize_critical 10003851 f   libucrt:initialization.obj
 0001:00002863       _terminate                 10003863 f   libucrt:terminate.obj
 0001:0000289f       __free_base                1000389f f   libucrt:free_base.obj
 0001:000028d9       __malloc_base              100038d9 f   libucrt:malloc_base.obj
 0001:00002927       _strcpy_s                  10003927 f   libucrt:strcpy_s.obj
 0001:00002981       _abort                     10003981 f   libucrt:abort.obj
 0001:000029c4       __calloc_base              100039c4 f   libucrt:calloc_base.obj
 0001:00002a21       ___acrt_call_reportfault   10003a21 f   libucrt:invalid_parameter.obj
 0001:00002b5c       ___acrt_initialize_invalid_parameter_handler 10003b5c f   libucrt:invalid_parameter.obj
 0001:00002b70       __invalid_parameter        10003b70 f   libucrt:invalid_parameter.obj
 0001:00002beb       __invalid_parameter_noinfo 10003beb f   libucrt:invalid_parameter.obj
 0001:00002bfb       __invoke_watson            10003bfb f   libucrt:invalid_parameter.obj
 0001:00002c2e       ___acrt_errno_from_os_error 10003c2e f   libucrt:errno.obj
 0001:00002c71       ___acrt_errno_map_os_error 10003c71 f   libucrt:errno.obj
 0001:00002c94       ___doserrno                10003c94 f   libucrt:errno.obj
 0001:00002ca7       __errno                    10003ca7 f   libucrt:errno.obj
 0001:00002cba       ??$?RV<lambda_3518db117f0e7cdb002338c5d3c47b6c>@@AAV<lambda_b2ea41f6bbb362cd97d94c6828d90b61>@@V<lambda_abdedf541bb04549bc734292b4a045d4>@@@?$__crt_seh_guarded_call@X@@QAEX$$QAV<lambda_3518db117f0e7cdb002338c5d3c47b6c>@@AAV<lambda_b2ea41f6bbb362cd97d94c6828d90b61>@@$$QAV<lambda_abdedf541bb04549bc734292b4a045d4>@@@Z 10003cba f i libucrt:per_thread_data.obj
 0001:00002d0a       ??$?RV<lambda_51b6e8b1eb166f2a3faf91f424b38130>@@AAV<lambda_6250bd4b2a391816dd638c3bf72b0bcb>@@V<lambda_0b5a4a3e68152e1d9b943535f5f47bed>@@@?$__crt_seh_guarded_call@X@@QAEX$$QAV<lambda_51b6e8b1eb166f2a3faf91f424b38130>@@AAV<lambda_6250bd4b2a391816dd638c3bf72b0bcb>@@$$QAV<lambda_0b5a4a3e68152e1d9b943535f5f47bed>@@@Z 10003d0a f i libucrt:per_thread_data.obj
 0001:00002d6b       ??$?RV<lambda_5b71d36f03204c0beab531769a5b5694>@@AAV<lambda_be2b3da3f62db62e9dad5dc70221a656>@@V<lambda_8f9ce462984622f9bf76b59e2aaaf805>@@@?$__crt_seh_guarded_call@X@@QAEX$$QAV<lambda_5b71d36f03204c0beab531769a5b5694>@@AAV<lambda_be2b3da3f62db62e9dad5dc70221a656>@@$$QAV<lambda_8f9ce462984622f9bf76b59e2aaaf805>@@@Z 10003d6b f i libucrt:per_thread_data.obj
 0001:00002db6       ??$?RV<lambda_9df27f884b057bc3edfc946cb5b7cf47>@@AAV<lambda_e69574bed617af4e071282c136b37893>@@V<lambda_cc0d902bcbbeb830f749456577db4721>@@@?$__crt_seh_guarded_call@X@@QAEX$$QAV<lambda_9df27f884b057bc3edfc946cb5b7cf47>@@AAV<lambda_e69574bed617af4e071282c136b37893>@@$$QAV<lambda_cc0d902bcbbeb830f749456577db4721>@@@Z 10003db6 f i libucrt:per_thread_data.obj
 0001:00002dfe       ??$__acrt_lock_and_call@V<lambda_6250bd4b2a391816dd638c3bf72b0bcb>@@@@YAXW4__acrt_lock_id@@$$QAV<lambda_6250bd4b2a391816dd638c3bf72b0bcb>@@@Z 10003dfe f i libucrt:per_thread_data.obj
 0001:00002e26       ??$__acrt_lock_and_call@V<lambda_b2ea41f6bbb362cd97d94c6828d90b61>@@@@YAXW4__acrt_lock_id@@$$QAV<lambda_b2ea41f6bbb362cd97d94c6828d90b61>@@@Z 10003e26 f i libucrt:per_thread_data.obj
 0001:00002e4e       ??$__acrt_lock_and_call@V<lambda_be2b3da3f62db62e9dad5dc70221a656>@@@@YAXW4__acrt_lock_id@@$$QAV<lambda_be2b3da3f62db62e9dad5dc70221a656>@@@Z 10003e4e f i libucrt:per_thread_data.obj
 0001:00002e76       ??$__acrt_lock_and_call@V<lambda_e69574bed617af4e071282c136b37893>@@@@YAXW4__acrt_lock_id@@$$QAV<lambda_e69574bed617af4e071282c136b37893>@@@Z 10003e76 f i libucrt:per_thread_data.obj
 0001:0000302e       ___acrt_freeptd            1000402e f   libucrt:per_thread_data.obj
 0001:0000305a       ___acrt_getptd             1000405a f   libucrt:per_thread_data.obj
 0001:000030de       ___acrt_getptd_noexit      100040de f   libucrt:per_thread_data.obj
 0001:00003163       ___acrt_initialize_ptd     10004163 f   libucrt:per_thread_data.obj
 0001:0000318f       ___acrt_uninitialize_ptd   1000418f f   libucrt:per_thread_data.obj
 0001:000031a9       ___acrt_update_locale_info 100041a9 f   libucrt:locale_update.obj
 0001:000031d6       ___acrt_update_multibyte_info 100041d6 f   libucrt:locale_update.obj
 0001:00003203       ___acrt_set_locale_changed 10004203 f   libucrt:wsetlocale.obj
 0001:0000320e       ___acrt_uninitialize_locale 1000420e f   libucrt:wsetlocale.obj
 0001:00003377       ___acrt_FlsAlloc@4         10004377 f   libucrt:winapi_thunks.obj
 0001:000033cd       ___acrt_FlsFree@4          100043cd f   libucrt:winapi_thunks.obj
 0001:00003423       ___acrt_FlsGetValue@4      10004423 f   libucrt:winapi_thunks.obj
 0001:00003479       ___acrt_FlsSetValue@8      10004479 f   libucrt:winapi_thunks.obj
 0001:000034d2       ___acrt_InitializeCriticalSectionEx@12 100044d2 f   libucrt:winapi_thunks.obj
 0001:00003534       ___acrt_LCMapStringEx@36   10004534 f   libucrt:winapi_thunks.obj
 0001:000035bc       ___acrt_LocaleNameToLCID@8 100045bc f   libucrt:winapi_thunks.obj
 0001:00003618       ___acrt_initialize_winapi_thunks 10004618 f   libucrt:winapi_thunks.obj
 0001:0000363e       ___acrt_is_packaged_app    1000463e f   libucrt:winapi_thunks.obj
 0001:000036c5       ___acrt_uninitialize_winapi_thunks 100046c5 f   libucrt:winapi_thunks.obj
 0001:000036fb       __fcloseall                100046fb f   libucrt:closeall.obj
 0001:0000379b       ___acrt_stdio_flush_nolock 1000479b f   libucrt:fflush.obj
 0001:00003801       __fflush_nolock            10004801 f   libucrt:fflush.obj
 0001:00003848       __flushall                 10004848 f   libucrt:fflush.obj
 0001:00003929       ___acrt_stdio_free_buffer_nolock 10004929 f   libucrt:_freebuf.obj
 0001:00003ad3       ___acrt_initialize_lowio   10004ad3 f   libucrt:ioinit.obj
 0001:00003b29       ___acrt_uninitialize_lowio 10004b29 f   libucrt:ioinit.obj
 0001:00003b55       __mbtowc_l                 10004b55 f   libucrt:mbtowc.obj
 0001:00003c4f       _mbtowc                    10004c4f f   libucrt:mbtowc.obj
 0001:00003c69       __fileno                   10004c69 f   libucrt:fileno.obj
 0001:00003c8f       ___acrt_initialize_locks   10004c8f f   libucrt:locks.obj
 0001:00003cd0       ___acrt_lock               10004cd0 f   libucrt:locks.obj
 0001:00003ce7       ___acrt_uninitialize_locks 10004ce7 f   libucrt:locks.obj
 0001:00003d18       ___acrt_unlock             10004d18 f   libucrt:locks.obj
 0001:000040f1       ??1?$argument_list@D@?A0xb0e4b824@@QAE@XZ 100050f1 f i libucrt:argv_wildcards.obj
 0001:00004116       ?append@?$argument_list@D@?A0xb0e4b824@@QAEHQAD@Z 10005116 f i libucrt:argv_wildcards.obj
 0001:0000414b       ?expand_if_necessary@?$argument_list@D@?A0xb0e4b824@@AAEHXZ 1000514b f i libucrt:argv_wildcards.obj
 0001:000041d2       ___acrt_expand_narrow_argv_wildcards 100051d2 f   libucrt:argv_wildcards.obj
 0001:000041dd       ??$?RV<lambda_978dc153c237d78434369da87b74ff60>@@AAV<lambda_ad1ced32f4ac17aa236e5ef05d6b3b7c>@@V<lambda_4a8533e2866a575feecb8298ce776b0d>@@@?$__crt_seh_guarded_call@X@@QAEX$$QAV<lambda_978dc153c237d78434369da87b74ff60>@@AAV<lambda_ad1ced32f4ac17aa236e5ef05d6b3b7c>@@$$QAV<lambda_4a8533e2866a575feecb8298ce776b0d>@@@Z 100051dd f i libucrt:mbctype.obj
 0001:00004220       ??$__acrt_lock_and_call@V<lambda_ad1ced32f4ac17aa236e5ef05d6b3b7c>@@@@YAXW4__acrt_lock_id@@$$QAV<lambda_ad1ced32f4ac17aa236e5ef05d6b3b7c>@@@Z 10005220 f i libucrt:mbctype.obj
 0001:000046b7       ___acrt_initialize_multibyte 100056b7 f   libucrt:mbctype.obj
 0001:000046d5       ___acrt_update_thread_multibyte_data 100056d5 f   libucrt:mbctype.obj
 0001:00004777       __setmbcp_nolock           10005777 f   libucrt:mbctype.obj
 0001:00004a42       __ismbblead                10005a42 f   libucrt:ismbbyte.obj
 0001:00004a5a       ___acrt_initialize_command_line 10005a5a f   libucrt:argv_data.obj
 0001:00004a73       ___acrt_uninitialize_command_line 10005a73 f   libucrt:argv_data.obj
 0001:00004aad       ___dcrt_get_narrow_environment_from_os 10005aad f   libucrt:get_environment_from_os.obj
 0001:00004b30       __recalloc                 10005b30 f   libucrt:recalloc.obj
 0001:00004b3b       __recalloc_base            10005b3b f   libucrt:recalloc.obj
 0001:00004ba8       ___acrt_initialize_heap    10005ba8 f   libucrt:heap_handle.obj
 0001:00004bb9       ___acrt_uninitialize_heap  10005bb9 f   libucrt:heap_handle.obj
 0001:00004bc3       ___acrt_execute_initializers 10005bc3 f   libucrt:shared_initialization.obj
 0001:00004c46       ___acrt_execute_uninitializers 10005c46 f   libucrt:shared_initialization.obj
 0001:00004c93       ___acrt_initialize_new_handler 10005c93 f   libucrt:new_handler.obj
 0001:00004ca7       __callnewh                 10005ca7 f   libucrt:new_handler.obj
 0001:00004ceb       __query_new_handler        10005ceb f   libucrt:new_handler.obj
 0001:00004d3d       ??$?RV<lambda_a048d3beccc847880fc8490e18b82769>@@AAV<lambda_ec61778202f4f5fc7e7711acc23c3bca>@@V<lambda_f7496a158712204296dd6628a163878e>@@@?$__crt_seh_guarded_call@P6AXH@Z@@QAEP6AXH@Z$$QAV<lambda_a048d3beccc847880fc8490e18b82769>@@AAV<lambda_ec61778202f4f5fc7e7711acc23c3bca>@@$$QAV<lambda_f7496a158712204296dd6628a163878e>@@@Z 10005d3d f i libucrt:signal.obj
 0001:00004d97       ??$__acrt_lock_and_call@V<lambda_ec61778202f4f5fc7e7711acc23c3bca>@@@@YAP6AXH@ZW4__acrt_lock_id@@$$QAV<lambda_ec61778202f4f5fc7e7711acc23c3bca>@@@Z 10005d97 f i libucrt:signal.obj
 0001:00004e29       ___acrt_get_sigabrt_handler 10005e29 f   libucrt:signal.obj
 0001:00004e40       ___acrt_initialize_signal_handlers 10005e40 f   libucrt:signal.obj
 0001:00004e7b       ___fpecode                 10005e7b f   libucrt:signal.obj
 0001:00004e86       _raise                     10005e86 f   libucrt:signal.obj
 0001:0000508e       ?initialize@?$dual_state_global@PAU__crt_locale_data@@@__crt_state_management@@QAEXQAU__crt_locale_data@@@Z 1000608e f i libucrt:initialization.obj
 0001:0000508e       ?initialize@?$dual_state_global@P6AXPB_W00II@Z@__crt_state_management@@QAEXQ6AXPB_W00II@Z@Z 1000608e f i libucrt:invalid_parameter.obj
 0001:0000508e       ?initialize@?$dual_state_global@PAPAD@__crt_state_management@@QAEXQAPAD@Z 1000608e f i libucrt:environment_initialization.obj
 0001:0000508e       ?initialize@?$dual_state_global@P6AHPAU_exception@@@Z@__crt_state_management@@QAEXQ6AHPAU_exception@@@Z@Z 1000608e f i libucrt:matherr.obj
 0001:0000508e       ?initialize@?$dual_state_global@P6AXH@Z@__crt_state_management@@QAEXQ6AXH@Z@Z 1000608e f i libucrt:signal.obj
 0001:0000508e       ?initialize@?$dual_state_global@P6AHI@Z@__crt_state_management@@QAEXQ6AHI@Z@Z 1000608e f i libucrt:new_handler.obj
 0001:000050bf       ___acrt_has_user_matherr   100060bf f   libucrt:matherr.obj
 0001:000050d8       ___acrt_initialize_user_matherr 100060d8 f   libucrt:matherr.obj
 0001:000050ec       ___acrt_invoke_user_matherr 100060ec f   libucrt:matherr.obj
 0001:00005135       __query_new_mode           10006135 f   libucrt:new_mode.obj
 0001:0000513b       ___pctype_func             1000613b f   libucrt:ctype.obj
 0001:00005161       __isleadbyte_l             10006161 f i libucrt:_wctype.obj
 0001:000053b7       ___acrt_LCMapStringA       100063b7 f   libucrt:lcmapstringa.obj
 0001:00005402       __freea_crt                10006402 f i libucrt:lcmapstringa.obj
 0001:00005422       ___acrt_add_locale_ref     10006422 f   libucrt:locale_refcounting.obj
 0001:0000549f       ___acrt_free_locale        1000649f f   libucrt:locale_refcounting.obj
 0001:000055e9       ___acrt_locale_add_lc_time_reference 100065e9 f   libucrt:locale_refcounting.obj
 0001:00005612       ___acrt_locale_free_lc_time_if_unreferenced 10006612 f   libucrt:locale_refcounting.obj
 0001:00005642       ___acrt_locale_release_lc_time_reference 10006642 f   libucrt:locale_refcounting.obj
 0001:0000566b       ___acrt_release_locale_ref 1000666b f   libucrt:locale_refcounting.obj
 0001:000056ec       ___acrt_update_thread_locale_data 100066ec f   libucrt:locale_refcounting.obj
 0001:00005763       __updatetlocinfoEx_nolock  10006763 f   libucrt:locale_refcounting.obj
 0001:000057b3       ___acrt_locale_free_monetary 100067b3 f   libucrt:initmon.obj
 0001:000058b1       ___acrt_locale_free_numeric 100068b1 f   libucrt:initnum.obj
 0001:00005956       ___acrt_locale_free_time   10006956 f   libucrt:inittime.obj
 0001:00005a3a       ___acrt_GetStringTypeA     10006a3a f   libucrt:getstringtypea.obj
 0001:00005c13       ___acrt_DownlevelLocaleNameToLCID 10006c13 f   libucrt:lcidtoname_downlevel.obj
 0001:00005c3f       __fclose_nolock            10006c3f f   libucrt:fclose.obj
 0001:00005cb5       _fclose                    10006cb5 f   libucrt:fclose.obj
 0001:00005d35       ??$?RV<lambda_61cee617f5178ae960314fd4d05640a0>@@AAV<lambda_6978c1fb23f02e42e1d9e99668cc68aa>@@V<lambda_9cd88cf8ad10232537feb2133f08c833>@@@?$__crt_seh_guarded_call@H@@QAEH$$QAV<lambda_61cee617f5178ae960314fd4d05640a0>@@AAV<lambda_6978c1fb23f02e42e1d9e99668cc68aa>@@$$QAV<lambda_9cd88cf8ad10232537feb2133f08c833>@@@Z 10006d35 f i libucrt:commit.obj
 0001:00005dcd       ??$__acrt_lowio_lock_fh_and_call@V<lambda_6978c1fb23f02e42e1d9e99668cc68aa>@@@@YAHH$$QAV<lambda_6978c1fb23f02e42e1d9e99668cc68aa>@@@Z 10006dcd f i libucrt:commit.obj
 0001:00005df5       __commit                   10006df5 f   libucrt:commit.obj
 0001:000063f6       __write                    100073f6 f   libucrt:write.obj
 0001:000064e1       __write_nolock             100074e1 f   libucrt:write.obj
 0001:000066ed       ___acrt_lowio_create_handle_array 100076ed f   libucrt:osfinfo.obj
 0001:00006767       ___acrt_lowio_destroy_handle_array 10007767 f   libucrt:osfinfo.obj
 0001:0000679c       ___acrt_lowio_ensure_fh_exists 1000779c f   libucrt:osfinfo.obj
 0001:00006834       ___acrt_lowio_lock_fh      10007834 f   libucrt:osfinfo.obj
 0001:00006857       ___acrt_lowio_unlock_fh    10007857 f   libucrt:osfinfo.obj
 0001:0000687a       __free_osfhnd              1000787a f   libucrt:osfinfo.obj
 0001:0000690b       __get_osfhandle            1000790b f   libucrt:osfinfo.obj
 0001:00006975       __isatty                   10007975 f   libucrt:isatty.obj
 0001:00006ab0       _qsort                     10007ab0 f   libucrt:qsort.obj
 0001:00006efb       _strncpy_s                 10007efb f   libucrt:strncpy_s.obj
 0001:00006f10       _strpbrk                   10007f10 f   libucrt:strpbrk.obj
 0001:00006f50       __mbsdec                   10007f50 f   libucrt:mbsdec.obj
 0001:00006f67       __mbsdec_l                 10007f67 f   libucrt:mbsdec.obj
 0001:00007003       __msize                    10008003 f   libucrt:msize.obj
 0001:00007036       __realloc_base             10008036 f   libucrt:realloc_base.obj
 0001:0000709f       ___strncnt                 1000809f f   libucrt:strncnt.obj
 0001:000070bb       ??$?RV<lambda_123407a5e2ac06da108355a851863b7a>@@AAV<lambda_2fe9b910cf3cbf4a0ab98a02ba45b3ec>@@V<lambda_ae55bdf541ad94d75914d381c370e64d>@@@?$__crt_seh_guarded_call@H@@QAEH$$QAV<lambda_123407a5e2ac06da108355a851863b7a>@@AAV<lambda_2fe9b910cf3cbf4a0ab98a02ba45b3ec>@@$$QAV<lambda_ae55bdf541ad94d75914d381c370e64d>@@@Z 100080bb f i libucrt:close.obj
 0001:0000713d       ??$__acrt_lowio_lock_fh_and_call@V<lambda_2fe9b910cf3cbf4a0ab98a02ba45b3ec>@@@@YAHH$$QAV<lambda_2fe9b910cf3cbf4a0ab98a02ba45b3ec>@@@Z 1000813d f i libucrt:close.obj
 0001:00007165       __close                    10008165 f   libucrt:close.obj
 0001:000071e4       __close_nolock             100081e4 f   libucrt:close.obj
 0001:00007280       ?__acrt_stdio_free_stream@@YAXV__crt_stdio_stream@@@Z 10008280 f   libucrt:stream.obj
 0001:00007339       __lseeki64_nolock          10008339 f   libucrt:lseek.obj
 0001:00007354       __putwch_nolock            10008354 f   libucrt:putwch.obj
 0001:00007399       __query_app_type           10008399 f   libucrt:report_runtime_error.obj
 0001:000073a0       _log10                     100083a0 f   libucrt:log10.obj
 0001:000073e0       __CIlog10                  100083e0 f   libucrt:log10.obj
 0001:0000741b       __CIlog10_default          1000841b f   libucrt:log10.obj
 0001:0000742f       __log10_default            1000842f     libucrt:log10.obj
 0001:000074f0       _ceil                      100084f0 f   libucrt:ceil_pentium4.obj
 0001:00007530       __ceil_pentium4            10008530 f   libucrt:ceil_pentium4.obj
 0001:0000760d       ___dcrt_lowio_initialize_console_output 1000860d f   libucrt:initcon.obj
 0001:0000762c       ___dcrt_terminate_console_output 1000862c f   libucrt:initcon.obj
 0001:00007643       ___acrt_initialize_sse2    10008643 f   libucrt:mathfcns.obj
 0001:00007660       __CIlog10_pentium4         10008660 f   libucrt:log10_pentium4.obj
 0001:00007678       __log10_pentium4           10008678     libucrt:log10_pentium4.obj
 0001:00007901       __fFEXP                    10008901     libucrt:87tran.obj
 0001:00007958       __rtinfpopse               10008958     libucrt:87tran.obj
 0001:0000795a       __rtinfnpopse              1000895a     libucrt:87tran.obj
 0001:0000796a       __fFLN                     1000896a     libucrt:87tran.obj
 0001:00007a1f       __rtinfpop                 10008a1f     libucrt:87tran.obj
 0001:00007a21       __rtinfnpop                10008a21     libucrt:87tran.obj
 0001:00007a3e       __ffexpm1                  10008a3e     libucrt:87tran.obj
 0001:00007af0       __trandisp1                10008af0 f   libucrt:87disp.obj
 0001:00007b57       __trandisp2                10008b57 f   libucrt:87disp.obj
 0001:00007be3       __rttospopde               10008be3     libucrt:87disp.obj
 0001:00007be8       __rttospop                 10008be8     libucrt:87disp.obj
 0001:00007bea       __rtnospop                 10008bea     libucrt:87disp.obj
 0001:00007bec       __rttosnpop                10008bec     libucrt:87disp.obj
 0001:00007bed       __rtnospopde               10008bed     libucrt:87disp.obj
 0001:00007bf4       __rtzeropop                10008bf4     libucrt:87disp.obj
 0001:00007bf6       __rtzeronpop               10008bf6     libucrt:87disp.obj
 0001:00007bfb       __rtzerospop               10008bfb     libucrt:87disp.obj
 0001:00007c08       __rtonepop                 10008c08     libucrt:87disp.obj
 0001:00007c0a       __rtonenpop                10008c0a     libucrt:87disp.obj
 0001:00007c0f       __tosnan1                  10008c0f     libucrt:87disp.obj
 0001:00007c3a       __nosnan2                  10008c3a     libucrt:87disp.obj
 0001:00007c3c       __tosnan2                  10008c3c     libucrt:87disp.obj
 0001:00007c64       __nan2                     10008c64     libucrt:87disp.obj
 0001:00007ca3       __rtindfpop                10008ca3     libucrt:87disp.obj
 0001:00007ca5       __rtindfnpop               10008ca5     libucrt:87disp.obj
 0001:00007cb6       __rttosnpopde              10008cb6     libucrt:87disp.obj
 0001:00007cc0       __rtatan2inf               10008cc0     libucrt:87disp.obj
 0001:00007cdd       __rtchsifneg               10008cdd     libucrt:87disp.obj
 0001:00007cf0       __twoToTOS                 10008cf0 f   libucrt:common.obj
 0001:00007d05       __load_CW                  10008d05 f   libucrt:common.obj
 0001:00007d1c       __convertTOStoQNaN         10008d1c f   libucrt:common.obj
 0001:00007d35       __fload_withFB             10008d35 f   libucrt:common.obj
 0001:00007d78       __checkTOS_withFB          10008d78 f   libucrt:common.obj
 0001:00007d8e       __fast_exit                10008d8e f   libucrt:common.obj
 0001:00007d9b       __math_exit                10008d9b f   libucrt:common.obj
 0001:00007dc5       __check_overflow_exit      10008dc5 f   libucrt:common.obj
 0001:00007dd9       __check_range_exit         10008dd9 f   libucrt:common.obj
 0001:00007e80       __startTwoArgErrorHandling 10008e80 f   libucrt:genexcep.obj
 0001:00007e97       __startOneArgErrorHandling 10008e97 f   libucrt:genexcep.obj
 0001:00007ed3       ___libm_error_support      10008ed3 f   libucrt:libm_error.obj
 0001:000080eb       __ceil_default             100090eb f   libucrt:ceil.obj
 0001:000081b0       ___ascii_strnicmp          100091b0 f   libucrt:_strnicm.obj
 0001:00008211       __clrfp                    10009211 f   libucrt:fpctrl.obj
 0001:00008224       __ctrlfp                   10009224 f   libucrt:fpctrl.obj
 0001:00008250       __set_statfp               10009250 f   libucrt:fpctrl.obj
 0001:000082ab       __statfp                   100092ab f   libucrt:fpctrl.obj
 0001:000082bd       __d_inttype                100092bd f   libucrt:powhlp.obj
 0001:00008327       __powhlp                   10009327 f   libucrt:powhlp.obj
 0001:00008452       __87except                 10009452 f   libucrt:87except.obj
 0001:0000855d       __frnd                     1000955d f   libucrt:frnd.obj
 0001:00008573       __errcode                  10009573 f   libucrt:fpexcept.obj
 0001:000085a7       __except1                  100095a7 f   libucrt:fpexcept.obj
 0001:00008675       __handle_exc               10009675 f   libucrt:fpexcept.obj
 0001:00008855       __raise_exc                10009855 f   libucrt:fpexcept.obj
 0001:00008878       __raise_exc_ex             10009878 f   libucrt:fpexcept.obj
 0001:00008b69       __set_errno_from_matherr   10009b69 f   libucrt:fpexcept.obj
 0001:00008b98       __umatherr                 10009b98 f   libucrt:fpexcept.obj
 0001:00008c3a       __decomp                   10009c3a f   libucrt:util.obj
 0001:00008d0e       __set_exp                  10009d0e f   libucrt:util.obj
 0001:00008d3d       __sptype                   10009d3d f   libucrt:util.obj
 0001:00008d9b       __fpclass                  10009d9b f   libucrt:ieeemisc.obj
 0001:00008e40       _IsProcessorFeaturePresent@4 10009e40 f   kernel32:KERNEL32.dll
 0001:00008e46       _RtlUnwind@16              10009e46 f   kernel32:KERNEL32.dll
 0001:00008e50       __FindPESection            10009e50 f   LIBCMT:pesect.obj
 0001:00008ea0       __IsNonwritableInCurrentImage 10009ea0 f   LIBCMT:pesect.obj
 0001:00008f60       __ValidateImageBase        10009f60 f   LIBCMT:pesect.obj
 0001:00008fa0       __aulldvrm                 10009fa0 f   LIBCMT:ulldvrm.obj
 0001:00009040       __SEH_prolog4_GS           1000a040 f   LIBCMT:_sehprolg4gs_.obj
 0001:00009089       __SEH_epilog4_GS           1000a089 f   LIBCMT:_sehprolg4gs_.obj
 0001:000090a0       __allmul                   1000a0a0 f   LIBCMT:llmul.obj
 0001:000090e0       __alldvrm                  1000a0e0 f   LIBCMT:lldvrm.obj
 0001:000091c0       __aullshr                  1000a1c0 f   LIBCMT:ullshr.obj
 0001:000091e0       __alloca_probe_16          1000a1e0 f   LIBCMT:alloca16.obj
 0001:000091f6       __alloca_probe_8           1000a1f6     LIBCMT:alloca16.obj
 0001:00009210       __alloca_probe             1000a210 f   LIBCMT:chkstk.obj
 0001:00009210       __chkstk                   1000a210 f   LIBCMT:chkstk.obj
 0001:00009240       __allshl                   1000a240 f   LIBCMT:llshl.obj
 0001:00009260       __ftol2_sse                1000a260 f   LIBCMT:_ftol2_.obj
 0001:00009269       __ftol2_pentium4           1000a269 f   LIBCMT:_ftol2_.obj
 0001:0000927c       __ftol2_sse_excpt          1000a27c f   LIBCMT:_ftol2_.obj
 0001:000092a0       __ftol2                    1000a2a0 f   LIBCMT:_ftol2_.obj
 0001:00009320       _memcpy                    1000a320 f   libvcruntime:memcpy.obj
 0001:000098a0       _memmove                   1000a8a0 f   libvcruntime:memmove.obj
 0001:00009e20       _strrchr                   1000ae20 f   libvcruntime:strrchr.obj
 0001:00009f60       _strchr                    1000af60 f   libvcruntime:strchr.obj
 0001:00009fce       ___from_strstr_to_strchr   1000afce     libvcruntime:strchr.obj
 0002:00000000       __imp__DecodePointer@4     1000c000     kernel32:KERNEL32.dll
 0002:00000004       __imp__CreateFileW@28      1000c004     kernel32:KERNEL32.dll
 0002:00000008       __imp__WriteConsoleW@20    1000c008     kernel32:KERNEL32.dll
 0002:0000000c       __imp__SetFilePointerEx@20 1000c00c     kernel32:KERNEL32.dll
 0002:00000010       __imp__CloseHandle@4       1000c010     kernel32:KERNEL32.dll
 0002:00000014       __imp__HeapReAlloc@16      1000c014     kernel32:KERNEL32.dll
 0002:00000018       __imp__HeapSize@12         1000c018     kernel32:KERNEL32.dll
 0002:0000001c       __imp__SetStdHandle@8      1000c01c     kernel32:KERNEL32.dll
 0002:00000020       __imp__GetConsoleMode@8    1000c020     kernel32:KERNEL32.dll
 0002:00000024       __imp__UnhandledExceptionFilter@4 1000c024     kernel32:KERNEL32.dll
 0002:00000028       __imp__SetUnhandledExceptionFilter@4 1000c028     kernel32:KERNEL32.dll
 0002:0000002c       __imp__GetCurrentProcess@0 1000c02c     kernel32:KERNEL32.dll
 0002:00000030       __imp__TerminateProcess@8  1000c030     kernel32:KERNEL32.dll
 0002:00000034       __imp__IsProcessorFeaturePresent@4 1000c034     kernel32:KERNEL32.dll
 0002:00000038       __imp__QueryPerformanceCounter@4 1000c038     kernel32:KERNEL32.dll
 0002:0000003c       __imp__GetCurrentProcessId@0 1000c03c     kernel32:KERNEL32.dll
 0002:00000040       __imp__GetCurrentThreadId@0 1000c040     kernel32:KERNEL32.dll
 0002:00000044       __imp__GetSystemTimeAsFileTime@4 1000c044     kernel32:KERNEL32.dll
 0002:00000048       __imp__InitializeSListHead@4 1000c048     kernel32:KERNEL32.dll
 0002:0000004c       __imp__IsDebuggerPresent@0 1000c04c     kernel32:KERNEL32.dll
 0002:00000050       __imp__GetStartupInfoW@4   1000c050     kernel32:KERNEL32.dll
 0002:00000054       __imp__GetModuleHandleW@4  1000c054     kernel32:KERNEL32.dll
 0002:00000058       __imp__InterlockedFlushSList@4 1000c058     kernel32:KERNEL32.dll
 0002:0000005c       __imp__RtlUnwind@16        1000c05c     kernel32:KERNEL32.dll
 0002:00000060       __imp__GetLastError@0      1000c060     kernel32:KERNEL32.dll
 0002:00000064       __imp__SetLastError@4      1000c064     kernel32:KERNEL32.dll
 0002:00000068       __imp__EnterCriticalSection@4 1000c068     kernel32:KERNEL32.dll
 0002:0000006c       __imp__LeaveCriticalSection@4 1000c06c     kernel32:KERNEL32.dll
 0002:00000070       __imp__DeleteCriticalSection@4 1000c070     kernel32:KERNEL32.dll
 0002:00000074       __imp__InitializeCriticalSectionAndSpinCount@8 1000c074     kernel32:KERNEL32.dll
 0002:00000078       __imp__TlsAlloc@0          1000c078     kernel32:KERNEL32.dll
 0002:0000007c       __imp__TlsGetValue@4       1000c07c     kernel32:KERNEL32.dll
 0002:00000080       __imp__TlsSetValue@8       1000c080     kernel32:KERNEL32.dll
 0002:00000084       __imp__TlsFree@4           1000c084     kernel32:KERNEL32.dll
 0002:00000088       __imp__FreeLibrary@4       1000c088     kernel32:KERNEL32.dll
 0002:0000008c       __imp__GetProcAddress@8    1000c08c     kernel32:KERNEL32.dll
 0002:00000090       __imp__LoadLibraryExW@12   1000c090     kernel32:KERNEL32.dll
 0002:00000094       __imp__ExitProcess@4       1000c094     kernel32:KERNEL32.dll
 0002:00000098       __imp__GetModuleHandleExW@12 1000c098     kernel32:KERNEL32.dll
 0002:0000009c       __imp__GetModuleFileNameA@12 1000c09c     kernel32:KERNEL32.dll
 0002:000000a0       __imp__MultiByteToWideChar@24 1000c0a0     kernel32:KERNEL32.dll
 0002:000000a4       __imp__WideCharToMultiByte@32 1000c0a4     kernel32:KERNEL32.dll
 0002:000000a8       __imp__HeapFree@12         1000c0a8     kernel32:KERNEL32.dll
 0002:000000ac       __imp__HeapAlloc@12        1000c0ac     kernel32:KERNEL32.dll
 0002:000000b0       __imp__GetACP@0            1000c0b0     kernel32:KERNEL32.dll
 0002:000000b4       __imp__LCMapStringW@24     1000c0b4     kernel32:KERNEL32.dll
 0002:000000b8       __imp__GetStdHandle@4      1000c0b8     kernel32:KERNEL32.dll
 0002:000000bc       __imp__GetFileType@4       1000c0bc     kernel32:KERNEL32.dll
 0002:000000c0       __imp__FindClose@4         1000c0c0     kernel32:KERNEL32.dll
 0002:000000c4       __imp__FindFirstFileExA@24 1000c0c4     kernel32:KERNEL32.dll
 0002:000000c8       __imp__FindNextFileA@8     1000c0c8     kernel32:KERNEL32.dll
 0002:000000cc       __imp__IsValidCodePage@4   1000c0cc     kernel32:KERNEL32.dll
 0002:000000d0       __imp__GetOEMCP@0          1000c0d0     kernel32:KERNEL32.dll
 0002:000000d4       __imp__GetCPInfo@8         1000c0d4     kernel32:KERNEL32.dll
 0002:000000d8       __imp__GetCommandLineA@0   1000c0d8     kernel32:KERNEL32.dll
 0002:000000dc       __imp__GetCommandLineW@0   1000c0dc     kernel32:KERNEL32.dll
 0002:000000e0       __imp__GetEnvironmentStringsW@0 1000c0e0     kernel32:KERNEL32.dll
 0002:000000e4       __imp__FreeEnvironmentStringsW@4 1000c0e4     kernel32:KERNEL32.dll
 0002:000000e8       __imp__GetProcessHeap@0    1000c0e8     kernel32:KERNEL32.dll
 0002:000000ec       __imp__GetStringTypeW@16   1000c0ec     kernel32:KERNEL32.dll
 0002:000000f0       __imp__FlushFileBuffers@4  1000c0f0     kernel32:KERNEL32.dll
 0002:000000f4       __imp__WriteFile@20        1000c0f4     kernel32:KERNEL32.dll
 0002:000000f8       __imp__GetConsoleCP@0      1000c0f8     kernel32:KERNEL32.dll
 0002:000000fc       __imp__RaiseException@16   1000c0fc     kernel32:KERNEL32.dll
 0002:00000100       \177KERNEL32_NULL_THUNK_DATA 1000c100     kernel32:KERNEL32.dll
 0002:00000104       __imp_?GetCurrent@Isolate@v8@@SAPAV12@XZ 1000c104     iojs:node.dll
 0002:00000108       __imp_??1HandleScope@v8@@QAE@XZ 1000c108     iojs:node.dll
 0002:0000010c       __imp_??0HandleScope@v8@@QAE@PAVIsolate@1@@Z 1000c10c     iojs:node.dll
 0002:00000110       __imp__node_module_register 1000c110     iojs:node.dll
 0002:00000114       __imp_?SetName@Function@v8@@QAEXV?$Local@VString@v8@@@2@@Z 1000c114     iojs:node.dll
 0002:00000118       __imp_?Set@Object@v8@@QAE_NV?$Local@VValue@v8@@@2@0@Z 1000c118     iojs:node.dll
 0002:0000011c       __imp_?NewFromUtf8@String@v8@@SA?AV?$Local@VString@v8@@@2@PAVIsolate@2@PBDW4NewStringType@12@H@Z 1000c11c     iojs:node.dll
 0002:00000120       __imp_?New@FunctionTemplate@v8@@SA?AV?$Local@VFunctionTemplate@v8@@@2@PAVIsolate@2@P6AXABV?$FunctionCallbackInfo@VValue@v8@@@2@@ZV?$Local@VValue@v8@@@2@V?$Local@VSignature@v8@@@2@HW4ConstructorBehavior@2@@Z 1000c120     iojs:node.dll
 0002:00000124       __imp_?GetFunction@FunctionTemplate@v8@@QAE?AV?$Local@VFunction@v8@@@2@XZ 1000c124     iojs:node.dll
 0002:00000128       \177node_NULL_THUNK_DATA   1000c128     iojs:node.dll
 0002:0000012c       ___guard_check_icall_fptr  1000c12c     LIBCMT:guard_support.obj
 0002:00000130       ___xc_a                    1000c130     LIBCMT:initializers.obj
 0002:00000134       __register_addon_          1000c134     hello.obj
 0002:00000138       ___xc_z                    1000c138     LIBCMT:initializers.obj
 0002:0000013c       ___xi_a                    1000c13c     LIBCMT:initializers.obj
 0002:00000140       ___acrt_stdio_initializer  1000c140     libucrt:stdio_initializer.obj
 0002:00000144       ___acrt_multibyte_initializer 1000c144     libucrt:multibyte_initializer.obj
 0002:00000148       ___acrt_tran_sse2_initializer 1000c148     libucrt:sse2_initializer.obj
 0002:0000014c       ___xi_z                    1000c14c     LIBCMT:initializers.obj
 0002:00000150       ___xp_a                    1000c150     LIBCMT:initializers.obj
 0002:00000154       ___acrt_locale_terminator  1000c154     libucrt:locale_initializer.obj
 0002:00000158       ___dcrt_console_output_terminator 1000c158     libucrt:console_output_initializer.obj
 0002:0000015c       ___acrt_stdio_terminator   1000c15c     libucrt:stdio_initializer.obj
 0002:00000160       ___xp_z                    1000c160     LIBCMT:initializers.obj
 0002:00000164       ___xt_a                    1000c164     LIBCMT:initializers.obj
 0002:00000168       ___xt_z                    1000c168     LIBCMT:initializers.obj
 0002:00000170       __pRawDllMain              1000c170     LIBCMT:dll_dllmain.obj
 0002:00000170       __pDefaultRawDllMain       1000c170     LIBCMT:dll_dllmain.obj
 0002:0000018c       ??_C@_1BC@DNHGCMLG@?$AAa?$AAd?$AAv?$AAa?$AAp?$AAi?$AA3?$AA2?$AA?$AA@ 1000c18c     libvcruntime:winapi_downlevel.obj
 0002:000001a0       ??_C@_1DM@KHCHBNEB@?$AAa?$AAp?$AAi?$AA?9?$AAm?$AAs?$AA?9?$AAw?$AAi?$AAn?$AA?9?$AAc?$AAo?$AAr?$AAe?$AA?9?$AAf?$AAi?$AAb?$AAe?$AAr?$AAs?$AA?9?$AAl?$AA1?$AA?9?$AA1?$AA?9?$AA1?$AA?$AA@ 1000c1a0     libvcruntime:winapi_downlevel.obj
 0002:000001dc       ??_C@_1DK@LPPGFMPP@?$AAa?$AAp?$AAi?$AA?9?$AAm?$AAs?$AA?9?$AAw?$AAi?$AAn?$AA?9?$AAc?$AAo?$AAr?$AAe?$AA?9?$AAs?$AAy?$AAn?$AAc?$AAh?$AA?9?$AAl?$AA1?$AA?9?$AA2?$AA?9?$AA0?$AA?$AA@ 1000c1dc     libvcruntime:winapi_downlevel.obj
 0002:00000218       ??_C@_1BC@GDMECMAK@?$AAk?$AAe?$AAr?$AAn?$AAe?$AAl?$AA3?$AA2?$AA?$AA@ 1000c218     libvcruntime:winapi_downlevel.obj
 0002:00000234       ??_C@_08KNHFBNJ@FlsAlloc?$AA@ 1000c234     libvcruntime:winapi_downlevel.obj
 0002:00000248       ??_C@_07PEJMOBNF@FlsFree?$AA@ 1000c248     libvcruntime:winapi_downlevel.obj
 0002:00000258       ??_C@_0M@GDNOONDI@FlsGetValue?$AA@ 1000c258     libvcruntime:winapi_downlevel.obj
 0002:0000026c       ??_C@_0M@JCPCPOEF@FlsSetValue?$AA@ 1000c26c     libvcruntime:winapi_downlevel.obj
 0002:00000280       ??_C@_0BM@HCFOFFN@InitializeCriticalSectionEx?$AA@ 1000c280     libvcruntime:winapi_downlevel.obj
 0002:00000430       ??_C@_08EHJDFFNH@__based?$CI?$AA@ 1000c430     libvcruntime:undname.obj
 0002:0000043c       ??_C@_07KOLFKCDI@__cdecl?$AA@ 1000c43c     libvcruntime:undname.obj
 0002:00000444       ??_C@_08GHMPAG@__pascal?$AA@ 1000c444     libvcruntime:undname.obj
 0002:00000450       ??_C@_09IFJBGAPI@__stdcall?$AA@ 1000c450     libvcruntime:undname.obj
 0002:0000045c       ??_C@_0L@NPHFGOKO@__thiscall?$AA@ 1000c45c     libvcruntime:undname.obj
 0002:00000468       ??_C@_0L@JMKHOMEK@__fastcall?$AA@ 1000c468     libvcruntime:undname.obj
 0002:00000474       ??_C@_0N@BCKKPABJ@__vectorcall?$AA@ 1000c474     libvcruntime:undname.obj
 0002:00000484       ??_C@_09HIJEGCPM@__clrcall?$AA@ 1000c484     libvcruntime:undname.obj
 0002:00000490       ??_C@_06GHPCKEAG@__eabi?$AA@ 1000c490     libvcruntime:undname.obj
 0002:00000498       ??_C@_07JOMMBBKO@__ptr64?$AA@ 1000c498     libvcruntime:undname.obj
 0002:000004a0       ??_C@_0L@PILCLIHE@__restrict?$AA@ 1000c4a0     libvcruntime:undname.obj
 0002:000004ac       ??_C@_0M@GFIIJFMG@__unaligned?$AA@ 1000c4ac     libvcruntime:undname.obj
 0002:000004b8       ??_C@_09DHDLOLLB@restrict?$CI?$AA@ 1000c4b8     libvcruntime:undname.obj
 0002:000004c2       ??_C@_00CNPNBAHC@?$AA@     1000c4c2     libvcruntime:undname.obj
 0002:000004c4       ??_C@_04NIHEBCM@?5new?$AA@ 1000c4c4     libvcruntime:undname.obj
 0002:000004cc       ??_C@_07FPCDHGMM@?5delete?$AA@ 1000c4cc     libvcruntime:undname.obj
 0002:000004d4       ??_C@_01NEMOKFLO@?$DN?$AA@ 1000c4d4     libvcruntime:undname.obj
 0002:000004d8       ??_C@_02GPIOPFAK@?$DO?$DO?$AA@ 1000c4d8     libvcruntime:undname.obj
 0002:000004dc       ??_C@_02FODMEDOG@?$DM?$DM?$AA@ 1000c4dc     libvcruntime:undname.obj
 0002:000004e0       ??_C@_01DCLJPIOD@?$CB?$AA@ 1000c4e0     libvcruntime:undname.obj
 0002:000004e4       ??_C@_02EGOFBIJA@?$DN?$DN?$AA@ 1000c4e4     libvcruntime:undname.obj
 0002:000004e8       ??_C@_02FDNJECIE@?$CB?$DN?$AA@ 1000c4e8     libvcruntime:undname.obj
 0002:000004ec       ??_C@_02GPECMEKF@?$FL?$FN?$AA@ 1000c4ec     libvcruntime:undname.obj
 0002:000004f0       ??_C@_08LHJFAFGD@operator?$AA@ 1000c4f0     libvcruntime:undname.obj
 0002:000004fc       ??_C@_02HBOOOICD@?9?$DO?$AA@ 1000c4fc     libvcruntime:undname.obj
 0002:00000500       ??_C@_01NBENCBCI@?$CK?$AA@ 1000c500     libvcruntime:undname.obj
 0002:00000504       ??_C@_02ECNGHCIF@?$CL?$CL?$AA@ 1000c504     libvcruntime:undname.obj
 0002:00000508       ??_C@_02BAABKJLB@?9?9?$AA@ 1000c508     libvcruntime:undname.obj
 0002:0000050c       ??_C@_01JOAMLHOP@?9?$AA@   1000c50c     libvcruntime:undname.obj
 0002:00000510       ??_C@_01MIFGBAGJ@?$CL?$AA@ 1000c510     libvcruntime:undname.obj
 0002:00000514       ??_C@_01HNPIGOCE@?$CG?$AA@ 1000c514     libvcruntime:undname.obj
 0002:00000518       ??_C@_03MNHNFDLC@?9?$DO?$CK?$AA@ 1000c518     libvcruntime:undname.obj
 0002:0000051c       ??_C@_01KMDKNFGN@?1?$AA@   1000c51c     libvcruntime:undname.obj
 0002:00000520       ??_C@_01FGNFDNOH@?$CF?$AA@ 1000c520     libvcruntime:undname.obj
 0002:00000524       ??_C@_01MNNFJEPP@?$DM?$AA@ 1000c524     libvcruntime:undname.obj
 0002:00000528       ??_C@_02EHCHHCKH@?$DM?$DN?$AA@ 1000c528     libvcruntime:undname.obj
 0002:0000052c       ??_C@_01PPODPGHN@?$DO?$AA@ 1000c52c     libvcruntime:undname.obj
 0002:00000530       ??_C@_02EEKDKGMJ@?$DO?$DN?$AA@ 1000c530     libvcruntime:undname.obj
 0002:00000534       ??_C@_01IHBHIGKO@?0?$AA@   1000c534     libvcruntime:undname.obj
 0002:00000538       ??_C@_02HCKGKOFO@?$CI?$CJ?$AA@ 1000c538     libvcruntime:undname.obj
 0002:0000053c       ??_C@_01PJKLJHI@?$HO?$AA@  1000c53c     libvcruntime:undname.obj
 0002:00000540       ??_C@_01JKBOJNNK@?$FO?$AA@ 1000c540     libvcruntime:undname.obj
 0002:00000544       ??_C@_01DNKMNLPK@?$HM?$AA@ 1000c544     libvcruntime:undname.obj
 0002:00000548       ??_C@_02PPKAJPJL@?$CG?$CG?$AA@ 1000c548     libvcruntime:undname.obj
 0002:0000054c       ??_C@_02NONPIBCD@?$HM?$HM?$AA@ 1000c54c     libvcruntime:undname.obj
 0002:00000550       ??_C@_02FPIMKNGF@?$CK?$DN?$AA@ 1000c550     libvcruntime:undname.obj
 0002:00000554       ??_C@_02FOEOMHFC@?$CL?$DN?$AA@ 1000c554     libvcruntime:undname.obj
 0002:00000558       ??_C@_02FKMDLLOA@?9?$DN?$AA@ 1000c558     libvcruntime:undname.obj
 0002:0000055c       ??_C@_02FJEHGPIO@?1?$DN?$AA@ 1000c55c     libvcruntime:undname.obj
 0002:00000560       ??_C@_02FENAOKFI@?$CF?$DN?$AA@ 1000c560     libvcruntime:undname.obj
 0002:00000564       ??_C@_03IKFCCPFF@?$DO?$DO?$DN?$AA@ 1000c564     libvcruntime:undname.obj
 0002:00000568       ??_C@_03CDNPDDLA@?$DM?$DM?$DN?$AA@ 1000c568     libvcruntime:undname.obj
 0002:0000056c       ??_C@_02FGJGFEAB@?$CG?$DN?$AA@ 1000c56c     libvcruntime:undname.obj
 0002:00000570       ??_C@_02DHLNPPGH@?$HM?$DN?$AA@ 1000c570     libvcruntime:undname.obj
 0002:00000574       ??_C@_02MHEGNOJ@?$FO?$DN?$AA@ 1000c574     libvcruntime:undname.obj
 0002:00000578       ??_C@_09IFPLHPGF@?$GAvftable?8?$AA@ 1000c578     libvcruntime:undname.obj
 0002:00000584       ??_C@_09BLBHBJP@?$GAvbtable?8?$AA@ 1000c584     libvcruntime:undname.obj
 0002:00000590       ??_C@_07FEEIOKP@?$GAvcall?8?$AA@ 1000c590     libvcruntime:undname.obj
 0002:00000598       ??_C@_08LLFFHHDJ@?$GAtypeof?8?$AA@ 1000c598     libvcruntime:undname.obj
 0002:000005a4       ??_C@_0BF@KDPPACIK@?$GAlocal?5static?5guard?8?$AA@ 1000c5a4     libvcruntime:undname.obj
 0002:000005bc       ??_C@_08OBABFOLI@?$GAstring?8?$AA@ 1000c5bc     libvcruntime:undname.obj
 0002:000005c8       ??_C@_0BD@JDLKDPAB@?$GAvbase?5destructor?8?$AA@ 1000c5c8     libvcruntime:undname.obj
 0002:000005dc       ??_C@_0BN@DEGPLNFK@?$GAvector?5deleting?5destructor?8?$AA@ 1000c5dc     libvcruntime:undname.obj
 0002:000005fc       ??_C@_0BO@OBMKPJIG@?$GAdefault?5constructor?5closure?8?$AA@ 1000c5fc     libvcruntime:undname.obj
 0002:0000061c       ??_C@_0BN@IMDCHIKM@?$GAscalar?5deleting?5destructor?8?$AA@ 1000c61c     libvcruntime:undname.obj
 0002:0000063c       ??_C@_0BO@PFGOCPJJ@?$GAvector?5constructor?5iterator?8?$AA@ 1000c63c     libvcruntime:undname.obj
 0002:0000065c       ??_C@_0BN@LFPFMEDL@?$GAvector?5destructor?5iterator?8?$AA@ 1000c65c     libvcruntime:undname.obj
 0002:0000067c       ??_C@_0CE@IKBNEHA@?$GAvector?5vbase?5constructor?5iterat@ 1000c67c     libvcruntime:undname.obj
 0002:000006a0       ??_C@_0BL@NILFHHPC@?$GAvirtual?5displacement?5map?8?$AA@ 1000c6a0     libvcruntime:undname.obj
 0002:000006bc       ??_C@_0CB@JONCMFFK@?$GAeh?5vector?5constructor?5iterator?8@ 1000c6bc     libvcruntime:undname.obj
 0002:000006e0       ??_C@_0CA@GCEOPDGL@?$GAeh?5vector?5destructor?5iterator?8?$AA@ 1000c6e0     libvcruntime:undname.obj
 0002:00000700       ??_C@_0CH@OOJPLCPH@?$GAeh?5vector?5vbase?5constructor?5ite@ 1000c700     libvcruntime:undname.obj
 0002:00000728       ??_C@_0BL@LLKPOHJI@?$GAcopy?5constructor?5closure?8?$AA@ 1000c728     libvcruntime:undname.obj
 0002:00000744       ??_C@_0BA@KBCDOMBN@?$GAudt?5returning?8?$AA@ 1000c744     libvcruntime:undname.obj
 0002:00000754       ??_C@_03KLGMFNMG@?$GAEH?$AA@ 1000c754     libvcruntime:undname.obj
 0002:00000758       ??_C@_05KHLCHHI@?$GARTTI?$AA@ 1000c758     libvcruntime:undname.obj
 0002:00000760       ??_C@_0BA@KKLDJDLB@?$GAlocal?5vftable?8?$AA@ 1000c760     libvcruntime:undname.obj
 0002:00000770       ??_C@_0CE@IIHCMGGL@?$GAlocal?5vftable?5constructor?5closu@ 1000c770     libvcruntime:undname.obj
 0002:00000794       ??_C@_06FHBGPFGH@?5new?$FL?$FN?$AA@ 1000c794     libvcruntime:undname.obj
 0002:0000079c       ??_C@_09LBNFPBCA@?5delete?$FL?$FN?$AA@ 1000c79c     libvcruntime:undname.obj
 0002:000007a8       ??_C@_0P@HJKNJFNN@?$GAomni?5callsig?8?$AA@ 1000c7a8     libvcruntime:undname.obj
 0002:000007b8       ??_C@_0BL@CNOONJFP@?$GAplacement?5delete?5closure?8?$AA@ 1000c7b8     libvcruntime:undname.obj
 0002:000007d4       ??_C@_0BN@CKNJLHMB@?$GAplacement?5delete?$FL?$FN?5closure?8?$AA@ 1000c7d4     libvcruntime:undname.obj
 0002:000007f4       ??_C@_0CG@CFDHKGGD@?$GAmanaged?5vector?5constructor?5iter@ 1000c7f4     libvcruntime:undname.obj
 0002:0000081c       ??_C@_0CF@IMGKMJNO@?$GAmanaged?5vector?5destructor?5itera@ 1000c81c     libvcruntime:undname.obj
 0002:00000844       ??_C@_0CG@HLDDJMAG@?$GAeh?5vector?5copy?5constructor?5iter@ 1000c844     libvcruntime:undname.obj
 0002:0000086c       ??_C@_0CM@FCBBDIGB@?$GAeh?5vector?5vbase?5copy?5constructo@ 1000c86c     libvcruntime:undname.obj
 0002:00000898       ??_C@_0BL@CLIPGLGB@?$GAdynamic?5initializer?5for?5?8?$AA@ 1000c898     libvcruntime:undname.obj
 0002:000008b4       ??_C@_0CB@PDBIFEP@?$GAdynamic?5atexit?5destructor?5for?5?8@ 1000c8b4     libvcruntime:undname.obj
 0002:000008d8       ??_C@_0CD@CGAJBKEJ@?$GAvector?5copy?5constructor?5iterato@ 1000c8d8     libvcruntime:undname.obj
 0002:000008fc       ??_C@_0CJ@GJELGAMM@?$GAvector?5vbase?5copy?5constructor?5i@ 1000c8fc     libvcruntime:undname.obj
 0002:00000928       ??_C@_0CL@FGIJHLCE@?$GAmanaged?5vector?5copy?5constructor@ 1000c928     libvcruntime:undname.obj
 0002:00000954       ??_C@_0BM@PMGGMLDN@?$GAlocal?5static?5thread?5guard?8?$AA@ 1000c954     libvcruntime:undname.obj
 0002:00000970       ??_C@_0N@BDNMDMOL@operator?5?$CC?$CC?5?$AA@ 1000c970     libvcruntime:undname.obj
 0002:00000980       ??_C@_0BC@DAFEJGAK@?5Type?5Descriptor?8?$AA@ 1000c980     libvcruntime:undname.obj
 0002:00000994       ??_C@_0BM@LDKODKLH@?5Base?5Class?5Descriptor?5at?5?$CI?$AA@ 1000c994     libvcruntime:undname.obj
 0002:000009b0       ??_C@_0BD@LGICGFMM@?5Base?5Class?5Array?8?$AA@ 1000c9b0     libvcruntime:undname.obj
 0002:000009c4       ??_C@_0BN@MECKDCOJ@?5Class?5Hierarchy?5Descriptor?8?$AA@ 1000c9c4     libvcruntime:undname.obj
 0002:000009e4       ??_C@_0BK@CFCOFLF@?5Complete?5Object?5Locator?8?$AA@ 1000c9e4     libvcruntime:undname.obj
 0002:00000a00       ___acrt_exception_action_table 1000ca00     libucrt:exception_filter.obj
 0002:00000a90       ___acrt_signal_action_table_count 1000ca90     libucrt:exception_filter.obj
 0002:00000a94       ___acrt_signal_action_first_fpe_index 1000ca94     libucrt:exception_filter.obj
 0002:00000a98       ___acrt_signal_action_fpe_count 1000ca98     libucrt:exception_filter.obj
 0002:00000a9c       ??_C@_1BI@BGOHAHKC@?$AAm?$AAs?$AAc?$AAo?$AAr?$AAe?$AAe?$AA?4?$AAd?$AAl?$AAl?$AA?$AA@ 1000ca9c     libucrt:exit.obj
 0002:00000ab4       ??_C@_0P@MIGLKIOC@CorExitProcess?$AA@ 1000cab4     libucrt:exit.obj
 0002:00000ca8       ??_C@_03KOEHGMDN@Sun?$AA@  1000cca8     libucrt:nlsdata.obj
 0002:00000cac       ??_C@_03PDAGKDH@Mon?$AA@   1000ccac     libucrt:nlsdata.obj
 0002:00000cb0       ??_C@_03NAGEINEP@Tue?$AA@  1000ccb0     libucrt:nlsdata.obj
 0002:00000cb4       ??_C@_03MHOMLAJA@Wed?$AA@  1000ccb4     libucrt:nlsdata.obj
 0002:00000cb8       ??_C@_03IOFIKPDN@Thu?$AA@  1000ccb8     libucrt:nlsdata.obj
 0002:00000cbc       ??_C@_03IDIOELNC@Fri?$AA@  1000ccbc     libucrt:nlsdata.obj
 0002:00000cc0       ??_C@_03FEFJNEK@Sat?$AA@   1000ccc0     libucrt:nlsdata.obj
 0002:00000cc4       ??_C@_06OOPIFAJ@Sunday?$AA@ 1000ccc4     libucrt:nlsdata.obj
 0002:00000ccc       ??_C@_06JLEDEDGH@Monday?$AA@ 1000cccc     libucrt:nlsdata.obj
 0002:00000cd4       ??_C@_07BAAGCFCM@Tuesday?$AA@ 1000ccd4     libucrt:nlsdata.obj
 0002:00000cdc       ??_C@_09DLIGFAKA@Wednesday?$AA@ 1000ccdc     libucrt:nlsdata.obj
 0002:00000ce8       ??_C@_08HACCIKIA@Thursday?$AA@ 1000cce8     libucrt:nlsdata.obj
 0002:00000cf4       ??_C@_06JECMNKMI@Friday?$AA@ 1000ccf4     libucrt:nlsdata.obj
 0002:00000cfc       ??_C@_08INBOOONO@Saturday?$AA@ 1000ccfc     libucrt:nlsdata.obj
 0002:00000d08       ??_C@_03JIHJHPIE@Jan?$AA@  1000cd08     libucrt:nlsdata.obj
 0002:00000d0c       ??_C@_03HJBDCHOM@Feb?$AA@  1000cd0c     libucrt:nlsdata.obj
 0002:00000d10       ??_C@_03ODNJBKGA@Mar?$AA@  1000cd10     libucrt:nlsdata.obj
 0002:00000d14       ??_C@_03LEOLGMJP@Apr?$AA@  1000cd14     libucrt:nlsdata.obj
 0002:00000d18       ??_C@_03CNMDKL@May?$AA@    1000cd18     libucrt:nlsdata.obj
 0002:00000d1c       ??_C@_03IDFGHECI@Jun?$AA@  1000cd1c     libucrt:nlsdata.obj
 0002:00000d20       ??_C@_03LBGABGKK@Jul?$AA@  1000cd20     libucrt:nlsdata.obj
 0002:00000d24       ??_C@_03IFJFEIGA@Aug?$AA@  1000cd24     libucrt:nlsdata.obj
 0002:00000d28       ??_C@_03GGCAPAJC@Sep?$AA@  1000cd28     libucrt:nlsdata.obj
 0002:00000d2c       ??_C@_03BMAOKBAD@Oct?$AA@  1000cd2c     libucrt:nlsdata.obj
 0002:00000d30       ??_C@_03JPJOFNIA@Nov?$AA@  1000cd30     libucrt:nlsdata.obj
 0002:00000d34       ??_C@_03MKABNOCG@Dec?$AA@  1000cd34     libucrt:nlsdata.obj
 0002:00000d38       ??_C@_07CGJPFGJA@January?$AA@ 1000cd38     libucrt:nlsdata.obj
 0002:00000d40       ??_C@_08GNJGEPFN@February?$AA@ 1000cd40     libucrt:nlsdata.obj
 0002:00000d4c       ??_C@_05HPCKOFNC@March?$AA@ 1000cd4c     libucrt:nlsdata.obj
 0002:00000d54       ??_C@_05DMJDNLEJ@April?$AA@ 1000cd54     libucrt:nlsdata.obj
 0002:00000d5c       ??_C@_04CNLMGBGM@June?$AA@ 1000cd5c     libucrt:nlsdata.obj
 0002:00000d64       ??_C@_04MIEPOIFP@July?$AA@ 1000cd64     libucrt:nlsdata.obj
 0002:00000d6c       ??_C@_06LBBHFDDG@August?$AA@ 1000cd6c     libucrt:nlsdata.obj
 0002:00000d74       ??_C@_09BHHEALKD@September?$AA@ 1000cd74     libucrt:nlsdata.obj
 0002:00000d80       ??_C@_07JJNFCEND@October?$AA@ 1000cd80     libucrt:nlsdata.obj
 0002:00000d88       ??_C@_08HCHEGEOA@November?$AA@ 1000cd88     libucrt:nlsdata.obj
 0002:00000d94       ??_C@_08EDHMEBNP@December?$AA@ 1000cd94     libucrt:nlsdata.obj
 0002:00000da0       ??_C@_02DEDBPAFC@AM?$AA@   1000cda0     libucrt:nlsdata.obj
 0002:00000da4       ??_C@_02CJNFDJBF@PM?$AA@   1000cda4     libucrt:nlsdata.obj
 0002:00000da8       ??_C@_08BPBNCDIB@MM?1dd?1yy?$AA@ 1000cda8     libucrt:nlsdata.obj
 0002:00000db4       ??_C@_0BE@CKGJFCPC@dddd?0?5MMMM?5dd?0?5yyyy?$AA@ 1000cdb4     libucrt:nlsdata.obj
 0002:00000dc8       ??_C@_08JCCMCCIL@HH?3mm?3ss?$AA@ 1000cdc8     libucrt:nlsdata.obj
 0002:00000dd4       ??_C@_17MBGCMIPB@?$AAS?$AAu?$AAn?$AA?$AA@ 1000cdd4     libucrt:nlsdata.obj
 0002:00000ddc       ??_C@_17KBOMKBF@?$AAM?$AAo?$AAn?$AA?$AA@ 1000cddc     libucrt:nlsdata.obj
 0002:00000de4       ??_C@_17BMKGEGOJ@?$AAT?$AAu?$AAe?$AA?$AA@ 1000cde4     libucrt:nlsdata.obj
 0002:00000dec       ??_C@_17CJEDCEPE@?$AAW?$AAe?$AAd?$AA?$AA@ 1000cdec     libucrt:nlsdata.obj
 0002:00000df4       ??_C@_17PDPHAADD@?$AAT?$AAh?$AAu?$AA?$AA@ 1000cdf4     libucrt:nlsdata.obj
 0002:00000dfc       ??_C@_17HFOLPPLP@?$AAF?$AAr?$AAi?$AA?$AA@ 1000cdfc     libucrt:nlsdata.obj
 0002:00000e04       ??_C@_17GGIBDPIH@?$AAS?$AAa?$AAt?$AA?$AA@ 1000ce04     libucrt:nlsdata.obj
 0002:00000e0c       ??_C@_1O@IHNHDHPB@?$AAS?$AAu?$AAn?$AAd?$AAa?$AAy?$AA?$AA@ 1000ce0c     libucrt:nlsdata.obj
 0002:00000e1c       ??_C@_1O@MMNBFLIA@?$AAM?$AAo?$AAn?$AAd?$AAa?$AAy?$AA?$AA@ 1000ce1c     libucrt:nlsdata.obj
 0002:00000e2c       ??_C@_1BA@ENFBFFEK@?$AAT?$AAu?$AAe?$AAs?$AAd?$AAa?$AAy?$AA?$AA@ 1000ce2c     libucrt:nlsdata.obj
 0002:00000e3c       ??_C@_1BE@EBOGMDOH@?$AAW?$AAe?$AAd?$AAn?$AAe?$AAs?$AAd?$AAa?$AAy?$AA?$AA@ 1000ce3c     libucrt:nlsdata.obj
 0002:00000e50       ??_C@_1BC@HHMNLIHE@?$AAT?$AAh?$AAu?$AAr?$AAs?$AAd?$AAa?$AAy?$AA?$AA@ 1000ce50     libucrt:nlsdata.obj
 0002:00000e64       ??_C@_1O@PDICJHAG@?$AAF?$AAr?$AAi?$AAd?$AAa?$AAy?$AA?$AA@ 1000ce64     libucrt:nlsdata.obj
 0002:00000e74       ??_C@_1BC@ENMNNPAJ@?$AAS?$AAa?$AAt?$AAu?$AAr?$AAd?$AAa?$AAy?$AA?$AA@ 1000ce74     libucrt:nlsdata.obj
 0002:00000e88       ??_C@_17DKNBKCHM@?$AAJ?$AAa?$AAn?$AA?$AA@ 1000ce88     libucrt:nlsdata.obj
 0002:00000e90       ??_C@_17LMDJEKJN@?$AAF?$AAe?$AAb?$AA?$AA@ 1000ce90     libucrt:nlsdata.obj
 0002:00000e98       ??_C@_17CKNLEDEC@?$AAM?$AAa?$AAr?$AA?$AA@ 1000ce98     libucrt:nlsdata.obj
 0002:00000ea0       ??_C@_17LFPOIHDD@?$AAA?$AAp?$AAr?$AA?$AA@ 1000cea0     libucrt:nlsdata.obj
 0002:00000ea8       ??_C@_17PNNKMEED@?$AAM?$AAa?$AAy?$AA?$AA@ 1000cea8     libucrt:nlsdata.obj
 0002:00000eb0       ??_C@_17KCJGOCPB@?$AAJ?$AAu?$AAn?$AA?$AA@ 1000ceb0     libucrt:nlsdata.obj
 0002:00000eb8       ??_C@_17IJPCKHK@?$AAJ?$AAu?$AAl?$AA?$AA@ 1000ceb8     libucrt:nlsdata.obj
 0002:00000ec0       ??_C@_17ICPELBCN@?$AAA?$AAu?$AAg?$AA?$AA@ 1000cec0     libucrt:nlsdata.obj
 0002:00000ec8       ??_C@_17HCHCOKMG@?$AAS?$AAe?$AAp?$AA?$AA@ 1000cec8     libucrt:nlsdata.obj
 0002:00000ed0       ??_C@_17FNLKOI@?$AAO?$AAc?$AAt?$AA?$AA@ 1000ced0     libucrt:nlsdata.obj
 0002:00000ed8       ??_C@_17BBDMLCIG@?$AAN?$AAo?$AAv?$AA?$AA@ 1000ced8     libucrt:nlsdata.obj
 0002:00000ee0       ??_C@_17EGKACKIF@?$AAD?$AAe?$AAc?$AA?$AA@ 1000cee0     libucrt:nlsdata.obj
 0002:00000ee8       ??_C@_1BA@EFMEIEBA@?$AAJ?$AAa?$AAn?$AAu?$AAa?$AAr?$AAy?$AA?$AA@ 1000cee8     libucrt:nlsdata.obj
 0002:00000ef8       ??_C@_1BC@JGDDFFAM@?$AAF?$AAe?$AAb?$AAr?$AAu?$AAa?$AAr?$AAy?$AA?$AA@ 1000cef8     libucrt:nlsdata.obj
 0002:00000f0c       ??_C@_1M@IKEENEDF@?$AAM?$AAa?$AAr?$AAc?$AAh?$AA?$AA@ 1000cf0c     libucrt:nlsdata.obj
 0002:00000f18       ??_C@_1M@GJNLMHFD@?$AAA?$AAp?$AAr?$AAi?$AAl?$AA?$AA@ 1000cf18     libucrt:nlsdata.obj
 0002:00000f24       ??_C@_19EPFLPGAP@?$AAJ?$AAu?$AAn?$AAe?$AA?$AA@ 1000cf24     libucrt:nlsdata.obj
 0002:00000f30       ??_C@_19BIFMLPCD@?$AAJ?$AAu?$AAl?$AAy?$AA?$AA@ 1000cf30     libucrt:nlsdata.obj
 0002:00000f3c       ??_C@_1O@PAHLKOAC@?$AAA?$AAu?$AAg?$AAu?$AAs?$AAt?$AA?$AA@ 1000cf3c     libucrt:nlsdata.obj
 0002:00000f4c       ??_C@_1BE@DKAAMBJL@?$AAS?$AAe?$AAp?$AAt?$AAe?$AAm?$AAb?$AAe?$AAr?$AA?$AA@ 1000cf4c     libucrt:nlsdata.obj
 0002:00000f60       ??_C@_1BA@EPANDLNG@?$AAO?$AAc?$AAt?$AAo?$AAb?$AAe?$AAr?$AA?$AA@ 1000cf60     libucrt:nlsdata.obj
 0002:00000f70       ??_C@_1BC@BGLIFPF@?$AAN?$AAo?$AAv?$AAe?$AAm?$AAb?$AAe?$AAr?$AA?$AA@ 1000cf70     libucrt:nlsdata.obj
 0002:00000f84       ??_C@_1BC@FEMKIFH@?$AAD?$AAe?$AAc?$AAe?$AAm?$AAb?$AAe?$AAr?$AA?$AA@ 1000cf84     libucrt:nlsdata.obj
 0002:00000f98       ??_C@_15ODEHAHHF@?$AAA?$AAM?$AA?$AA@ 1000cf98     libucrt:nlsdata.obj
 0002:00000fa0       ??_C@_15CLMNNGEL@?$AAP?$AAM?$AA?$AA@ 1000cfa0     libucrt:nlsdata.obj
 0002:00000fa8       ??_C@_1BC@IEBCMHCM@?$AAM?$AAM?$AA?1?$AAd?$AAd?$AA?1?$AAy?$AAy?$AA?$AA@ 1000cfa8     libucrt:nlsdata.obj
 0002:00000fbc       ??_C@_1CI@KNAKOEBC@?$AAd?$AAd?$AAd?$AAd?$AA?0?$AA?5?$AAM?$AAM?$AAM?$AAM?$AA?5?$AAd?$AAd?$AA?0?$AA?5?$AAy?$AAy?$AAy?$AAy?$AA?$AA@ 1000cfbc     libucrt:nlsdata.obj
 0002:00000fe4       ??_C@_1BC@GDGBMEMK@?$AAH?$AAH?$AA?3?$AAm?$AAm?$AA?3?$AAs?$AAs?$AA?$AA@ 1000cfe4     libucrt:nlsdata.obj
 0002:00000ff8       ??_C@_1M@BMHNFIME@?$AAe?$AAn?$AA?9?$AAU?$AAS?$AA?$AA@ 1000cff8     libucrt:nlsdata.obj
 0002:00001008       ___lc_time_c               1000d008     libucrt:nlsdata.obj
 0002:000011c0       ??_C@_1EG@CNNIPFIM@?$AAa?$AAp?$AAi?$AA?9?$AAm?$AAs?$AA?9?$AAw?$AAi?$AAn?$AA?9?$AAa?$AAp?$AAp?$AAm?$AAo?$AAd?$AAe?$AAl?$AA?9?$AAr?$AAu?$AAn?$AAt?$AAi?$AAm?$AAe?$AA?9?$AAl?$AA1?$AA?9?$AA1@ 1000d1c0     libucrt:winapi_thunks.obj
 0002:00001208       ??_C@_1EA@JGEFHKEI@?$AAa?$AAp?$AAi?$AA?9?$AAm?$AAs?$AA?9?$AAw?$AAi?$AAn?$AA?9?$AAc?$AAo?$AAr?$AAe?$AA?9?$AAd?$AAa?$AAt?$AAe?$AAt?$AAi?$AAm?$AAe?$AA?9?$AAl?$AA1?$AA?9?$AA1?$AA?9?$AA1?$AA?$AA@ 1000d208     libucrt:winapi_thunks.obj
 0002:00001248       ??_C@_1DI@GCIAAENM@?$AAa?$AAp?$AAi?$AA?9?$AAm?$AAs?$AA?9?$AAw?$AAi?$AAn?$AA?9?$AAc?$AAo?$AAr?$AAe?$AA?9?$AAf?$AAi?$AAl?$AAe?$AA?9?$AAl?$AA2?$AA?9?$AA1?$AA?9?$AA1?$AA?$AA@ 1000d248     libucrt:winapi_thunks.obj
 0002:00001280       ??_C@_1EI@MPIAOHOC@?$AAa?$AAp?$AAi?$AA?9?$AAm?$AAs?$AA?9?$AAw?$AAi?$AAn?$AA?9?$AAc?$AAo?$AAr?$AAe?$AA?9?$AAl?$AAo?$AAc?$AAa?$AAl?$AAi?$AAz?$AAa?$AAt?$AAi?$AAo?$AAn?$AA?9?$AAl?$AA1?$AA?9@ 1000d280     libucrt:winapi_thunks.obj
 0002:000012c8       ??_C@_1FK@FPHCKFIE@?$AAa?$AAp?$AAi?$AA?9?$AAm?$AAs?$AA?9?$AAw?$AAi?$AAn?$AA?9?$AAc?$AAo?$AAr?$AAe?$AA?9?$AAl?$AAo?$AAc?$AAa?$AAl?$AAi?$AAz?$AAa?$AAt?$AAi?$AAo?$AAn?$AA?9?$AAo?$AAb?$AAs@ 1000d2c8     libucrt:winapi_thunks.obj
 0002:00001328       ??_C@_1EM@DILCGIIO@?$AAa?$AAp?$AAi?$AA?9?$AAm?$AAs?$AA?9?$AAw?$AAi?$AAn?$AA?9?$AAc?$AAo?$AAr?$AAe?$AA?9?$AAp?$AAr?$AAo?$AAc?$AAe?$AAs?$AAs?$AAt?$AAh?$AAr?$AAe?$AAa?$AAd?$AAs?$AA?9?$AAl@ 1000d328     libucrt:winapi_thunks.obj
 0002:00001374       ??_C@_1DM@LNCGDDPN@?$AAa?$AAp?$AAi?$AA?9?$AAm?$AAs?$AA?9?$AAw?$AAi?$AAn?$AA?9?$AAc?$AAo?$AAr?$AAe?$AA?9?$AAs?$AAt?$AAr?$AAi?$AAn?$AAg?$AA?9?$AAl?$AA1?$AA?9?$AA1?$AA?9?$AA0?$AA?$AA@ 1000d374     libucrt:winapi_thunks.obj
 0002:000013b0       ??_C@_1DO@FPAPJEMD@?$AAa?$AAp?$AAi?$AA?9?$AAm?$AAs?$AA?9?$AAw?$AAi?$AAn?$AA?9?$AAc?$AAo?$AAr?$AAe?$AA?9?$AAs?$AAy?$AAs?$AAi?$AAn?$AAf?$AAo?$AA?9?$AAl?$AA1?$AA?9?$AA2?$AA?9?$AA1?$AA?$AA@ 1000d3b0     libucrt:winapi_thunks.obj
 0002:000013f0       ??_C@_1DK@NDHNAHIO@?$AAa?$AAp?$AAi?$AA?9?$AAm?$AAs?$AA?9?$AAw?$AAi?$AAn?$AA?9?$AAc?$AAo?$AAr?$AAe?$AA?9?$AAw?$AAi?$AAn?$AAr?$AAt?$AA?9?$AAl?$AA1?$AA?9?$AA1?$AA?9?$AA0?$AA?$AA@ 1000d3f0     libucrt:winapi_thunks.obj
 0002:0000142c       ??_C@_1DM@KGHDGBCM@?$AAa?$AAp?$AAi?$AA?9?$AAm?$AAs?$AA?9?$AAw?$AAi?$AAn?$AA?9?$AAc?$AAo?$AAr?$AAe?$AA?9?$AAx?$AAs?$AAt?$AAa?$AAt?$AAe?$AA?9?$AAl?$AA2?$AA?9?$AA1?$AA?9?$AA0?$AA?$AA@ 1000d42c     libucrt:winapi_thunks.obj
 0002:00001468       ??_C@_1EO@IJIOEFOH@?$AAa?$AAp?$AAi?$AA?9?$AAm?$AAs?$AA?9?$AAw?$AAi?$AAn?$AA?9?$AAr?$AAt?$AAc?$AAo?$AAr?$AAe?$AA?9?$AAn?$AAt?$AAu?$AAs?$AAe?$AAr?$AA?9?$AAw?$AAi?$AAn?$AAd?$AAo?$AAw?$AA?9@ 1000d468     libucrt:winapi_thunks.obj
 0002:000014b8       ??_C@_1FG@HHGEKANL@?$AAa?$AAp?$AAi?$AA?9?$AAm?$AAs?$AA?9?$AAw?$AAi?$AAn?$AA?9?$AAs?$AAe?$AAc?$AAu?$AAr?$AAi?$AAt?$AAy?$AA?9?$AAs?$AAy?$AAs?$AAt?$AAe?$AAm?$AAf?$AAu?$AAn?$AAc?$AAt?$AAi@ 1000d4b8     libucrt:winapi_thunks.obj
 0002:00001510       ??_C@_1FG@NCKKOLKO@?$AAe?$AAx?$AAt?$AA?9?$AAm?$AAs?$AA?9?$AAw?$AAi?$AAn?$AA?9?$AAk?$AAe?$AAr?$AAn?$AAe?$AAl?$AA3?$AA2?$AA?9?$AAp?$AAa?$AAc?$AAk?$AAa?$AAg?$AAe?$AA?9?$AAc?$AAu?$AAr?$AAr@ 1000d510     libucrt:winapi_thunks.obj
 0002:00001568       ??_C@_1EG@DBIOJECG@?$AAe?$AAx?$AAt?$AA?9?$AAm?$AAs?$AA?9?$AAw?$AAi?$AAn?$AA?9?$AAn?$AAt?$AAu?$AAs?$AAe?$AAr?$AA?9?$AAd?$AAi?$AAa?$AAl?$AAo?$AAg?$AAb?$AAo?$AAx?$AA?9?$AAl?$AA1?$AA?9?$AA1@ 1000d568     libucrt:winapi_thunks.obj
 0002:000015b0       ??_C@_1EO@FIHMJCLF@?$AAe?$AAx?$AAt?$AA?9?$AAm?$AAs?$AA?9?$AAw?$AAi?$AAn?$AA?9?$AAn?$AAt?$AAu?$AAs?$AAe?$AAr?$AA?9?$AAw?$AAi?$AAn?$AAd?$AAo?$AAw?$AAs?$AAt?$AAa?$AAt?$AAi?$AAo?$AAn?$AA?9@ 1000d5b0     libucrt:winapi_thunks.obj
 0002:00001600       ??_C@_1O@BCCLBEOE@?$AAu?$AAs?$AAe?$AAr?$AA3?$AA2?$AA?$AA@ 1000d600     libucrt:winapi_thunks.obj
 0002:00001638       ??_C@_0BE@JOGNEJCI@GetCurrentPackageId?$AA@ 1000d638     libucrt:winapi_thunks.obj
 0002:0000165c       ??_C@_0O@KKBNKAPF@LCMapStringEx?$AA@ 1000d65c     libucrt:winapi_thunks.obj
 0002:00001674       ??_C@_0BB@HBDEELFH@LocaleNameToLCID?$AA@ 1000d674     libucrt:winapi_thunks.obj
 0002:00001698       ??_C@_1M@HPNHIDJI@?$AAj?$AAa?$AA?9?$AAJ?$AAP?$AA?$AA@ 1000d698     libucrt:mbctype.obj
 0002:000016a4       ??_C@_1M@BIBDDEMK@?$AAz?$AAh?$AA?9?$AAC?$AAN?$AA?$AA@ 1000d6a4     libucrt:mbctype.obj
 0002:000016b0       ??_C@_1M@JLOOOEGK@?$AAk?$AAo?$AA?9?$AAK?$AAR?$AA?$AA@ 1000d6b0     libucrt:mbctype.obj
 0002:000016bc       ??_C@_1M@CLNBBOPM@?$AAz?$AAh?$AA?9?$AAT?$AAW?$AA?$AA@ 1000d6bc     libucrt:mbctype.obj
 0002:000016c8       ___newctype                1000d6c8     libucrt:ctype.obj
 0002:000019c8       ___newclmap                1000d9c8     libucrt:ctype.obj
 0002:00001b48       ___newcumap                1000db48     libucrt:ctype.obj
 0002:00001cc8       ??_C@_15PJPFLCCM@?$AAu?$AAk?$AA?$AA@ 1000dcc8     libucrt:get_qualified_locale.obj
 0002:000023f0       ??_C@_15EMKDOKLE@?$AAa?$AAr?$AA?$AA@ 1000e3f0     libucrt:lcidtoname_downlevel.obj
 0002:000023f8       ??_C@_15KNPADPLH@?$AAb?$AAg?$AA?$AA@ 1000e3f8     libucrt:lcidtoname_downlevel.obj
 0002:00002400       ??_C@_15EDMHLDMO@?$AAc?$AAa?$AA?$AA@ 1000e400     libucrt:lcidtoname_downlevel.obj
 0002:00002408       ??_C@_1O@BPEAJADD@?$AAz?$AAh?$AA?9?$AAC?$AAH?$AAS?$AA?$AA@ 1000e408     libucrt:lcidtoname_downlevel.obj
 0002:00002418       ??_C@_15LJNHCMNK@?$AAc?$AAs?$AA?$AA@ 1000e418     libucrt:lcidtoname_downlevel.obj
 0002:00002420       ??_C@_15FOMCIDHG@?$AAd?$AAa?$AA?$AA@ 1000e420     libucrt:lcidtoname_downlevel.obj
 0002:00002428       ??_C@_15NBKABECB@?$AAd?$AAe?$AA?$AA@ 1000e428     libucrt:lcidtoname_downlevel.obj
 0002:00002430       ??_C@_15GHPEIIAO@?$AAe?$AAl?$AA?$AA@ 1000e430     libucrt:lcidtoname_downlevel.obj
 0002:00002438       ??_C@_15MNPNEAIF@?$AAe?$AAn?$AA?$AA@ 1000e438     libucrt:lcidtoname_downlevel.obj
 0002:00002440       ??_C@_15GPIOMPMH@?$AAe?$AAs?$AA?$AA@ 1000e440     libucrt:lcidtoname_downlevel.obj
 0002:00002448       ??_C@_15NGLOAKJC@?$AAf?$AAi?$AA?$AA@ 1000e448     libucrt:lcidtoname_downlevel.obj
 0002:00002450       ??_C@_15FBKGNKAM@?$AAf?$AAr?$AA?$AA@ 1000e450     libucrt:lcidtoname_downlevel.obj
 0002:00002458       ??_C@_15KGGCNEFK@?$AAh?$AAe?$AA?$AA@ 1000e458     libucrt:lcidtoname_downlevel.obj
 0002:00002460       ??_C@_15PGHLIDMF@?$AAh?$AAu?$AA?$AA@ 1000e460     libucrt:lcidtoname_downlevel.obj
 0002:00002468       ??_C@_15BIEMAPLM@?$AAi?$AAs?$AA?$AA@ 1000e468     libucrt:lcidtoname_downlevel.obj
 0002:00002470       ??_C@_15IFJLDHAF@?$AAi?$AAt?$AA?$AA@ 1000e470     libucrt:lcidtoname_downlevel.obj
 0002:00002478       ??_C@_15GEMIOCAG@?$AAj?$AAa?$AA?$AA@ 1000e478     libucrt:lcidtoname_downlevel.obj
 0002:00002480       ??_C@_15EPELEGJA@?$AAk?$AAo?$AA?$AA@ 1000e480     libucrt:lcidtoname_downlevel.obj
 0002:00002488       ??_C@_15NDDHIMN@?$AAn?$AAl?$AA?$AA@ 1000e488     libucrt:lcidtoname_downlevel.obj
 0002:00002490       ??_C@_15BPIGNHCD@?$AAn?$AAo?$AA?$AA@ 1000e490     libucrt:lcidtoname_downlevel.obj
 0002:00002498       ??_C@_15DEOPBLCG@?$AAp?$AAl?$AA?$AA@ 1000e498     libucrt:lcidtoname_downlevel.obj
 0002:000024a0       ??_C@_15KBECGEFG@?$AAp?$AAt?$AA?$AA@ 1000e4a0     libucrt:lcidtoname_downlevel.obj
 0002:000024a8       ??_C@_15GLJCBFMD@?$AAr?$AAo?$AA?$AA@ 1000e4a8     libucrt:lcidtoname_downlevel.obj
 0002:000024b0       ??_C@_15FEDGKCDI@?$AAr?$AAu?$AA?$AA@ 1000e4b0     libucrt:lcidtoname_downlevel.obj
 0002:000024b8       ??_C@_15GLKMLLHM@?$AAh?$AAr?$AA?$AA@ 1000e4b8     libucrt:lcidtoname_downlevel.obj
 0002:000024c0       ??_C@_15CPKMFBDB@?$AAs?$AAk?$AA?$AA@ 1000e4c0     libucrt:lcidtoname_downlevel.obj
 0002:000024c8       ??_C@_15BAAIOGMK@?$AAs?$AAq?$AA?$AA@ 1000e4c8     libucrt:lcidtoname_downlevel.obj
 0002:000024d0       ??_C@_15INNPNOHD@?$AAs?$AAv?$AA?$AA@ 1000e4d0     libucrt:lcidtoname_downlevel.obj
 0002:000024d8       ??_C@_15CABMMOGH@?$AAt?$AAh?$AA?$AA@ 1000e4d8     libucrt:lcidtoname_downlevel.obj
 0002:000024e0       ??_C@_15BPLIHJJM@?$AAt?$AAr?$AA?$AA@ 1000e4e0     libucrt:lcidtoname_downlevel.obj
 0002:000024e8       ??_C@_15NEOEKKDJ@?$AAu?$AAr?$AA?$AA@ 1000e4e8     libucrt:lcidtoname_downlevel.obj
 0002:000024f0       ??_C@_15NFICGAJK@?$AAi?$AAd?$AA?$AA@ 1000e4f0     libucrt:lcidtoname_downlevel.obj
 0002:000024f8       ??_C@_15HPJPHDM@?$AAb?$AAe?$AA?$AA@ 1000e4f8     libucrt:lcidtoname_downlevel.obj
 0002:00002500       ??_C@_15LCHLGJII@?$AAs?$AAl?$AA?$AA@ 1000e500     libucrt:lcidtoname_downlevel.obj
 0002:00002508       ??_C@_15PCFJPHHO@?$AAe?$AAt?$AA?$AA@ 1000e508     libucrt:lcidtoname_downlevel.obj
 0002:00002510       ??_C@_15HPFPGODN@?$AAl?$AAv?$AA?$AA@ 1000e510     libucrt:lcidtoname_downlevel.obj
 0002:00002518       ??_C@_15NFFGKGLG@?$AAl?$AAt?$AA?$AA@ 1000e518     libucrt:lcidtoname_downlevel.obj
 0002:00002520       ??_C@_15BDAKCCHN@?$AAf?$AAa?$AA?$AA@ 1000e520     libucrt:lcidtoname_downlevel.obj
 0002:00002528       ??_C@_15NFGIAIAJ@?$AAv?$AAi?$AA?$AA@ 1000e528     libucrt:lcidtoname_downlevel.obj
 0002:00002530       ??_C@_15LMKNDMHN@?$AAh?$AAy?$AA?$AA@ 1000e530     libucrt:lcidtoname_downlevel.obj
 0002:00002538       ??_C@_15IJBHMCFL@?$AAa?$AAz?$AA?$AA@ 1000e538     libucrt:lcidtoname_downlevel.obj
 0002:00002540       ??_C@_15EKOFJABL@?$AAe?$AAu?$AA?$AA@ 1000e540     libucrt:lcidtoname_downlevel.obj
 0002:00002548       ??_C@_15BGHADCNK@?$AAm?$AAk?$AA?$AA@ 1000e548     libucrt:lcidtoname_downlevel.obj
 0002:00002550       ??_C@_15JDNICKHM@?$AAa?$AAf?$AA?$AA@ 1000e550     libucrt:lcidtoname_downlevel.obj
 0002:00002558       ??_C@_15KPJEDBKD@?$AAk?$AAa?$AA?$AA@ 1000e558     libucrt:lcidtoname_downlevel.obj
 0002:00002560       ??_C@_15PDNFFFEO@?$AAf?$AAo?$AA?$AA@ 1000e560     libucrt:lcidtoname_downlevel.obj
 0002:00002568       ??_C@_15OMLEGLOC@?$AAh?$AAi?$AA?$AA@ 1000e568     libucrt:lcidtoname_downlevel.obj
 0002:00002570       ??_C@_15IDNNENKK@?$AAm?$AAs?$AA?$AA@ 1000e570     libucrt:lcidtoname_downlevel.obj
 0002:00002578       ??_C@_15MACJNBMH@?$AAk?$AAk?$AA?$AA@ 1000e578     libucrt:lcidtoname_downlevel.obj
 0002:00002580       ??_C@_15DKDJEOND@?$AAk?$AAy?$AA?$AA@ 1000e580     libucrt:lcidtoname_downlevel.obj
 0002:00002588       ??_C@_15DFGDLJBG@?$AAs?$AAw?$AA?$AA@ 1000e588     libucrt:lcidtoname_downlevel.obj
 0002:00002590       ??_C@_15BBFAICNG@?$AAu?$AAz?$AA?$AA@ 1000e590     libucrt:lcidtoname_downlevel.obj
 0002:00002598       ??_C@_15DKNDCGEA@?$AAt?$AAt?$AA?$AA@ 1000e598     libucrt:lcidtoname_downlevel.obj
 0002:000025a0       ??_C@_15MGIFMDPL@?$AAp?$AAa?$AA?$AA@ 1000e5a0     libucrt:lcidtoname_downlevel.obj
 0002:000025a8       ??_C@_15HCNDBBA@?$AAg?$AAu?$AA?$AA@ 1000e5a8     libucrt:lcidtoname_downlevel.obj
 0002:000025b0       ??_C@_15FNBEIBON@?$AAt?$AAa?$AA?$AA@ 1000e5b0     libucrt:lcidtoname_downlevel.obj
 0002:000025b8       ??_C@_15NCHGBGLK@?$AAt?$AAe?$AA?$AA@ 1000e5b8     libucrt:lcidtoname_downlevel.obj
 0002:000025c0       ??_C@_15PHPHCBPF@?$AAk?$AAn?$AA?$AA@ 1000e5c0     libucrt:lcidtoname_downlevel.obj
 0002:000025c8       ??_C@_15DLGBCKMP@?$AAm?$AAr?$AA?$AA@ 1000e5c8     libucrt:lcidtoname_downlevel.obj
 0002:000025d0       ??_C@_15EABBLBFF@?$AAs?$AAa?$AA?$AA@ 1000e5d0     libucrt:lcidtoname_downlevel.obj
 0002:000025d8       ??_C@_15CBKOMCOI@?$AAm?$AAn?$AA?$AA@ 1000e5d8     libucrt:lcidtoname_downlevel.obj
 0002:000025e0       ??_C@_15CKDMCJAF@?$AAg?$AAl?$AA?$AA@ 1000e5e0     libucrt:lcidtoname_downlevel.obj
 0002:000025e8       ??_C@_17CNJFBPG@?$AAk?$AAo?$AAk?$AA?$AA@ 1000e5e8     libucrt:lcidtoname_downlevel.obj
 0002:000025f0       ??_C@_17FFBJICPL@?$AAs?$AAy?$AAr?$AA?$AA@ 1000e5f0     libucrt:lcidtoname_downlevel.obj
 0002:000025f8       ??_C@_17KPNDCPAF@?$AAd?$AAi?$AAv?$AA?$AA@ 1000e5f8     libucrt:lcidtoname_downlevel.obj
 0002:00002600       ??_C@_11LOCGONAA@?$AA?$AA@ 1000e600     libucrt:lcidtoname_downlevel.obj
 0002:00002604       ??_C@_1M@OKAHONE@?$AAa?$AAr?$AA?9?$AAS?$AAA?$AA?$AA@ 1000e604     libucrt:lcidtoname_downlevel.obj
 0002:00002610       ??_C@_1M@FFFIGIGK@?$AAb?$AAg?$AA?9?$AAB?$AAG?$AA?$AA@ 1000e610     libucrt:lcidtoname_downlevel.obj
 0002:0000261c       ??_C@_1M@BJNKEDC@?$AAc?$AAa?$AA?9?$AAE?$AAS?$AA?$AA@ 1000e61c     libucrt:lcidtoname_downlevel.obj
 0002:00002628       ??_C@_1M@IJJHFJHA@?$AAc?$AAs?$AA?9?$AAC?$AAZ?$AA?$AA@ 1000e628     libucrt:lcidtoname_downlevel.obj
 0002:00002634       ??_C@_1M@CLPEOBGI@?$AAd?$AAa?$AA?9?$AAD?$AAK?$AA?$AA@ 1000e634     libucrt:lcidtoname_downlevel.obj
 0002:00002640       ??_C@_1M@MCMADGCB@?$AAd?$AAe?$AA?9?$AAD?$AAE?$AA?$AA@ 1000e640     libucrt:lcidtoname_downlevel.obj
 0002:0000264c       ??_C@_1M@OOCKEMAM@?$AAe?$AAl?$AA?9?$AAG?$AAR?$AA?$AA@ 1000e64c     libucrt:lcidtoname_downlevel.obj
 0002:00002658       ??_C@_1M@DDNJFGID@?$AAf?$AAi?$AA?9?$AAF?$AAI?$AA?$AA@ 1000e658     libucrt:lcidtoname_downlevel.obj
 0002:00002664       ??_C@_1M@GLIPPMAC@?$AAf?$AAr?$AA?9?$AAF?$AAR?$AA?$AA@ 1000e664     libucrt:lcidtoname_downlevel.obj
 0002:00002670       ??_C@_1M@GFMCHPE@?$AAh?$AAe?$AA?9?$AAI?$AAL?$AA?$AA@ 1000e670     libucrt:lcidtoname_downlevel.obj
 0002:0000267c       ??_C@_1M@MHLPGNKM@?$AAh?$AAu?$AA?9?$AAH?$AAU?$AA?$AA@ 1000e67c     libucrt:lcidtoname_downlevel.obj
 0002:00002688       ??_C@_1M@LPDDNNPN@?$AAi?$AAs?$AA?9?$AAI?$AAS?$AA?$AA@ 1000e688     libucrt:lcidtoname_downlevel.obj
 0002:00002694       ??_C@_1M@MADIPODN@?$AAi?$AAt?$AA?9?$AAI?$AAT?$AA?$AA@ 1000e694     libucrt:lcidtoname_downlevel.obj
 0002:000026a0       ??_C@_1M@IHBJJGG@?$AAn?$AAl?$AA?9?$AAN?$AAL?$AA?$AA@ 1000e6a0     libucrt:lcidtoname_downlevel.obj
 0002:000026ac       ??_C@_1M@EANAGDL@?$AAn?$AAb?$AA?9?$AAN?$AAO?$AA?$AA@ 1000e6ac     libucrt:lcidtoname_downlevel.obj
 0002:000026b8       ??_C@_1M@NEIEMEGP@?$AAp?$AAl?$AA?9?$AAP?$AAL?$AA?$AA@ 1000e6b8     libucrt:lcidtoname_downlevel.obj
 0002:000026c4       ??_C@_1M@BOCFIGEP@?$AAp?$AAt?$AA?9?$AAB?$AAR?$AA?$AA@ 1000e6c4     libucrt:lcidtoname_downlevel.obj
[...]
 0001:00006a70       ?swap@@YAXPAD0I@Z          10007a70 f   libucrt:qsort.obj
 0001:00006e4a       ??$common_tcsncpy_s@D@@YAHQADIQBDI@Z 10007e4a f   libucrt:strncpy_s.obj
 0001:00006f10       $$000000                   10007f10     libucrt:strpbrk.obj
 0001:00006ff4       ?initialize_multibyte@@YAHXZ 10007ff4 f   libucrt:multibyte_initializer.obj
 0001:000072bb       ??$common_lseek_nolock@_J@@YA_JH_JH@Z 100082bb f   libucrt:lseek.obj
 0001:000073a0       $$000000                   100083a0     libucrt:log10.obj
 0001:000074f0       $$000000                   100084f0     libucrt:ceil_pentium4.obj
 0001:00007660       $$000000                   10008660     libucrt:log10_pentium4.obj
 0001:000078f0       $$000000                   100088f0     libucrt:87tran.obj
 0001:00007af0       $$000000                   10008af0     libucrt:87disp.obj
 0001:00007cf0       $$000000                   10008cf0     libucrt:common.obj
 0001:00007e80       $$000000                   10008e80     libucrt:genexcep.obj
 0001:000081b0       $$000000                   100091b0     libucrt:_strnicm.obj
 0001:00008fa0       $$000000                   10009fa0     LIBCMT:ulldvrm.obj
 0001:00009040       $$000000                   1000a040     LIBCMT:_sehprolg4gs_.obj
 0001:000090a0       $$000000                   1000a0a0     LIBCMT:llmul.obj
 0001:000090e0       $$000000                   1000a0e0     LIBCMT:lldvrm.obj
 0001:000091c0       $$000000                   1000a1c0     LIBCMT:ullshr.obj
 0001:000091e0       $$000000                   1000a1e0     LIBCMT:alloca16.obj
 0001:00009210       $$000000                   1000a210     LIBCMT:chkstk.obj
 0001:00009240       $$000000                   1000a240     LIBCMT:llshl.obj
 0001:00009260       $$000000                   1000a260     LIBCMT:_ftol2_.obj
 0001:00009320       $$000000                   1000a320     libvcruntime:memcpy.obj
 0001:00009584       TrailingUpVec              1000a584     libvcruntime:memcpy.obj
 0001:00009630       TrailingDownVec            1000a630     libvcruntime:memcpy.obj
 0001:000098a0       $$000000                   1000a8a0     libvcruntime:memmove.obj
 0001:00009b04       TrailingUpVec              1000ab04     libvcruntime:memmove.obj
 0001:00009bb0       TrailingDownVec            1000abb0     libvcruntime:memmove.obj
 0001:00009e20       $$000000                   1000ae20     libvcruntime:strrchr.obj
 0001:00009f60       $$000000                   1000af60     libvcruntime:strchr.obj
 0002:00000174       _GS_ExceptionPointers      1000c174     LIBCMT:gs_report.obj
 0002:0000017c       ?module_names@?A0x89697e75@@3QBQB_WB 1000c17c     libvcruntime:winapi_downlevel.obj
 0002:0000022c       ?candidate_modules@?1??try_get_FlsAlloc@@YAP6GKP6GXPAX@Z@ZXZ@4QBW4module_id@?A0x89697e75@@B 1000c22c     libvcruntime:winapi_downlevel.obj
 0002:00000240       ?candidate_modules@?1??try_get_FlsFree@@YAP6GHK@ZXZ@4QBW4module_id@?A0x89697e75@@B 1000c240     libvcruntime:winapi_downlevel.obj
 0002:00000250       ?candidate_modules@?1??try_get_FlsGetValue@@YAP6GPAXK@ZXZ@4QBW4module_id@?A0x89697e75@@B 1000c250     libvcruntime:winapi_downlevel.obj
 0002:00000264       ?candidate_modules@?1??try_get_FlsSetValue@@YAP6GHKPAX@ZXZ@4QBW4module_id@?A0x89697e75@@B 1000c264     libvcruntime:winapi_downlevel.obj
 0002:00000278       ?candidate_modules@?1??try_get_InitializeCriticalSectionEx@@YAP6GHPAU_RTL_CRITICAL_SECTION@@KK@ZXZ@4QBW4module_id@?A0x89697e75@@B 1000c278     libvcruntime:winapi_downlevel.obj
 0002:000002a0       ?tokenTable@@3QBQBDB       1000c2a0     libvcruntime:undname.obj
 0002:000002d8       ?nameTable@@3QBQBDB        1000c2d8     libvcruntime:undname.obj
 0002:0000041c       ?rttiTable@@3QBQBDB        1000c41c     libvcruntime:undname.obj
 0002:00000ac8       ___acrt_initializers       1000cac8     libucrt:initialization.obj
 0002:00000b40       _errtable                  1000cb40     libucrt:errno.obj
 0002:00001170       _module_names              1000d170     libucrt:winapi_thunks.obj
 0002:00001610       ?candidate_modules@?1??try_get_FlsAlloc@@YAP6GKP6GXPAX@Z@ZXZ@4QBW4module_id@?A0x352e5c4b@@B 1000d610     libucrt:winapi_thunks.obj
 0002:00001618       ?candidate_modules@?1??try_get_FlsFree@@YAP6GHK@ZXZ@4QBW4module_id@?A0x352e5c4b@@B 1000d618     libucrt:winapi_thunks.obj
 0002:00001620       ?candidate_modules@?1??try_get_FlsGetValue@@YAP6GPAXK@ZXZ@4QBW4module_id@?A0x352e5c4b@@B 1000d620     libucrt:winapi_thunks.obj
 0002:00001628       ?candidate_modules@?1??try_get_FlsSetValue@@YAP6GHKPAX@ZXZ@4QBW4module_id@?A0x352e5c4b@@B 1000d628     libucrt:winapi_thunks.obj
 0002:00001630       ?candidate_modules@?1??try_get_GetCurrentPackageId@@YAP6GJPAIPAE@ZXZ@4QBW4module_id@?A0x352e5c4b@@B 1000d630     libucrt:winapi_thunks.obj
 0002:0000164c       ?candidate_modules@?1??try_get_InitializeCriticalSectionEx@@YAP6GHPAU_RTL_CRITICAL_SECTION@@KK@ZXZ@4QBW4module_id@?A0x352e5c4b@@B 1000d64c     libucrt:winapi_thunks.obj
 0002:00001654       ?candidate_modules@?1??try_get_LCMapStringEx@@YAP6GHPB_WK0HPA_WHPAU_nlsversioninfo@@PAXJ@ZXZ@4QBW4module_id@?A0x352e5c4b@@B 1000d654     libucrt:winapi_thunks.obj
 0002:0000166c       ?candidate_modules@?1??try_get_LocaleNameToLCID@@YAP6GKPB_WK@ZXZ@4QBW4module_id@?A0x352e5c4b@@B 1000d66c     libucrt:winapi_thunks.obj
 0002:00001688       __mb_locale_names          1000d688     libucrt:mbctype.obj
 0002:00001cd0       _LcidToLocaleNameTable     1000dcd0     libucrt:lcidtoname_downlevel.obj
 0002:00002df0       _LocaleNameToIndexTable    1000edf0     libucrt:lcidtoname_downlevel.obj
 0002:00003d40       LOG_name                   1000fd40     libucrt:log10.obj
 0002:00003d50       _One                       1000fd50     libucrt:ceil_pentium4.obj
 0002:00003d60       _Bns                       1000fd60     libucrt:ceil_pentium4.obj
 0002:00003d70       _Zero                      1000fd70     libucrt:ceil_pentium4.obj
 0002:00003d80       _S                         1000fd80     libucrt:ceil_pentium4.obj
 0002:00003d90       _NegZero                   1000fd90     libucrt:ceil_pentium4.obj
 0002:00003db0       emask                      1000fdb0     libucrt:log10_pentium4.obj
 0002:00003dc0       CC                         1000fdc0     libucrt:log10_pentium4.obj
 0002:00003dd0       Magic                      1000fdd0     libucrt:log10_pentium4.obj
 0002:00003de0       hi_mask                    1000fde0     libucrt:log10_pentium4.obj
 0002:00003df0       LOG10_2                    1000fdf0     libucrt:log10_pentium4.obj
 0002:00003e00       place_L                    1000fe00     libucrt:log10_pentium4.obj
 0002:00003e20       One                        1000fe20     libucrt:log10_pentium4.obj
 0002:00003e30       Zero                       1000fe30     libucrt:log10_pentium4.obj
 0002:00003e40       Two52                      1000fe40     libucrt:log10_pentium4.obj
 0002:00003e50       Infs                       1000fe50     libucrt:log10_pentium4.obj
 0002:00003e60       NaN                        1000fe60     libucrt:log10_pentium4.obj
 0002:00003e70       coeff                      1000fe70     libucrt:log10_pentium4.obj
 0002:00003ece       _log2max                   1000fece     libucrt:87tran.obj
 0002:00003ed8       _smallarg                  1000fed8     libucrt:87tran.obj
 0002:00003ee2       _half                      1000fee2     libucrt:87tran.obj
 0002:00003f2e       One                        1000ff2e     libucrt:87disp.obj
 0002:00003f36       Three                      1000ff36     libucrt:87disp.obj
 0002:00003f3e       XAMtoTagTab                1000ff3e     libucrt:87disp.obj
 0002:00003f50       One                        1000ff50     libucrt:common.obj
 0002:00003f64       DblMax                     1000ff64     libucrt:common.obj
 0002:00003f6c       DblMin                     1000ff6c     libucrt:common.obj
 0002:00003f74       IeeeAdjO                   1000ff74     libucrt:common.obj
 0002:00003f7c       IeeeAdjU                   1000ff7c     libucrt:common.obj
 0002:00003f84       _infinity                  1000ff84     libucrt:common.obj
 0002:00003f8c       _zero                      1000ff8c     libucrt:common.obj
 0002:00003fc8       _over                      1000ffc8     libucrt:fpctrl.obj
 0002:00003fd4       _under                     1000ffd4     libucrt:fpctrl.obj
 0002:00004898       ?_names@?1??_get_fname@@9@9 10010898     libucrt:fpexcept.obj
 0002:00004db8       __sehtable$?dllmain_crt_process_attach@@YAHQAUHINSTANCE__@@QAX@Z 10010db8     LIBCMT:dll_dllmain.obj
 0002:00004dd8       __sehtable$?dllmain_crt_process_detach@@YAH_N@Z 10010dd8     LIBCMT:dll_dllmain.obj
 0002:00004df8       __sehtable$?dllmain_dispatch@@YAHQAUHINSTANCE__@@KQAX@Z 10010df8     LIBCMT:dll_dllmain.obj
 0002:00004e18       __sehtable$___scrt_is_nonwritable_in_current_image 10010e18     LIBCMT:utility.obj
 0002:00004e38       __sehtable$?common_exit@@YAXHW4_crt_exit_cleanup_mode@@W4_crt_exit_return_mode@@@Z 10010e38     libucrt:exit.obj
 0002:00004e60       __sehtable$??$?RV<lambda_800076c951b434888f4765a74a194fcc>@@AAV<lambda_4e60a939b0d047cfe11ddc22648dfba9>@@V<lambda_6dbb1268764f43b569ce7b67e331d33a>@@@?$__crt_seh_guarded_call@H@@QAEH$$QAV<lambda_800076c951b434888f4765a74a194fcc>@@AAV<lambda_4e60a939b0d047cfe11ddc22648dfba9>@@$$QAV<lambda_6dbb1268764f43b569ce7b67e331d33a>@@@Z 10010e60     libucrt:onexit.obj
 0002:00004e80       __sehtable$??$?RV<lambda_995298e7d72eb4c2aab26c0585b3abe5>@@AAV<lambda_275893d493268fdec8709772e3fcec0e>@@V<lambda_293819299cbf9a7022e18b56a874bb5c>@@@?$__crt_seh_guarded_call@H@@QAEH$$QAV<lambda_995298e7d72eb4c2aab26c0585b3abe5>@@AAV<lambda_275893d493268fdec8709772e3fcec0e>@@$$QAV<lambda_293819299cbf9a7022e18b56a874bb5c>@@@Z 10010e80     libucrt:onexit.obj
 0002:00004ea0       __sehtable$_terminate      10010ea0     libucrt:terminate.obj
 0002:00004ec0       __sehtable$??$?RV<lambda_9df27f884b057bc3edfc946cb5b7cf47>@@AAV<lambda_e69574bed617af4e071282c136b37893>@@V<lambda_cc0d902bcbbeb830f749456577db4721>@@@?$__crt_seh_guarded_call@X@@QAEX$$QAV<lambda_9df27f884b057bc3edfc946cb5b7cf47>@@AAV<lambda_e69574bed617af4e071282c136b37893>@@$$QAV<lambda_cc0d902bcbbeb830f749456577db4721>@@@Z 10010ec0     libucrt:per_thread_data.obj
 0002:00004ee0       __sehtable$??$?RV<lambda_3518db117f0e7cdb002338c5d3c47b6c>@@AAV<lambda_b2ea41f6bbb362cd97d94c6828d90b61>@@V<lambda_abdedf541bb04549bc734292b4a045d4>@@@?$__crt_seh_guarded_call@X@@QAEX$$QAV<lambda_3518db117f0e7cdb002338c5d3c47b6c>@@AAV<lambda_b2ea41f6bbb362cd97d94c6828d90b61>@@$$QAV<lambda_abdedf541bb04549bc734292b4a045d4>@@@Z 10010ee0     libucrt:per_thread_data.obj
 0002:00004f00       __sehtable$??$?RV<lambda_51b6e8b1eb166f2a3faf91f424b38130>@@AAV<lambda_6250bd4b2a391816dd638c3bf72b0bcb>@@V<lambda_0b5a4a3e68152e1d9b943535f5f47bed>@@@?$__crt_seh_guarded_call@X@@QAEX$$QAV<lambda_51b6e8b1eb166f2a3faf91f424b38130>@@AAV<lambda_6250bd4b2a391816dd638c3bf72b0bcb>@@$$QAV<lambda_0b5a4a3e68152e1d9b943535f5f47bed>@@@Z 10010f00     libucrt:per_thread_data.obj
 0002:00004f20       __sehtable$??$?RV<lambda_5b71d36f03204c0beab531769a5b5694>@@AAV<lambda_be2b3da3f62db62e9dad5dc70221a656>@@V<lambda_8f9ce462984622f9bf76b59e2aaaf805>@@@?$__crt_seh_guarded_call@X@@QAEX$$QAV<lambda_5b71d36f03204c0beab531769a5b5694>@@AAV<lambda_be2b3da3f62db62e9dad5dc70221a656>@@$$QAV<lambda_8f9ce462984622f9bf76b59e2aaaf805>@@@Z 10010f20     libucrt:per_thread_data.obj
 0002:00004f40       __sehtable$___acrt_uninitialize_locale 10010f40     libucrt:wsetlocale.obj
 0002:00004f60       __sehtable$__fcloseall     10010f60     libucrt:closeall.obj
 0002:00004f80       __sehtable$_common_flush_all 10010f80     libucrt:fflush.obj
 0002:00004fa8       __sehtable$___acrt_initialize_lowio 10010fa8     libucrt:ioinit.obj
 0002:00004fc8       __sehtable$___acrt_update_thread_multibyte_data 10010fc8     libucrt:mbctype.obj
 0002:00004fe8       __sehtable$??$?RV<lambda_978dc153c237d78434369da87b74ff60>@@AAV<lambda_ad1ced32f4ac17aa236e5ef05d6b3b7c>@@V<lambda_4a8533e2866a575feecb8298ce776b0d>@@@?$__crt_seh_guarded_call@X@@QAEX$$QAV<lambda_978dc153c237d78434369da87b74ff60>@@AAV<lambda_ad1ced32f4ac17aa236e5ef05d6b3b7c>@@$$QAV<lambda_4a8533e2866a575feecb8298ce776b0d>@@@Z 10010fe8     libucrt:mbctype.obj
 0002:00005008       __sehtable$__query_new_handler 10011008     libucrt:new_handler.obj
 0002:00005028       __sehtable$_raise          10011028     libucrt:signal.obj
 0002:00005048       __sehtable$??$?RV<lambda_a048d3beccc847880fc8490e18b82769>@@AAV<lambda_ec61778202f4f5fc7e7711acc23c3bca>@@V<lambda_f7496a158712204296dd6628a163878e>@@@?$__crt_seh_guarded_call@P6AXH@Z@@QAEP6AXH@Z$$QAV<lambda_a048d3beccc847880fc8490e18b82769>@@AAV<lambda_ec61778202f4f5fc7e7711acc23c3bca>@@$$QAV<lambda_f7496a158712204296dd6628a163878e>@@@Z 10011048     libucrt:signal.obj
 0002:00005068       __sehtable$___acrt_update_thread_locale_data 10011068     libucrt:locale_refcounting.obj
 0002:00005088       __sehtable$_fclose         10011088     libucrt:fclose.obj
 0002:000050a8       __sehtable$??$?RV<lambda_61cee617f5178ae960314fd4d05640a0>@@AAV<lambda_6978c1fb23f02e42e1d9e99668cc68aa>@@V<lambda_9cd88cf8ad10232537feb2133f08c833>@@@?$__crt_seh_guarded_call@H@@QAEH$$QAV<lambda_61cee617f5178ae960314fd4d05640a0>@@AAV<lambda_6978c1fb23f02e42e1d9e99668cc68aa>@@$$QAV<lambda_9cd88cf8ad10232537feb2133f08c833>@@@Z 100110a8     libucrt:commit.obj
 0002:000050c8       __sehtable$__write         100110c8     libucrt:write.obj
 0002:000050e8       __sehtable$___acrt_lowio_ensure_fh_exists 100110e8     libucrt:osfinfo.obj
 0002:00005108       __sehtable$??$?RV<lambda_123407a5e2ac06da108355a851863b7a>@@AAV<lambda_2fe9b910cf3cbf4a0ab98a02ba45b3ec>@@V<lambda_ae55bdf541ad94d75914d381c370e64d>@@@?$__crt_seh_guarded_call@H@@QAEH$$QAV<lambda_123407a5e2ac06da108355a851863b7a>@@AAV<lambda_2fe9b910cf3cbf4a0ab98a02ba45b3ec>@@$$QAV<lambda_ae55bdf541ad94d75914d381c370e64d>@@@Z 10011108     libucrt:close.obj
 0002:00005128       __sehtable$__IsNonwritableInCurrentImage 10011128     LIBCMT:pesect.obj
 0002:00005150       .edata                     10011150     addon.exp
 0002:00005178       rgpv                       10011178     addon.exp
 0002:0000517c       rgszName                   1001117c     addon.exp
 0002:00005180       rgwOrd                     10011180     addon.exp
 0002:00005182       szName                     10011182     addon.exp
 0002:0000518d       $N00001                    1001118d     addon.exp
 0002:00005308       .idata$6                   10011308     kernel32:KERNEL32.dll
 0002:00005574       .idata$6                   10011574     iojs:node.dll
 0003:00000020       ?__vcrt_flsindex@@3KA      10012020     libvcruntime:per_thread_data.obj
 0003:000000ec       _errno_no_memory           100120ec     libucrt:errno.obj
 0003:000000f0       _doserrno_no_memory        100120f0     libucrt:errno.obj
 0003:000000f4       ___acrt_flsindex           100120f4     libucrt:per_thread_data.obj
 0003:000001bc       ___rgctypeflag             100121bc     libucrt:mbctype.obj
 0003:000001c0       ___rgcode_page_info        100121c0     libucrt:mbctype.obj
 0003:00000760       __module                   10012760     hello.obj
 0003:00000788       ?__proc_attached@@3HA      10012788     LIBCMT:dll_dllmain.obj
 0003:00000790       _GS_ExceptionRecord        10012790     LIBCMT:gs_report.obj
 0003:000007e0       _GS_ContextRecord          100127e0     LIBCMT:gs_report.obj
 0003:00000ab4       ?module_local_atexit_table@@3U_onexit_table_t@@A 10012ab4     LIBCMT:utility.obj
 0003:00000ac0       ?module_local_at_quick_exit_table@@3U_onexit_table_t@@A 10012ac0     LIBCMT:utility.obj
 0003:00000acc       ?is_initialized_as_dll@@3_NA 10012acc     LIBCMT:utility.obj
 0003:00000aec       ?__vcrt_startup_thread_ptd@@3U__vcrt_ptd@@A 10012aec     libvcruntime:per_thread_data.obj
 0003:00000b14       ___vcrt_lock_table         10012b14     libvcruntime:locks.obj
 0003:00000b2c       ___vcrt_locks_initialized  10012b2c     libvcruntime:locks.obj
 0003:00000b30       ?module_handles@@3PAPAUHINSTANCE__@@A 10012b30     libvcruntime:winapi_downlevel.obj
 0003:00000b40       ?encoded_function_pointers@@3PAPAXA 10012b40     libvcruntime:winapi_downlevel.obj
 0003:00000b90       ?heap@@3V_HeapManager@@A   10012b90     libvcruntime:undname.obj
 0003:00000bac       _c_termination_complete    10012bac     libucrt:exit.obj
 0003:00000bb0       _thread_local_exit_callback_func 10012bb0     libucrt:exit.obj
 0003:00000bb4       ?c_exit_complete@?5??common_exit@@YAXHW4_crt_exit_cleanup_mode@@W4_crt_exit_return_mode@@@Z@4_NA 10012bb4     libucrt:exit.obj
 0003:00000bb8       ?program_name@?5???$common_configure_argv@D@@YAHW4_crt_argv_mode@@@Z@4PADA 10012bb8     libucrt:argv_parsing.obj
 0003:00000ce8       ___acrt_invalid_parameter_handler 10012ce8     libucrt:invalid_parameter.obj
 0003:00000cf8       _module_handles            10012cf8     libucrt:winapi_thunks.obj
 0003:00000d48       _encoded_function_pointers 10012d48     libucrt:winapi_thunks.obj
 0003:00000dc8       ?state_cache@?1??__acrt_is_packaged_app@@9@4JA 10012dc8     libucrt:winapi_thunks.obj
 0003:00000fe0       ___acrt_lock_table         10012fe0     libucrt:locks.obj
 0003:00001118       ___acrt_locks_initialized  10013118     libucrt:locks.obj
 0003:00001134       _fSystemSet                10013134     libucrt:mbctype.obj
 0003:00001138       ?initialized@?1??__acrt_initialize_multibyte@@9@4_NA 10013138     libucrt:mbctype.obj
 0003:00001158       ___acrt_new_handler        10013158     libucrt:new_handler.obj
 0003:0000115c       _ctrlc_action              1001315c     libucrt:signal.obj
 0003:00001160       _ctrlbreak_action          10013160     libucrt:signal.obj
 0003:00001164       _abort_action              10013164     libucrt:signal.obj
 0003:00001168       _term_action               10013168     libucrt:signal.obj
 0003:0000116c       _user_matherr              1001316c     libucrt:matherr.obj
 0003:00001170       ___acrt_global_new_mode    10013170     libucrt:new_mode.obj
 0003:0000117c       ___acrt_app_type           1001317c     libucrt:report_runtime_error.obj
 0003:00001184       __pmatherr_set             10013184     libucrt:libm_error.obj
 0004:00000000       __guard_fids____dcrt_uninitialize_environments_nolock 10014000     libucrt:environment_initialization.obj
 0004:00000008       __guard_fids__             10014008     libucrt:initialization.obj
 0004:00000068       __guard_fids____acrt_initialize_ptd 10014068     libucrt:per_thread_data.obj
 0004:0000006c       __guard_fids__             1001406c     libucrt:stdio_initializer.obj
 0004:00000070       __guard_fids__             10014070     libucrt:stdio_initializer.obj
 0004:00000074       __guard_fids_??$expand_argument_wildcards@D@@YAHQAD0AAV?$argument_list@D@?A0xb0e4b824@@@Z 10014074     libucrt:argv_wildcards.obj
 0004:00000078       __guard_fids__             10014078     libucrt:locale_initializer.obj
 0004:0000007c       __guard_fids__             1001407c     libucrt:multibyte_initializer.obj
 0004:00000080       __guard_fids____libm_error_support 10014080     libucrt:libm_error.obj
 0004:00000084       __guard_fids__             10014084     libucrt:console_output_initializer.obj
 0004:00000088       __guard_fids__             10014088     libucrt:sse2_initializer.obj
 0004:0000008c       __guard_fids_?dllmain_crt_process_attach@@YAHQAUHINSTANCE__@@QAX@Z 1001408c     LIBCMT:dll_dllmain.obj
 0004:00000094       __guard_fids_?dllmain_dispatch@@YAHQAUHINSTANCE__@@KQAX@Z 10014094     LIBCMT:dll_dllmain.obj
 0004:00000098       __guard_fids__             10014098     LIBCMT:guard_support.obj
 0004:0000009c       __guard_fids____vcrt_initialize_ptd 1001409c     libvcruntime:per_thread_data.obj
 0005:00000060       $R000000                   10015060     * linker generated manifest res *

 Exports

  ordinal    name

        1    __register_addon_
               exported name: _register_addon_
